Component: ARM Compiler 5.06 update 6 (build 750) Tool: armlink [4d35ed]

==============================================================================

Section Cross References

    startup_n32wb03x.o(RESET) refers to startup_n32wb03x.o(STACK) for __initial_sp
    startup_n32wb03x.o(RESET) refers to startup_n32wb03x.o(.text) for Reset_Handler
    startup_n32wb03x.o(RESET) refers to bsp.o(i.SysTick_Handler) for SysTick_Handler
    startup_n32wb03x.o(RESET) refers to bsp_usart.o(i.DMA_Channel1_2_3_4_IRQHandler) for DMA_Channel1_2_3_4_IRQHandler
    startup_n32wb03x.o(RESET) refers to bsp_usart.o(i.USART1_IRQHandler) for USART1_IRQHandler
    startup_n32wb03x.o(.text) refers to system_n32wb03x.o(i.SystemInit) for SystemInit
    startup_n32wb03x.o(.text) refers to entry.o(.ARM.Collect$$$$00000000) for __main
    system_n32wb03x.o(i.SystemCoreClockUpdate) refers to system_n32wb03x.o(.data) for .data
    system_n32wb03x.o(i.SystemGetMacAddr) refers to system_n32wb03x.o(i.SystemTrimValueRead) for SystemTrimValueRead
    system_n32wb03x.o(i.SystemGetMacAddr) refers to system_n32wb03x.o(.bss) for .bss
    system_n32wb03x.o(i.SystemGetUUID) refers to system_n32wb03x.o(i.SystemTrimValueRead) for SystemTrimValueRead
    system_n32wb03x.o(i.SystemGetUUID) refers to system_n32wb03x.o(.bss) for .bss
    system_n32wb03x.o(i.SystemInit) refers to system_n32wb03x.o(i.SystemTrimValueRead) for SystemTrimValueRead
    system_n32wb03x.o(i.SystemInit) refers to system_n32wb03x.o(.emb_text) for system_delay_cycles
    system_n32wb03x.o(i.SystemInit) refers to system_n32wb03x.o(.bss) for .bss
    system_n32wb03x.o(i.SystemTrimValueGet) refers to system_n32wb03x.o(i.SystemTrimValueRead) for SystemTrimValueRead
    system_n32wb03x.o(i.SystemTrimValueGet) refers to system_n32wb03x.o(.bss) for .bss
    system_n32wb03x.o(i.SystemTrimValueRead) refers to memcpya.o(.text) for __aeabi_memcpy
    system_n32wb03x.o(i.SystemTrimValueRead) refers to system_n32wb03x.o(.constdata) for .constdata
    system_n32wb03x.o(i.system_delay_n_10us) refers to system_n32wb03x.o(.emb_text) for system_delay_cycles
    n32wb03x_adc.o(i.ADC16Bit_ConverValueToVoltage) refers to system_n32wb03x.o(i.SystemTrimValueGet) for SystemTrimValueGet
    n32wb03x_adc.o(i.ADC16Bit_ConverValueToVoltage) refers to idiv.o(.text) for __aeabi_idivmod
    n32wb03x_adc.o(i.ADC_ConverValueToTemperature) refers to system_n32wb03x.o(i.SystemTrimValueGet) for SystemTrimValueGet
    n32wb03x_adc.o(i.ADC_ConverValueToTemperature) refers to ffltui.o(.text) for __aeabi_ui2f
    n32wb03x_adc.o(i.ADC_ConverValueToTemperature) refers to fadd.o(.text) for __aeabi_frsub
    n32wb03x_adc.o(i.ADC_ConverValueToTemperature) refers to f2d.o(.text) for __aeabi_f2d
    n32wb03x_adc.o(i.ADC_ConverValueToTemperature) refers to ddiv.o(.text) for __aeabi_ddiv
    n32wb03x_adc.o(i.ADC_ConverValueToTemperature) refers to dadd.o(.text) for __aeabi_dadd
    n32wb03x_adc.o(i.ADC_ConverValueToTemperature) refers to d2f.o(.text) for __aeabi_d2f
    n32wb03x_adc.o(i.ADC_ConverValueToVoltage) refers to system_n32wb03x.o(i.SystemTrimValueGet) for SystemTrimValueGet
    n32wb03x_adc.o(i.ADC_ConverValueToVoltage) refers to idiv.o(.text) for __aeabi_idivmod
    n32wb03x_adc.o(i.ADC_DeInit) refers to n32wb03x_rcc.o(i.RCC_EnableAHBPeriphReset) for RCC_EnableAHBPeriphReset
    n32wb03x_adc.o(i.ADC_DeInit) refers to n32wb03x_rcc.o(i.RCC_EnableAHBPeriphClk) for RCC_EnableAHBPeriphClk
    n32wb03x_gpio.o(i.GPIO_AFIOInitDefault) refers to n32wb03x_rcc.o(i.RCC_EnableAPB2PeriphReset) for RCC_EnableAPB2PeriphReset
    n32wb03x_gpio.o(i.GPIO_DeInit) refers to n32wb03x_rcc.o(i.RCC_EnableAPB2PeriphReset) for RCC_EnableAPB2PeriphReset
    n32wb03x_rcc.o(i.RCC_GetClocksFreqValue) refers to n32wb03x_rcc.o(.constdata) for .constdata
    n32wb03x_rcc.o(i.RCC_WaitHseStable) refers to n32wb03x_rcc.o(i.RCC_GetFlagStatus) for RCC_GetFlagStatus
    n32wb03x_rcc.o(i.RCC_WaitHsiStable) refers to n32wb03x_rcc.o(i.RCC_GetFlagStatus) for RCC_GetFlagStatus
    n32wb03x_tim.o(i.TIM_ConfigExtTrigAsClk) refers to n32wb03x_tim.o(i.ConfigTI1) for ConfigTI1
    n32wb03x_tim.o(i.TIM_ConfigExtTrigAsClk) refers to n32wb03x_tim.o(i.ConfigTI2) for ConfigTI2
    n32wb03x_tim.o(i.TIM_ConfigPwmIc) refers to n32wb03x_tim.o(i.ConfigTI2) for ConfigTI2
    n32wb03x_tim.o(i.TIM_ConfigPwmIc) refers to n32wb03x_tim.o(i.ConfigTI1) for ConfigTI1
    n32wb03x_tim.o(i.TIM_DeInit) refers to n32wb03x_rcc.o(i.RCC_EnableAPB2PeriphReset) for RCC_EnableAPB2PeriphReset
    n32wb03x_tim.o(i.TIM_DeInit) refers to n32wb03x_rcc.o(i.RCC_EnableAPB1PeriphReset) for RCC_EnableAPB1PeriphReset
    n32wb03x_tim.o(i.TIM_ICInit) refers to n32wb03x_tim.o(i.ConfigTI1) for ConfigTI1
    n32wb03x_tim.o(i.TIM_ICInit) refers to n32wb03x_tim.o(i.ConfigTI2) for ConfigTI2
    n32wb03x_usart.o(i.USART_DeInit) refers to n32wb03x_rcc.o(i.RCC_EnableAPB2PeriphReset) for RCC_EnableAPB2PeriphReset
[...]
    lld_sync_start_req_handler               0x00028701   Thumb Code     0  symbol_g15.obj ABSOLUTE
    lld_sync_stop                            0x000287e5   Thumb Code     0  symbol_g15.obj ABSOLUTE
    lld_test_end_ind_handler                 0x00028859   Thumb Code     0  symbol_g15.obj ABSOLUTE
    lld_test_init                            0x00028af9   Thumb Code     0  symbol_g15.obj ABSOLUTE
    lld_test_start                           0x00028b25   Thumb Code     0  symbol_g15.obj ABSOLUTE
    lld_test_stop                            0x00028fa1   Thumb Code     0  symbol_g15.obj ABSOLUTE
    lld_white_list_add                       0x00029059   Thumb Code     0  symbol_g15.obj ABSOLUTE
    lld_white_list_rem                       0x000290e1   Thumb Code     0  symbol_g15.obj ABSOLUTE
    llhwc_phy_initialization                 0x00029145   Thumb Code     0  symbol_g15.obj ABSOLUTE
    llhwc_phy_prerx                          0x00029315   Thumb Code     0  symbol_g15.obj ABSOLUTE
    llm_activity_free_get                    0x00029401   Thumb Code     0  symbol_g15.obj ABSOLUTE
    llm_adv_act_id_get                       0x00029459   Thumb Code     0  symbol_g15.obj ABSOLUTE
    llm_adv_hdl_to_id                        0x000294b5   Thumb Code     0  symbol_g15.obj ABSOLUTE
    llm_adv_set_id_get                       0x00029599   Thumb Code     0  symbol_g15.obj ABSOLUTE
    llm_ch_map_update                        0x00029705   Thumb Code     0  symbol_g15.obj ABSOLUTE
    llm_ch_map_update_ind_handler            0x00029845   Thumb Code     0  symbol_g15.obj ABSOLUTE
    llm_clk_acc_set                          0x000298b1   Thumb Code     0  symbol_g15.obj ABSOLUTE
    llm_cmd_cmp_send                         0x000298e1   Thumb Code     0  symbol_g15.obj ABSOLUTE
    llm_cmd_stat_send                        0x000298fd   Thumb Code     0  symbol_g15.obj ABSOLUTE
    llm_dev_list_empty_entry                 0x00029919   Thumb Code     0  symbol_g15.obj ABSOLUTE
    llm_dev_list_search                      0x0002993d   Thumb Code     0  symbol_g15.obj ABSOLUTE
    llm_hci_command_handler                  0x000299e9   Thumb Code     0  symbol_g15.obj ABSOLUTE
    llm_init                                 0x00029a1d   Thumb Code     0  symbol_g15.obj ABSOLUTE
    llm_is_dev_connected                     0x00029b91   Thumb Code     0  symbol_g15.obj ABSOLUTE
    llm_is_dev_synced                        0x00029be5   Thumb Code     0  symbol_g15.obj ABSOLUTE
    llm_le_evt_mask_check                    0x00029cd5   Thumb Code     0  symbol_g15.obj ABSOLUTE
    llm_le_features_get                      0x00029cf9   Thumb Code     0  symbol_g15.obj ABSOLUTE
    llm_link_disc                            0x00029d01   Thumb Code     0  symbol_g15.obj ABSOLUTE
    llm_master_ch_map_get                    0x00029ddd   Thumb Code     0  symbol_g15.obj ABSOLUTE
    llm_per_adv_sync                         0x00029e21   Thumb Code     0  symbol_g15.obj ABSOLUTE
    llm_plan_elt_get                         0x00029efd   Thumb Code     0  symbol_g15.obj ABSOLUTE
    llm_ral_get                              0x00029f4d   Thumb Code     0  symbol_g15.obj ABSOLUTE
    llm_ral_is_empty                         0x00029f55   Thumb Code     0  symbol_g15.obj ABSOLUTE
    llm_ral_search                           0x00029f7d   Thumb Code     0  symbol_g15.obj ABSOLUTE
    llm_rx_path_comp_get                     0x00029fd5   Thumb Code     0  symbol_g15.obj ABSOLUTE
    llm_scan_period_to_handler               0x00029fe1   Thumb Code     0  symbol_g15.obj ABSOLUTE
    llm_scan_sync_info_get                   0x0002a0e5   Thumb Code     0  symbol_g15.obj ABSOLUTE
    llm_tx_path_comp_get                     0x0002a155   Thumb Code     0  symbol_g15.obj ABSOLUTE
    lpuart_init                              0x0002a161   Thumb Code     0  symbol_g15.obj ABSOLUTE
    lpuart_send_array                        0x0002a215   Thumb Code     0  symbol_g15.obj ABSOLUTE
    notEqual256                              0x0002a3a9   Thumb Code     0  symbol_g15.obj ABSOLUTE
    phy_upd_proc_start                       0x0002a731   Thumb Code     0  symbol_g15.obj ABSOLUTE
    platform_reset                           0x0002a785   Thumb Code     0  symbol_g15.obj ABSOLUTE
    pmu_hck_config                           0x0002a7bd   Thumb Code     0  symbol_g15.obj ABSOLUTE
    recv_more_data                           0x0002aa05   Thumb Code     0  symbol_g15.obj ABSOLUTE
    reinit_params                            0x0002aa81   Thumb Code     0  symbol_g15.obj ABSOLUTE
    rf_init                                  0x0002aae1   Thumb Code     0  symbol_g15.obj ABSOLUTE
    rwble_hl_init                            0x0002ac85   Thumb Code     0  symbol_g15.obj ABSOLUTE
    rwble_init                               0x0002aca1   Thumb Code     0  symbol_g15.obj ABSOLUTE
    rwble_int_init                           0x0002acdd   Thumb Code     0  symbol_g15.obj ABSOLUTE
    rwble_isr                                0x0002ae31   Thumb Code     0  symbol_g15.obj ABSOLUTE
    rwip_active_check                        0x0002ae4d   Thumb Code     0  symbol_g15.obj ABSOLUTE
    rwip_aes_encrypt                         0x0002ae61   Thumb Code     0  symbol_g15.obj ABSOLUTE
    rwip_clockn_isr                          0x0002af21   Thumb Code     0  symbol_g15.obj ABSOLUTE
    rwip_crypt_isr                           0x0002afe5   Thumb Code     0  symbol_g15.obj ABSOLUTE
    rwip_driver_init                         0x0002b025   Thumb Code     0  symbol_g15.obj ABSOLUTE
    rwip_eif_get                             0x0002b16d   Thumb Code     0  symbol_g15.obj ABSOLUTE
    rwip_fifo_isr                            0x0002b17d   Thumb Code     0  symbol_g15.obj ABSOLUTE
    rwip_finetgt_isr                         0x0002b195   Thumb Code     0  symbol_g15.obj ABSOLUTE
    rwip_prevent_sleep_clear                 0x0002b2b5   Thumb Code     0  symbol_g15.obj ABSOLUTE
    rwip_prevent_sleep_set                   0x0002b2d1   Thumb Code     0  symbol_g15.obj ABSOLUTE
    rwip_schedule                            0x0002b3a1   Thumb Code     0  symbol_g15.obj ABSOLUTE
    rwip_sw_int_req                          0x0002b61d   Thumb Code     0  symbol_g15.obj ABSOLUTE
    rwip_sw_isr                              0x0002b63d   Thumb Code     0  symbol_g15.obj ABSOLUTE
    rwip_time_get                            0x0002b65d   Thumb Code     0  symbol_g15.obj ABSOLUTE
    rwip_timer_1ms_set                       0x0002b69d   Thumb Code     0  symbol_g15.obj ABSOLUTE
    rwip_timer_hs_set                        0x0002b6f1   Thumb Code     0  symbol_g15.obj ABSOLUTE
    rwip_timer_hus_set                       0x0002b721   Thumb Code     0  symbol_g15.obj ABSOLUTE
    rwip_timestamptgt1_isr                   0x0002b761   Thumb Code     0  symbol_g15.obj ABSOLUTE
    rwip_timestamptgt2_isr                   0x0002b78d   Thumb Code     0  symbol_g15.obj ABSOLUTE
    sch_alarm_init                           0x0002b7d5   Thumb Code     0  symbol_g15.obj ABSOLUTE
    sch_alarm_set                            0x0002b859   Thumb Code     0  symbol_g15.obj ABSOLUTE
    sch_alarm_timer_isr                      0x0002b8f1   Thumb Code     0  symbol_g15.obj ABSOLUTE
    sch_arb_elt_cancel                       0x0002ba25   Thumb Code     0  symbol_g15.obj ABSOLUTE
    sch_arb_event_start_isr                  0x0002bb29   Thumb Code     0  symbol_g15.obj ABSOLUTE
    sch_arb_init                             0x0002bbed   Thumb Code     0  symbol_g15.obj ABSOLUTE
    sch_arb_insert                           0x0002bc19   Thumb Code     0  symbol_g15.obj ABSOLUTE
    sch_arb_remove                           0x0002bec5   Thumb Code     0  symbol_g15.obj ABSOLUTE
    sch_arb_sw_isr                           0x0002bf29   Thumb Code     0  symbol_g15.obj ABSOLUTE
    sch_plan_chk                             0x0002bf5d   Thumb Code     0  symbol_g15.obj ABSOLUTE
    sch_plan_init                            0x0002bf6d   Thumb Code     0  symbol_g15.obj ABSOLUTE
    sch_plan_rem                             0x0002c231   Thumb Code     0  symbol_g15.obj ABSOLUTE
    sch_plan_req                             0x0002c241   Thumb Code     0  symbol_g15.obj ABSOLUTE
    sch_plan_set                             0x0002c30d   Thumb Code     0  symbol_g15.obj ABSOLUTE
    sch_prog_end_isr                         0x0002c381   Thumb Code     0  symbol_g15.obj ABSOLUTE
    sch_prog_fifo_isr                        0x0002c3ed   Thumb Code     0  symbol_g15.obj ABSOLUTE
    sch_prog_init                            0x0002c4d9   Thumb Code     0  symbol_g15.obj ABSOLUTE
    sch_prog_push                            0x0002c519   Thumb Code     0  symbol_g15.obj ABSOLUTE
    sch_prog_skip_isr                        0x0002c651   Thumb Code     0  symbol_g15.obj ABSOLUTE
    sch_slice_bg_add                         0x0002c6c5   Thumb Code     0  symbol_g15.obj ABSOLUTE
    sch_slice_bg_remove                      0x0002c6dd   Thumb Code     0  symbol_g15.obj ABSOLUTE
    sch_slice_compute                        0x0002c6f5   Thumb Code     0  symbol_g15.obj ABSOLUTE
    sch_slice_fg_add                         0x0002c7a1   Thumb Code     0  symbol_g15.obj ABSOLUTE
    sch_slice_fg_remove                      0x0002c7c1   Thumb Code     0  symbol_g15.obj ABSOLUTE
    sch_slice_init                           0x0002c7f1   Thumb Code     0  symbol_g15.obj ABSOLUTE
    sch_slice_per_add                        0x0002c835   Thumb Code     0  symbol_g15.obj ABSOLUTE
    sch_slice_per_remove                     0x0002c85d   Thumb Code     0  symbol_g15.obj ABSOLUTE
    sleep_condition_check                    0x0002c885   Thumb Code     0  symbol_g15.obj ABSOLUTE
    soft_flow_ctrl_init                      0x0002c91d   Thumb Code     0  symbol_g15.obj ABSOLUTE
    soft_flow_ctrl_tx_process                0x0002c969   Thumb Code     0  symbol_g15.obj ABSOLUTE
    specialModP256                           0x0002c9dd   Thumb Code     0  symbol_g15.obj ABSOLUTE
    spis_init                                0x0002cad5   Thumb Code     0  symbol_g15.obj ABSOLUTE
    stage_idle_irq_handler                   0x0002cb39   Thumb Code     0  symbol_g15.obj ABSOLUTE
    stage_idle_reset                         0x0002cbb5   Thumb Code     0  symbol_g15.obj ABSOLUTE
    stage_rx_irq_handler                     0x0002cc25   Thumb Code     0  symbol_g15.obj ABSOLUTE
    stage_tx_irq_handler                     0x0002cc41   Thumb Code     0  symbol_g15.obj ABSOLUTE
    stage_tx_len_irq_handler                 0x0002cd21   Thumb Code     0  symbol_g15.obj ABSOLUTE
    user_exe_operation                       0x0002cd89   Thumb Code     0  symbol_g15.obj ABSOLUTE
    user_prf_itf_get                         0x0002d011   Thumb Code     0  symbol_g15.obj ABSOLUTE
    utils_data_ready_off                     0x0002d045   Thumb Code     0  symbol_g15.obj ABSOLUTE
    utils_data_ready_on                      0x0002d055   Thumb Code     0  symbol_g15.obj ABSOLUTE
    utils_flow_off                           0x0002d085   Thumb Code     0  symbol_g15.obj ABSOLUTE
    utils_flow_on                            0x0002d0b1   Thumb Code     0  symbol_g15.obj ABSOLUTE
    utils_get_tx_len                         0x0002d0d9   Thumb Code     0  symbol_g15.obj ABSOLUTE
    utils_hci_cmd_check                      0x0002d121   Thumb Code     0  symbol_g15.obj ABSOLUTE
    utils_hci_cmd_reset                      0x0002d1b9   Thumb Code     0  symbol_g15.obj ABSOLUTE
    utils_io_init                            0x0002d22d   Thumb Code     0  symbol_g15.obj ABSOLUTE
    utils_io_sleep                           0x0002d289   Thumb Code     0  symbol_g15.obj ABSOLUTE
    utils_read                               0x0002d33d   Thumb Code     0  symbol_g15.obj ABSOLUTE
    utils_read_wakeup_stat                   0x0002d4c9   Thumb Code     0  symbol_g15.obj ABSOLUTE
    utils_wakeup_int_enable                  0x0002d4d9   Thumb Code     0  symbol_g15.obj ABSOLUTE
    utils_write                              0x0002d521   Thumb Code     0  symbol_g15.obj ABSOLUTE
    wakeup_irq_handler                       0x0002d691   Thumb Code     0  symbol_g15.obj ABSOLUTE
    one_bits                                 0x0002d740   Data           0  symbol_g15.obj ABSOLUTE
    co_sca2ppm                               0x0002d750   Data           0  symbol_g15.obj ABSOLUTE
    co_null_bdaddr                           0x0002d760   Data           0  symbol_g15.obj ABSOLUTE
    co_null_key                              0x0002d766   Data           0  symbol_g15.obj ABSOLUTE
    co_rate_to_phy                           0x0002d776   Data           0  symbol_g15.obj ABSOLUTE
    co_phy_to_rate                           0x0002d77b   Data           0  symbol_g15.obj ABSOLUTE
    co_phy_mask_to_value                     0x0002d77f   Data           0  symbol_g15.obj ABSOLUTE
    co_phy_value_to_mask                     0x0002d784   Data           0  symbol_g15.obj ABSOLUTE
    co_rate_to_phy_mask                      0x0002d788   Data           0  symbol_g15.obj ABSOLUTE
    co_phy_mask_to_rate                      0x0002d78c   Data           0  symbol_g15.obj ABSOLUTE
    rwip_priority                            0x0002d791   Data           0  symbol_g15.obj ABSOLUTE
    aes_cmac_zero                            0x0002d7a7   Data           0  symbol_g15.obj ABSOLUTE
    BasePoint_x_256                          0x0002d7b8   Data           0  symbol_g15.obj ABSOLUTE
    BasePoint_y_256                          0x0002d7d8   Data           0  symbol_g15.obj ABSOLUTE
    maxSecretKey_256                         0x0002d7f8   Data           0  symbol_g15.obj ABSOLUTE
    DebugE256PublicKey_x                     0x0002d818   Data           0  symbol_g15.obj ABSOLUTE
    DebugE256PublicKey_y                     0x0002d838   Data           0  symbol_g15.obj ABSOLUTE
    DebugE256SecretKey                       0x0002d858   Data           0  symbol_g15.obj ABSOLUTE
    coef_B                                   0x0002d878   Data           0  symbol_g15.obj ABSOLUTE
    bigHexP256                               0x0002d8a4   Data           0  symbol_g15.obj ABSOLUTE
    veryBigHexP256                           0x0002d8d0   Data           0  symbol_g15.obj ABSOLUTE
    ecc_Jacobian_InfinityPoint256            0x0002d920   Data           0  symbol_g15.obj ABSOLUTE
    ECC_4Win_Look_up_table                   0x0002d9a4   Data           0  symbol_g15.obj ABSOLUTE
    TASK_DESC_LLC                            0x0002e4bc   Data           0  symbol_g15.obj ABSOLUTE
    LLM_AA_CT2                               0x0002e4c8   Data           0  symbol_g15.obj ABSOLUTE
    LLM_AA_CT1                               0x0002e4ca   Data           0  symbol_g15.obj ABSOLUTE
    connect_req_dur_tab                      0x0002e4d0   Data           0  symbol_g15.obj ABSOLUTE
    byte_tx_time                             0x0002e4d8   Data           0  symbol_g15.obj ABSOLUTE
    fixed_tx_time                            0x0002e4e0   Data           0  symbol_g15.obj ABSOLUTE
    lld_init_max_aux_dur_tab                 0x0002e4e8   Data           0  symbol_g15.obj ABSOLUTE
    lld_scan_map_legacy_pdu_to_evt_type      0x0002e4f0   Data           0  symbol_g15.obj ABSOLUTE
    lld_scan_max_aux_dur_tab                 0x0002e4f8   Data           0  symbol_g15.obj ABSOLUTE
    lld_sync_max_aux_dur_tab                 0x0002e500   Data           0  symbol_g15.obj ABSOLUTE
    hci_cmd_desc_tab_lk_ctrl                 0x0002e8e4   Data           0  symbol_g15.obj ABSOLUTE
    hci_cmd_desc_tab_ctrl_bb                 0x0002e8fc   Data           0  symbol_g15.obj ABSOLUTE
    hci_cmd_desc_tab_info_par                0x0002e968   Data           0  symbol_g15.obj ABSOLUTE
    hci_cmd_desc_tab_stat_par                0x0002e998   Data           0  symbol_g15.obj ABSOLUTE
    hci_cmd_desc_tab_le                      0x0002e9a4   Data           0  symbol_g15.obj ABSOLUTE
    hci_cmd_desc_tab_vs                      0x0002ee0c   Data           0  symbol_g15.obj ABSOLUTE
    hci_cmd_desc_root_tab                    0x0002ee48   Data           0  symbol_g15.obj ABSOLUTE
    hci_evt_desc_tab                         0x0002ee78   Data           0  symbol_g15.obj ABSOLUTE
    hci_evt_le_desc_tab                      0x0002eec0   Data           0  symbol_g15.obj ABSOLUTE
    utils_api                                0x0002ef90   Data           0  symbol_g15.obj ABSOLUTE
    ambiq_speed_att_db_128                   0x0002f148   Data           0  symbol_g15.obj ABSOLUTE
    attc_handlers                            0x0002f3f8   Data           0  symbol_g15.obj ABSOLUTE
    atts_handlers                            0x0002f434   Data           0  symbol_g15.obj ABSOLUTE
    TASK_DESC_GATTC                          0x0002f514   Data           0  symbol_g15.obj ABSOLUTE
    TASK_DESC_GATTM                          0x0002f530   Data           0  symbol_g15.obj ABSOLUTE
    gapc_sig_handlers                        0x0002f62c   Data           0  symbol_g15.obj ABSOLUTE
    TASK_DESC_GAPC                           0x0002f7bc   Data           0  symbol_g15.obj ABSOLUTE
    TASK_DESC_GAPM                           0x0002fa08   Data           0  symbol_g15.obj ABSOLUTE
    l2cc_sig_handlers                        0x0002fb28   Data           0  symbol_g15.obj ABSOLUTE
    TASK_DESC_L2CC                           0x0002fb88   Data           0  symbol_g15.obj ABSOLUTE
    TASK_DESC_AHI                            0x0002fb9c   Data           0  symbol_g15.obj ABSOLUTE
    __Vectors                                0x01000000   Data           4  startup_n32wb03x.o(RESET)
    __Vectors_End                            0x010000c0   Data           0  startup_n32wb03x.o(RESET)
    __main                                   0x010000c1   Thumb Code     0  entry.o(.ARM.Collect$$$$00000000)
    _main_stk                                0x010000c1   Thumb Code     0  entry2.o(.ARM.Collect$$$$00000001)
    _main_scatterload                        0x010000c5   Thumb Code     0  entry5.o(.ARM.Collect$$$$00000004)
    __main_after_scatterload                 0x010000c9   Thumb Code     0  entry5.o(.ARM.Collect$$$$00000004)
    _main_clock                              0x010000c9   Thumb Code     0  entry7b.o(.ARM.Collect$$$$00000008)
    _main_cpp_init                           0x010000c9   Thumb Code     0  entry8b.o(.ARM.Collect$$$$0000000A)
    _main_init                               0x010000c9   Thumb Code     0  entry9a.o(.ARM.Collect$$$$0000000B)
    __rt_final_cpp                           0x010000d1   Thumb Code     0  entry10a.o(.ARM.Collect$$$$0000000D)
    __rt_final_exit                          0x010000d1   Thumb Code     0  entry11a.o(.ARM.Collect$$$$0000000F)
    __asm___17_system_n32wb03x_c_f233b82c____REV16 0x010000d5   Thumb Code     4  system_n32wb03x.o(.emb_text)
    __asm___17_system_n32wb03x_c_f233b82c____REVSH 0x010000d9   Thumb Code     4  system_n32wb03x.o(.emb_text)
    system_delay_cycles                      0x010000dd   Thumb Code     6  system_n32wb03x.o(.emb_text)
    Reset_Handler                            0x010000e5   Thumb Code     8  startup_n32wb03x.o(.text)
    NMI_Handler                              0x010000ed   Thumb Code     2  startup_n32wb03x.o(.text)
    HardFault_Handler                        0x010000ef   Thumb Code     2  startup_n32wb03x.o(.text)
    SVC_Handler                              0x010000f1   Thumb Code     2  startup_n32wb03x.o(.text)
    PendSV_Handler                           0x010000f3   Thumb Code     2  startup_n32wb03x.o(.text)
    ADC_IRQHandler                           0x010000f7   Thumb Code     0  startup_n32wb03x.o(.text)
    BLE_CRYPT_IRQHandler                     0x010000f7   Thumb Code     0  startup_n32wb03x.o(.text)
    BLE_ERROR_IRQHandler                     0x010000f7   Thumb Code     0  startup_n32wb03x.o(.text)
    BLE_FIFO_IRQHandler                      0x010000f7   Thumb Code     0  startup_n32wb03x.o(.text)
    BLE_FINETGT_IRQHandler                   0x010000f7   Thumb Code     0  startup_n32wb03x.o(.text)
    BLE_HSLOT_IRQHandler                     0x010000f7   Thumb Code     0  startup_n32wb03x.o(.text)
    BLE_SLP_IRQHandler                       0x010000f7   Thumb Code     0  startup_n32wb03x.o(.text)
    BLE_SW_IRQHandler                        0x010000f7   Thumb Code     0  startup_n32wb03x.o(.text)
    BLE_TIMESTAMP_TGT1_IRQHandler            0x010000f7   Thumb Code     0  startup_n32wb03x.o(.text)
    BLE_TIMESTAMP_TGT2_IRQHandler            0x010000f7   Thumb Code     0  startup_n32wb03x.o(.text)
    DMA_Channel5_IRQHandler                  0x010000f7   Thumb Code     0  startup_n32wb03x.o(.text)
    EXTI0_1_IRQHandler                       0x010000f7   Thumb Code     0  startup_n32wb03x.o(.text)
    EXTI2_3_IRQHandler                       0x010000f7   Thumb Code     0  startup_n32wb03x.o(.text)
    EXTI4_12_IRQHandler                      0x010000f7   Thumb Code     0  startup_n32wb03x.o(.text)
    FLASH_IRQHandler                         0x010000f7   Thumb Code     0  startup_n32wb03x.o(.text)
    I2C1_IRQHandler                          0x010000f7   Thumb Code     0  startup_n32wb03x.o(.text)
    IRC_IRQHandler                           0x010000f7   Thumb Code     0  startup_n32wb03x.o(.text)
    KEYSCAN_IRQHandler                       0x010000f7   Thumb Code     0  startup_n32wb03x.o(.text)
    LPUART1_IRQHandler                       0x010000f7   Thumb Code     0  startup_n32wb03x.o(.text)
    RCC_IRQHandler                           0x010000f7   Thumb Code     0  startup_n32wb03x.o(.text)
    RESERVED_IRQHandler                      0x010000f7   Thumb Code     0  startup_n32wb03x.o(.text)
    RTC_IRQHandler                           0x010000f7   Thumb Code     0  startup_n32wb03x.o(.text)
    SPI1_IRQHandler                          0x010000f7   Thumb Code     0  startup_n32wb03x.o(.text)
    SPI2_IRQHandler                          0x010000f7   Thumb Code     0  startup_n32wb03x.o(.text)
    TIM1_BRK_UP_TRG_COM_IRQHandler           0x010000f7   Thumb Code     0  startup_n32wb03x.o(.text)
    TIM1_CC_IRQHandler                       0x010000f7   Thumb Code     0  startup_n32wb03x.o(.text)
    TIM3_IRQHandler                          0x010000f7   Thumb Code     0  startup_n32wb03x.o(.text)
    TIM6_IRQHandler                          0x010000f7   Thumb Code     0  startup_n32wb03x.o(.text)
    USART2_IRQHandler                        0x010000f7   Thumb Code     0  startup_n32wb03x.o(.text)
    WWDG_IRQHandler                          0x010000f7   Thumb Code     0  startup_n32wb03x.o(.text)
    __aeabi_uidiv                            0x01000101   Thumb Code     0  uidiv.o(.text)
    __aeabi_uidivmod                         0x01000101   Thumb Code    44  uidiv.o(.text)
    __aeabi_idiv                             0x0100012d   Thumb Code     0  idiv.o(.text)
    __aeabi_idivmod                          0x0100012d   Thumb Code    40  idiv.o(.text)
    __aeabi_uldivmod                         0x01000155   Thumb Code    96  uldiv.o(.text)
    rand                                     0x010001b5   Thumb Code    18  rand.o(.text)
    srand                                    0x010001c7   Thumb Code     6  rand.o(.text)
    __aeabi_memcpy                           0x010001d9   Thumb Code    36  memcpya.o(.text)
    __aeabi_memcpy4                          0x010001d9   Thumb Code     0  memcpya.o(.text)
    __aeabi_memcpy8                          0x010001d9   Thumb Code     0  memcpya.o(.text)
    __aeabi_memset                           0x010001fd   Thumb Code    14  memseta.o(.text)
    __aeabi_memset4                          0x010001fd   Thumb Code     0  memseta.o(.text)
    __aeabi_memset8                          0x010001fd   Thumb Code     0  memseta.o(.text)
    __aeabi_memclr                           0x0100020b   Thumb Code     4  memseta.o(.text)
    __aeabi_memclr4                          0x0100020b   Thumb Code     0  memseta.o(.text)
    __aeabi_memclr8                          0x0100020b   Thumb Code     0  memseta.o(.text)
    _memset$wrapper                          0x0100020f   Thumb Code    18  memseta.o(.text)
    memcmp                                   0x01000221   Thumb Code    26  memcmp.o(.text)
    __aeabi_fmul                             0x0100023b   Thumb Code   122  fmul.o(.text)
    __aeabi_fdiv                             0x010002b5   Thumb Code   124  fdiv.o(.text)
    __aeabi_ui2f                             0x01000331   Thumb Code    14  ffltui.o(.text)
    __aeabi_ul2f                             0x0100033f   Thumb Code    28  ffltul.o(.text)
    __aeabi_f2ulz                            0x0100035b   Thumb Code    48  ffixul.o(.text)
    __aeabi_llsl                             0x0100038b   Thumb Code    32  llshl.o(.text)
    _ll_shift_l                              0x0100038b   Thumb Code     0  llshl.o(.text)
    __aeabi_llsr                             0x010003ab   Thumb Code    34  llushr.o(.text)
    _ll_ushift_r                             0x010003ab   Thumb Code     0  llushr.o(.text)
    __I$use$fp                               0x010003cd   Thumb Code     0  iusefp.o(.text)
    _float_round                             0x010003cd   Thumb Code    16  fepilogue.o(.text)
    _float_epilogue                          0x010003dd   Thumb Code   114  fepilogue.o(.text)
    __scatterload                            0x01000451   Thumb Code    28  init.o(.text)
    __scatterload_rt2                        0x01000451   Thumb Code     0  init.o(.text)
    __decompress                             0x01000475   Thumb Code     0  __dczerorl2.o(.text)
    __decompress1                            0x01000475   Thumb Code    86  __dczerorl2.o(.text)
    Long Thumb to Thumb Veneer to __ARM_common_memcpy1_6 0x010004cd   Thumb Code    12  anon$$obj.o(Veneer$$Code)
    Long Thumb to Thumb Veneer to attmdb_get_attribute 0x010004d9   Thumb Code    12  anon$$obj.o(Veneer$$Code)
    Long Thumb to Thumb Veneer to attmdb_uuid16_comp 0x010004e5   Thumb Code    12  anon$$obj.o(Veneer$$Code)
    Long Thumb to Thumb Veneer to attm_svc_create_db 0x010004f1   Thumb Code    12  anon$$obj.o(Veneer$$Code)
    Long Thumb to Thumb Veneer to attmdb_att_get_permission 0x010004fd   Thumb Code    12  anon$$obj.o(Veneer$$Code)
    Long Thumb to Thumb Veneer to attmdb_get_service 0x01000509   Thumb Code    12  anon$$obj.o(Veneer$$Code)
    Long Thumb to Thumb Veneer to attmdb_get_uuid 0x01000515   Thumb Code    12  anon$$obj.o(Veneer$$Code)
    Long Thumb to Thumb Veneer to attm_svc_create_db_128 0x01000521   Thumb Code    12  anon$$obj.o(Veneer$$Code)
    Long Thumb to Thumb Veneer to ahi_init   0x0100052d   Thumb Code    12  anon$$obj.o(Veneer$$Code)
    Long Thumb to Thumb Veneer to __ARM_common_ll_muluu 0x01000539   Thumb Code    12  anon$$obj.o(Veneer$$Code)
    DMA_Channel1_2_3_4_IRQHandler            0x01000545   Thumb Code    90  bsp_usart.o(i.DMA_Channel1_2_3_4_IRQHandler)
    DMA_ClearFlag                            0x010005ad   Thumb Code     4  n32wb03x_dma.o(i.DMA_ClearFlag)
    DMA_ConfigInt                            0x010005b1   Thumb Code    16  n32wb03x_dma.o(i.DMA_ConfigInt)
    DMA_Configuration                        0x010005c1   Thumb Code   116  bsp_usart.o(i.DMA_Configuration)
    DMA_DeInit                               0x01000649   Thumb Code   106  n32wb03x_dma.o(i.DMA_DeInit)
    DMA_EnableChannel                        0x010006d1   Thumb Code    20  n32wb03x_dma.o(i.DMA_EnableChannel)
    DMA_GetCurrDataCounter                   0x010006e9   Thumb Code     6  n32wb03x_dma.o(i.DMA_GetCurrDataCounter)
    DMA_GetFlagStatus                        0x010006ef   Thumb Code    14  n32wb03x_dma.o(i.DMA_GetFlagStatus)
    DMA_Init                                 0x010006fd   Thumb Code    58  n32wb03x_dma.o(i.DMA_Init)
    DMA_RequestRemap                         0x0100073d   Thumb Code    14  n32wb03x_dma.o(i.DMA_RequestRemap)
    EXTI_ClrITPendBit                        0x0100074d   Thumb Code     6  n32wb03x_exti.o(i.EXTI_ClrITPendBit)
    EXTI_GetITStatus                         0x01000759   Thumb Code    24  n32wb03x_exti.o(i.EXTI_GetITStatus)
    EXTI_InitPeripheral                      0x01000775   Thumb Code   108  n32wb03x_exti.o(i.EXTI_InitPeripheral)
    GPIO_InitPeripheral                      0x010007e5   Thumb Code   184  n32wb03x_gpio.o(i.GPIO_InitPeripheral)
    GPIO_InitStruct                          0x0100089d   Thumb Code    22  n32wb03x_gpio.o(i.GPIO_InitStruct)
    GPIO_ReadInputDataBit                    0x010008b9   Thumb Code    14  n32wb03x_gpio.o(i.GPIO_ReadInputDataBit)
    GPIO_ResetBits                           0x010008c7   Thumb Code     4  n32wb03x_gpio.o(i.GPIO_ResetBits)
    GPIO_SetBits                             0x010008cb   Thumb Code     4  n32wb03x_gpio.o(i.GPIO_SetBits)
    LPUART_ClrFlag                           0x010008cf   Thumb Code     4  n32wb03x_lpuart.o(i.LPUART_ClrFlag)
    LPUART_DeInit                            0x010008d5   Thumb Code    24  n32wb03x_lpuart.o(i.LPUART_DeInit)
    LPUART_GetFlagStatus                     0x010008f5   Thumb Code    14  n32wb03x_lpuart.o(i.LPUART_GetFlagStatus)
    LPUART_Init                              0x01000905   Thumb Code   192  n32wb03x_lpuart.o(i.LPUART_Init)
    LPUART_SendData                          0x010009d5   Thumb Code     4  n32wb03x_lpuart.o(i.LPUART_SendData)
    LedOff                                   0x010009d9   Thumb Code     8  bsp_gpio.o(i.LedOff)
    LedOn                                    0x010009e1   Thumb Code     8  bsp_gpio.o(i.LedOn)
    NVIC_Init                                0x010009e9   Thumb Code   102  misc.o(i.NVIC_Init)
    Qflash_Erase_Sector                      0x01000a61   Thumb Code    30  n32wb03x_qflash.o(i.Qflash_Erase_Sector)
    Qflash_Init                              0x01000a85   Thumb Code    30  n32wb03x_qflash.o(i.Qflash_Init)
    Qflash_Write                             0x01000abd   Thumb Code    30  n32wb03x_qflash.o(i.Qflash_Write)
    RCC_ConfigLpuartClk                      0x01000ae1   Thumb Code    24  n32wb03x_rcc.o(i.RCC_ConfigLpuartClk)
    RCC_EnableAHBPeriphClk                   0x01000afd   Thumb Code    18  n32wb03x_rcc.o(i.RCC_EnableAHBPeriphClk)
    RCC_EnableAPB2PeriphClk                  0x01000b15   Thumb Code    18  n32wb03x_rcc.o(i.RCC_EnableAPB2PeriphClk)
    RCC_EnableLpuartClk                      0x01000b2d   Thumb Code    20  n32wb03x_rcc.o(i.RCC_EnableLpuartClk)
    RCC_GetClocksFreqValue                   0x01000b45   Thumb Code    90  n32wb03x_rcc.o(i.RCC_GetClocksFreqValue)
    RCC_GetLpuartClkSrc                      0x01000bb9   Thumb Code    10  n32wb03x_rcc.o(i.RCC_GetLpuartClkSrc)
    SysTick_Handler                          0x01000bcd   Thumb Code    10  bsp.o(i.SysTick_Handler)
    SystemCoreClockUpdate                    0x01000bdd   Thumb Code     8  system_n32wb03x.o(i.SystemCoreClockUpdate)
    SystemGetMacAddr                         0x01000bed   Thumb Code    40  system_n32wb03x.o(i.SystemGetMacAddr)
    SystemInit                               0x01000c1d   Thumb Code   320  system_n32wb03x.o(i.SystemInit)
    SystemTrimValueRead                      0x01000d81   Thumb Code    50  system_n32wb03x.o(i.SystemTrimValueRead)
    SystickGetime                            0x01000db9   Thumb Code     6  bsp.o(i.SystickGetime)
    USART1_IRQHandler                        0x01000dc5   Thumb Code    24  bsp_usart.o(i.USART1_IRQHandler)
    USART_ConfigInt                          0x01000de1   Thumb Code    50  n32wb03x_usart.o(i.USART_ConfigInt)
    USART_Enable                             0x01000e15   Thumb Code    22  n32wb03x_usart.o(i.USART_Enable)
    USART_EnableDMA                          0x01000e31   Thumb Code    16  n32wb03x_usart.o(i.USART_EnableDMA)
    USART_GetFlagStatus                      0x01000e41   Thumb Code    14  n32wb03x_usart.o(i.USART_GetFlagStatus)
    USART_Init                               0x01000e51   Thumb Code   120  n32wb03x_usart.o(i.USART_Init)
    __0printf$8                              0x01000ed9   Thumb Code    24  printf8.o(i.__0printf$8)
    __1printf$8                              0x01000ed9   Thumb Code     0  printf8.o(i.__0printf$8)
    __2printf                                0x01000ed9   Thumb Code     0  printf8.o(i.__0printf$8)
    app_ble_adv_init                         0x0100136d   Thumb Code    90  app_ble.o(i.app_ble_adv_init)
    app_ble_adv_msg_handler                  0x010013e1   Thumb Code     2  app_ble.o(i.app_ble_adv_msg_handler)
    app_ble_gap_params_init                  0x010013e5   Thumb Code   118  app_ble.o(i.app_ble_gap_params_init)
    app_ble_init                             0x01001479   Thumb Code    58  app_ble.o(i.app_ble_init)
    app_ble_msg_handler                      0x010014c5   Thumb Code    62  app_ble.o(i.app_ble_msg_handler)
    app_ble_sec_init                         0x0100151d   Thumb Code    70  app_ble.o(i.app_ble_sec_init)
    app_dis_add_dis                          0x01001649   Thumb Code    74  app_dis.o(i.app_dis_add_dis)
    app_entry_point_handler                  0x010016a5   Thumb Code   238  ns_ble_task.o(i.app_entry_point_handler)
    app_rdtss_add_rdts                       0x01001871   Thumb Code    82  app_rdtss.o(i.app_rdtss_add_rdts)
    app_usart_configuration                  0x01001a81   Thumb Code   192  bsp_usart.o(i.app_usart_configuration)
    app_usart_dma_enable                     0x01001b55   Thumb Code    90  bsp_usart.o(i.app_usart_dma_enable)
    app_usart_rx_data_fifo_enter             0x01001bc5   Thumb Code   144  bsp_usart.o(i.app_usart_rx_data_fifo_enter)
    app_usart_tx_fifo_enter                  0x01001c71   Thumb Code   152  bsp_usart.o(i.app_usart_tx_fifo_enter)
    app_usart_tx_process                     0x01001d25   Thumb Code    58  bsp_usart.o(i.app_usart_tx_process)
    app_user_msg_handler                     0x01001d69   Thumb Code    14  app_ble.o(i.app_user_msg_handler)
    attm_att_set_value                       0x01001d7d   Thumb Code   172  lib_att.o(i.attm_att_set_value)
    borad_init                               0x01001e3d   Thumb Code    20  app.o(i.borad_init)
    bsp_DigitronDisplay                      0x01001e65   Thumb Code   166  bsp_smg.o(i.bsp_DigitronDisplay)
    bsp_DigitronDisplayTime                  0x01001f19   Thumb Code   120  bsp_smg.o(i.bsp_DigitronDisplayTime)
    bsp_DigitronPowerBrightnessSet           0x01001f91   Thumb Code    38  bsp_smg.o(i.bsp_DigitronPowerBrightnessSet)
    bsp_init                                 0x01001fb9   Thumb Code    78  bsp.o(i.bsp_init)
    bsp_key_init                             0x0100201d   Thumb Code    38  bsp_key.o(i.bsp_key_init)
    bsp_key_scan                             0x01002049   Thumb Code   102  bsp_key.o(i.bsp_key_scan)
    bsp_run                                  0x010020b9   Thumb Code    52  bsp.o(i.bsp_run)
    check_client_char_cfg                    0x010020f1   Thumb Code    42  rdts_common.o(i.check_client_char_cfg)
    diss_check_val_len                       0x0100211b   Thumb Code    42  diss.o(i.diss_check_val_len)
    diss_handle_to_value                     0x01002187   Thumb Code    52  diss.o(i.diss_handle_to_value)
    diss_prf_itf_get                         0x0100225d   Thumb Code     4  diss.o(i.diss_prf_itf_get)
    diss_task_init                           0x01002301   Thumb Code    28  diss_task.o(i.diss_task_init)
    diss_value_to_handle                     0x0100245d   Thumb Code    58  diss.o(i.diss_value_to_handle)
    drv_soft_iic_init                        0x01002499   Thumb Code    86  bsp_smg.o(i.drv_soft_iic_init)
    drv_soft_iic_send_byte                   0x010024f5   Thumb Code    88  bsp_smg.o(i.drv_soft_iic_send_byte)
    drv_soft_iic_start                       0x01002551   Thumb Code    56  bsp_smg.o(i.drv_soft_iic_start)
    drv_soft_iic_stop                        0x0100258d   Thumb Code    56  bsp_smg.o(i.drv_soft_iic_stop)
    drv_soft_iic_wait_ack                    0x010025c9   Thumb Code    82  bsp_smg.o(i.drv_soft_iic_wait_ack)
    fputc                                    0x01002621   Thumb Code    54  ns_log_lpuart.o(i.fputc)
    get_cfg_handle                           0x0100384d   Thumb Code    98  rdts_common.o(i.get_cfg_handle)
    get_value_handle                         0x010038b9   Thumb Code    78  rdts_common.o(i.get_value_handle)
    llhwc_modem_setmode                      0x0100390d   Thumb Code    44  rwip_driver.o(i.llhwc_modem_setmode)
    llhwc_phy_prerx_flash                    0x0100393d   Thumb Code   172  rwip_driver.o(i.llhwc_phy_prerx_flash)
    main                                     0x01003afd   Thumb Code    18  main.o(i.main)
    ns_EXTI4_12_IRQHandler                   0x01003b11   Thumb Code    86  ns_ble.o(i.ns_EXTI4_12_IRQHandler)
    ns_HardFault_Handler                     0x01003b95   Thumb Code    96  ns_ble.o(i.ns_HardFault_Handler)
    ns_ble_add_prf_func_register             0x01003cd5   Thumb Code    28  ns_ble.o(i.ns_ble_add_prf_func_register)
    ns_ble_add_svc                           0x01003cf5   Thumb Code    34  ns_ble.o(i.ns_ble_add_svc)
    ns_ble_adv_fsm_next                      0x01003d21   Thumb Code   202  ns_ble.o(i.ns_ble_adv_fsm_next)
    ns_ble_adv_init                          0x01003dfd   Thumb Code    58  ns_ble.o(i.ns_ble_adv_init)
    ns_ble_adv_start                         0x01003e45   Thumb Code    72  ns_ble.o(i.ns_ble_adv_start)
    ns_ble_adv_stop                          0x01003e95   Thumb Code    66  ns_ble.o(i.ns_ble_adv_stop)
    ns_ble_delete_init                       0x01003ee1   Thumb Code    46  ns_ble.o(i.ns_ble_delete_init)
    ns_ble_delete_scan                       0x01003f1d   Thumb Code    42  ns_ble.o(i.ns_ble_delete_scan)
    ns_ble_disconnect                        0x01003f55   Thumb Code    34  ns_ble.o(i.ns_ble_disconnect)
    ns_ble_gap_init                          0x01003f81   Thumb Code    70  ns_ble.o(i.ns_ble_gap_init)
    ns_ble_get_connection_num                0x01003fed   Thumb Code    32  ns_ble.o(i.ns_ble_get_connection_num)
    ns_ble_list_set_ral                      0x01004011   Thumb Code    76  ns_ble.o(i.ns_ble_list_set_ral)
    ns_ble_lsc_config                        0x01004061   Thumb Code   106  ns_ble.o(i.ns_ble_lsc_config)
    ns_ble_prf_task_register                 0x010040e5   Thumb Code    34  ns_ble.o(i.ns_ble_prf_task_register)
    ns_ble_scan_data_find                    0x0100410d   Thumb Code    72  ns_ble.o(i.ns_ble_scan_data_find)
    ns_ble_stack_init                        0x01004155   Thumb Code   474  ns_ble.o(i.ns_ble_stack_init)
    ns_ble_start_init                        0x010043dd   Thumb Code   240  ns_ble.o(i.ns_ble_start_init)
    ns_ble_start_scan                        0x010044e9   Thumb Code   172  ns_ble.o(i.ns_ble_start_scan)
    ns_ble_stop_init                         0x010045a9   Thumb Code    42  ns_ble.o(i.ns_ble_stop_init)
    ns_ble_stop_scan                         0x010045e1   Thumb Code    48  ns_ble.o(i.ns_ble_stop_scan)
    ns_ble_update_param                      0x0100461d   Thumb Code   118  ns_ble.o(i.ns_ble_update_param)
    ns_bond_last_bonded_peer_id              0x01004701   Thumb Code    48  ns_sec.o(i.ns_bond_last_bonded_peer_id)
    ns_bond_last_bonded_ral_info             0x01004731   Thumb Code    92  ns_sec.o(i.ns_bond_last_bonded_ral_info)
    ns_bond_resolv_addr_start                0x01004795   Thumb Code    92  ns_sec.o(i.ns_bond_resolv_addr_start)
    ns_bond_search_addr_irk                  0x010047f5   Thumb Code   110  ns_sec.o(i.ns_bond_search_addr_irk)
    ns_log_lpuart_init                       0x01004871   Thumb Code    92  ns_log_lpuart.o(i.ns_log_lpuart_init)
    ns_peripheral_config                     0x010048d5   Thumb Code   176  ns_ble.o(i.ns_peripheral_config)
    ns_sec_bond_store_evt_handler            0x010049dd   Thumb Code   292  ns_sec.o(i.ns_sec_bond_store_evt_handler)
    ns_sec_get_bond_status                   0x01004b3d   Thumb Code    12  ns_sec.o(i.ns_sec_get_bond_status)
    ns_sec_get_iocap                         0x01004b4d   Thumb Code     6  ns_sec.o(i.ns_sec_get_iocap)
    ns_sec_init                              0x01004b59   Thumb Code    94  ns_sec.o(i.ns_sec_init)
    ns_sleep_lock_acquire                    0x01004bc1   Thumb Code    20  ns_sleep.o(i.ns_sleep_lock_acquire)
    ns_sleep_lock_release                    0x01004bd9   Thumb Code    16  ns_sleep.o(i.ns_sleep_lock_release)
    ns_timer_api_process_handler             0x01004bed   Thumb Code   166  ns_timer.o(i.ns_timer_api_process_handler)
    prf_add_profile                          0x01004cb5   Thumb Code   132  prf.o(i.prf_add_profile)
    prf_dst_task_get                         0x01004d3d   Thumb Code    16  prf.o(i.prf_dst_task_get)
    prf_env_get                              0x01004d4d   Thumb Code    44  prf.o(i.prf_env_get)
    prf_get_id_from_task                     0x01004d7d   Thumb Code    50  prf.o(i.prf_get_id_from_task)
    prf_get_itf_func_register                0x01004db5   Thumb Code    34  prf.o(i.prf_get_itf_func_register)
    prf_get_task_from_id                     0x01004ddd   Thumb Code    50  prf.o(i.prf_get_task_from_id)
    prf_init                                 0x01004e15   Thumb Code   170  prf.o(i.prf_init)
    rdtss_get_att_handle                     0x010050b7   Thumb Code    28  rdts_common.o(i.rdtss_get_att_handle)
    rdtss_get_att_idx                        0x010050d3   Thumb Code    40  rdts_common.o(i.rdtss_get_att_idx)
    rdtss_init_ccc_values                    0x01005195   Thumb Code   160  rdtss_task.o(i.rdtss_init_ccc_values)
    rdtss_prf_itf_get                        0x01005239   Thumb Code     4  rdtss.o(i.rdtss_prf_itf_get)
    rdtss_send_notify                        0x01005241   Thumb Code    62  app_rdtss.o(i.rdtss_send_notify)
    rdtss_set_ccc_value                      0x01005289   Thumb Code    52  rdtss_task.o(i.rdtss_set_ccc_value)
    rdtss_task_init                          0x010052bd   Thumb Code    28  rdtss_task.o(i.rdtss_task_init)
    rwip_init                                0x0100555d   Thumb Code   198  rwip.o(i.rwip_init)
    rwip_slp_isr                             0x01005675   Thumb Code   188  rwip_driver.o(i.rwip_slp_isr)
    usart_forward_to_ble_loop                0x01005765   Thumb Code    84  bsp_usart.o(i.usart_forward_to_ble_loop)
    usart_rx_check_in_irq                    0x010057c5   Thumb Code    70  bsp_usart.o(i.usart_rx_check_in_irq)
    usart_tx_dma_send                        0x01005819   Thumb Code    78  bsp_usart.o(i.usart_tx_dma_send)
    TRIM_READ_CMD_CODE                       0x01005874   Data         320  system_n32wb03x.o(.constdata)
    const_qflash_cmd                         0x010059c0   Data         804  n32wb03x_qflash.o(.constdata)
    TRIM_WRITE_CMD_CODE                      0x01005ce4   Data         512  n32wb03x_qflash.o(.constdata)
    TRIM_ERASE_CMD_CODE                      0x01005ee4   Data         384  n32wb03x_qflash.o(.constdata)
    OTP_LOCK                                 0x01006064   Data         320  n32wb03x_qflash.o(.constdata)
    diss_att_db                              0x010061c4   Data         152  diss.o(.constdata)
    diss_itf                                 0x0100625c   Data          16  diss.o(.constdata)
    rdtss_itf                                0x01006284   Data          16  rdtss.o(.constdata)
    app_sec_msg_handler_list                 0x010062dc   Data          40  ns_sec.o(.constdata)
    app_sec_handlers                         0x01006304   Data           8  ns_sec.o(.constdata)
    TASK_DESC_APP_M                          0x010067e4   Data          12  ns_ble_task.o(.constdata)
    app_dis_msg_handler_list                 0x010067f0   Data           8  app_dis.o(.constdata)
    app_dis_handlers                         0x010067f8   Data           8  app_dis.o(.constdata)
    app_rdtss_handlers                       0x01006800   Data           8  app_rdtss.o(.constdata)
    app_rdts_svc_uuid                        0x01006808   Data          16  app_rdtss.o(.constdata)
    app_rdts_att_db                          0x01006818   Data         154  app_rdtss.o(.constdata)
    app_rdtss_msg_handler_list               0x010068b4   Data          24  app_rdtss.o(.constdata)
    Region$$Table$$Base                      0x010068cc   Number         0  anon$$obj.o(Region$$Table)
    Region$$Table$$Limit                     0x010068ec   Number         0  anon$$obj.o(Region$$Table)
    rwip_rst_state                           0x20000000   Data           0  symbol_g15.obj ABSOLUTE
    ecc_env                                  0x20000004   Data           0  symbol_g15.obj ABSOLUTE
    aa_gen                                   0x20000010   Data           0  symbol_g15.obj ABSOLUTE
    lld_exp_sync_pos_tab                     0x20000018   Data           0  symbol_g15.obj ABSOLUTE
    sch_slice_params                         0x2000004c   Data           0  symbol_g15.obj ABSOLUTE
    hci_ext_host                             0x20000054   Data           0  symbol_g15.obj ABSOLUTE
    g_modem_flag                             0x20000060   Data           0  symbol_g15.obj ABSOLUTE
    g_clock_src                              0x20000061   Data           0  symbol_g15.obj ABSOLUTE
    g_hci_transport_onff                     0x20000062   Data           0  symbol_g15.obj ABSOLUTE
    g_delay_div_param                        0x20000063   Data           0  symbol_g15.obj ABSOLUTE
    g_delay_us_div_param                     0x20000064   Data           0  symbol_g15.obj ABSOLUTE
    g_loop_test                              0x20000065   Data           0  symbol_g15.obj ABSOLUTE
    g_ota_test                               0x20000066   Data           0  symbol_g15.obj ABSOLUTE
    g_ota_test_mtu_247_dle                   0x20000067   Data           0  symbol_g15.obj ABSOLUTE
    g_cal_hsi_cnt_value                      0x20000068   Data           0  symbol_g15.obj ABSOLUTE
    g_system_hsi_clk                         0x2000006c   Data           0  symbol_g15.obj ABSOLUTE
    g_user_set_stack_start                   0x20000070   Data           0  symbol_g15.obj ABSOLUTE
    g_rwip_patch_addr                        0x20000074   Data           0  symbol_g15.obj ABSOLUTE
    g_phy_2mbps_support                      0x20000078   Data           0  symbol_g15.obj ABSOLUTE
    g_auto_start_data_length_req             0x20000079   Data           0  symbol_g15.obj ABSOLUTE
    g_sleep_sleep_enable                     0x2000007a   Data           0  symbol_g15.obj ABSOLUTE
    g_status_io_stat                         0x2000007b   Data           0  symbol_g15.obj ABSOLUTE
    g_timeoutcnt                             0x2000007c   Data           0  symbol_g15.obj ABSOLUTE
    g_sleep_status_flag                      0x20000080   Data           0  symbol_g15.obj ABSOLUTE
    g_lsi_count_n_syscle                     0x20000084   Data           0  symbol_g15.obj ABSOLUTE
    g_lsi_accuracy                           0x20000088   Data           0  symbol_g15.obj ABSOLUTE
    g_lsi_1_syscle_cal_value                 0x2000008c   Data           0  symbol_g15.obj ABSOLUTE
    g_lsi_1_syscle_cnt_value                 0x20000090   Data           0  symbol_g15.obj ABSOLUTE
    g_recalib_hsi_flag                       0x20000094   Data           0  symbol_g15.obj ABSOLUTE
    g_hsi_accuracy                           0x20000098   Data           0  symbol_g15.obj ABSOLUTE
    g_hci_transport_type                     0x2000009c   Data           0  symbol_g15.obj ABSOLUTE
    g_hci_transport_process                  0x2000009d   Data           0  symbol_g15.obj ABSOLUTE
    acl_flow_ctrl_num                        0x2000009e   Data           0  symbol_g15.obj ABSOLUTE
    acl_flow_ctrl                            0x2000009f   Data           0  symbol_g15.obj ABSOLUTE
    g_acl_tx_sch_interval                    0x200000a0   Data           0  symbol_g15.obj ABSOLUTE
    dma_recv_data_time_window_size           0x200000a4   Data           0  symbol_g15.obj ABSOLUTE
    g_length_2_data_intv                     0x200000a8   Data           0  symbol_g15.obj ABSOLUTE
    g_soft_flow_tx_dummy                     0x200000ac   Data           0  symbol_g15.obj ABSOLUTE
    g_soft_flow_rx_len                       0x200000b0   Data           0  symbol_g15.obj ABSOLUTE
    g_hci_ch_type                            0x200000b2   Data           0  symbol_g15.obj ABSOLUTE
    g_uart_bps                               0x200000b4   Data           0  symbol_g15.obj ABSOLUTE
    g_uart_irq_wakeup_time                   0x200000b8   Data           0  symbol_g15.obj ABSOLUTE
    g_spi_data_ready_2_irq_rise              0x200000bc   Data           0  symbol_g15.obj ABSOLUTE
    g_lpclk_drift                            0x200000c0   Data           0  symbol_g15.obj ABSOLUTE
    g_rc32k_trim                             0x200000c4   Data           0  symbol_g15.obj ABSOLUTE
    g_sch_prog_fifo_iar_branch               0x200000c6   Data           0  symbol_g15.obj ABSOLUTE
    g_sch_arb_insert_branch                  0x200000c7   Data           0  symbol_g15.obj ABSOLUTE
    g_le_coded_phy_500                       0x200000c8   Data           0  symbol_g15.obj ABSOLUTE
    g_app_init_branch                        0x200000c9   Data           0  symbol_g15.obj ABSOLUTE
    g_adv_intv                               0x200000ca   Data           0  symbol_g15.obj ABSOLUTE
    g_twrm                                   0x200000d2   Data           0  symbol_g15.obj ABSOLUTE
    g_twosc                                  0x200000d4   Data           0  symbol_g15.obj ABSOLUTE
    g_twext                                  0x200000d6   Data           0  symbol_g15.obj ABSOLUTE
    rwip_prog_delay                          0x200000d8   Data           0  symbol_g15.obj ABSOLUTE
    g_ramcode_work_flag                      0x200000d9   Data           0  symbol_g15.obj ABSOLUTE
    prf_add_profile_ptr                      0x200000dc   Data           0  symbol_g15.obj ABSOLUTE
    prf_get_task_from_id_ptr                 0x200000e0   Data           0  symbol_g15.obj ABSOLUTE
    prf_get_id_from_task_ptr                 0x200000e4   Data           0  symbol_g15.obj ABSOLUTE
    g_co_default_bdaddr                      0x200000fc   Data           0  symbol_g15.obj ABSOLUTE
    BLE_NORMAL_WIN_SIZE                      0x20000102   Data           0  symbol_g15.obj ABSOLUTE
    BLE_RX_DESC_NB                           0x20000103   Data           0  symbol_g15.obj ABSOLUTE
    RWIP_MINIMUM_SLEEP_TIME                  0x20000104   Data           0  symbol_g15.obj ABSOLUTE
    SCH_SCAN_EVT_DUR_DFT                     0x20000106   Data           0  symbol_g15.obj ABSOLUTE
    llm_local_le_feats                       0x20000108   Data           0  symbol_g15.obj ABSOLUTE
    g_attr_table                             0x20000110   Data           0  symbol_g15.obj ABSOLUTE
    ATTR_TABLE_LENGTH                        0x20000114   Data           0  symbol_g15.obj ABSOLUTE
    g_rwip_heap_env                          0x20000118   Data           0  symbol_g15.obj ABSOLUTE
    g_rwip_heap_env_size                     0x2000011c   Data           0  symbol_g15.obj ABSOLUTE
    g_rwip_heap_db                           0x20000120   Data           0  symbol_g15.obj ABSOLUTE
    g_rwip_heap_db_size                      0x20000124   Data           0  symbol_g15.obj ABSOLUTE
    g_rwip_heap_non_ret                      0x20000128   Data           0  symbol_g15.obj ABSOLUTE
    g_rwip_heap_non_ret_size                 0x2000012c   Data           0  symbol_g15.obj ABSOLUTE
    g_rwip_heap_msg                          0x20000130   Data           0  symbol_g15.obj ABSOLUTE
    g_rwip_heap_msg_size                     0x20000134   Data           0  symbol_g15.obj ABSOLUTE
    utils_recv_buf_ptr                       0x20000138   Data           0  symbol_g15.obj ABSOLUTE
    utils_max_buf_len                        0x2000013c   Data           0  symbol_g15.obj ABSOLUTE
    g_soft_flow_tx_buf                       0x20000140   Data           0  symbol_g15.obj ABSOLUTE
    g_soft_flow_tx_len                       0x20000144   Data           0  symbol_g15.obj ABSOLUTE
    g_app_tx_buf_ptr                         0x20000148   Data           0  symbol_g15.obj ABSOLUTE
    g_app_tx_buf_len                         0x2000014c   Data           0  symbol_g15.obj ABSOLUTE
    g_app_bone_table_ptr                     0x20000150   Data           0  symbol_g15.obj ABSOLUTE
    g_app_bone_table_size                    0x20000154   Data           0  symbol_g15.obj ABSOLUTE
    g_soft_flow_tx_callback                  0x2000015c   Data           0  symbol_g15.obj ABSOLUTE
    utils_recv_len                           0x20000160   Data           0  symbol_g15.obj ABSOLUTE
    g_recv_len                               0x20000162   Data           0  symbol_g15.obj ABSOLUTE
    s_dma_spis_set_rx_len                    0x2000018c   Data           0  symbol_g15.obj ABSOLUTE
    s_dma_spis_set_tx_len                    0x2000018e   Data           0  symbol_g15.obj ABSOLUTE
    s_dma_lpuart_set_len                     0x20000190   Data           0  symbol_g15.obj ABSOLUTE
    TASK_DESC_APP_SEC                        0x20000194   Data           0  symbol_g15.obj ABSOLUTE
    g_version                                0x200001a1   Data           0  symbol_g15.obj ABSOLUTE
    ota_test_mode                            0x200001a8   Data           0  symbol_g15.obj ABSOLUTE
    ota_send_num_idx                         0x200001ac   Data           0  symbol_g15.obj ABSOLUTE
    gattc_state                              0x200001b0   Data           0  symbol_g15.obj ABSOLUTE
    gattm_state                              0x200001b4   Data           0  symbol_g15.obj ABSOLUTE
    gapc_state                               0x200001b5   Data           0  symbol_g15.obj ABSOLUTE
    gapm_state                               0x200001b9   Data           0  symbol_g15.obj ABSOLUTE
    l2cc_state                               0x200001ba   Data           0  symbol_g15.obj ABSOLUTE
    ahi_state                                0x200001be   Data           0  symbol_g15.obj ABSOLUTE
    __stdout                                 0x200001c4   Data           0  symbol_g15.obj ABSOLUTE
    ke_env                                   0x200001c8   Data           0  symbol_g15.obj ABSOLUTE
    rwip_rf                                  0x20000274   Data           0  symbol_g15.obj ABSOLUTE
    rwip_env                                 0x200002a8   Data           0  symbol_g15.obj ABSOLUTE
    aes_env                                  0x200002c8   Data           0  symbol_g15.obj ABSOLUTE
    llc_env                                  0x200002fc   Data           0  symbol_g15.obj ABSOLUTE
    lld_env                                  0x2000030c   Data           0  symbol_g15.obj ABSOLUTE
    lld_sync_env                             0x20000430   Data           0  symbol_g15.obj ABSOLUTE
    llm_env                                  0x20000440   Data           0  symbol_g15.obj ABSOLUTE
    hci_env                                  0x20000978   Data           0  symbol_g15.obj ABSOLUTE
    hci_tl_acl_env                           0x200009b4   Data           0  symbol_g15.obj ABSOLUTE
    utils_env                                0x20000a3c   Data           0  symbol_g15.obj ABSOLUTE
    user_prf_env                             0x20000b30   Data           0  symbol_g15.obj ABSOLUTE
    gattc_env                                0x20000b58   Data           0  symbol_g15.obj ABSOLUTE
    gattm_env                                0x20000b68   Data           0  symbol_g15.obj ABSOLUTE
    gapc_env                                 0x20000ba0   Data           0  symbol_g15.obj ABSOLUTE
    gapm_env                                 0x20000bb0   Data           0  symbol_g15.obj ABSOLUTE
    l2cc_env                                 0x20000c00   Data           0  symbol_g15.obj ABSOLUTE
    l2cm_env                                 0x20000c10   Data           0  symbol_g15.obj ABSOLUTE
    ahi_env                                  0x20000ce4   Data           0  symbol_g15.obj ABSOLUTE
    SystemCoreClock                          0x20004000   Data           4  system_n32wb03x.o(.data)
    CMD_FLASH_SE                             0x20004004   Data           4  n32wb03x_qflash.o(.data)
    CMD_FLASH_WRITE                          0x20004008   Data           4  n32wb03x_qflash.o(.data)
    CMD_FLASH_READ                           0x2000400c   Data           4  n32wb03x_qflash.o(.data)
    g_rf_tx_power                            0x20004010   Data           1  rwip_driver.o(.data)
    ns_sleep_lock                            0x20004028   Data           4  ns_sleep.o(.data)
    user_HardFault_Handler                   0x20004040   Data           4  ns_ble.o(.data)
    user_EXTI4_12_IRQHandler                 0x20004044   Data           4  ns_ble.o(.data)
    app_state                                0x20004136   Data           1  ns_ble_task.o(.data)
    Tick_num                                 0x20004138   Data           4  bsp.o(.data)
    usart_sending                            0x20004164   Data           1  bsp_usart.o(.data)
    ble_sending                              0x20004165   Data           1  bsp_usart.o(.data)
    rx_old_pos                               0x20004166   Data           2  bsp_usart.o(.data)
    ble_att_mtu                              0x20004168   Data           2  bsp_usart.o(.data)
    usart_rx_fifo_in                         0x2000416c   Data           4  bsp_usart.o(.data)
    usart_rx_fifo_out                        0x20004170   Data           4  bsp_usart.o(.data)
    usart_tx_fifo_in                         0x20004174   Data           4  bsp_usart.o(.data)
    usart_tx_fifo_out                        0x20004178   Data           4  bsp_usart.o(.data)
    trim_stored                              0x20004180   Data          52  system_n32wb03x.o(.bss)
    prf_env                                  0x200044dc   Data         200  prf.o(.bss)
    get_itf                                  0x200045a4   Data          84  prf.o(.bss)
    app_sec_bond_data                        0x20004648   Data          58  ns_sec.o(.bss)
    app_sec_env                              0x20004684   Data          32  ns_sec.o(.bss)
    add_prf_evn                              0x200046a4   Data          44  ns_ble.o(.bss)
    ble_prf_evn                              0x200046d0   Data          84  ns_ble.o(.bss)
    app_env                                  0x20004724   Data         128  ns_ble.o(.bss)
    gap_env                                  0x200047a4   Data          42  ns_ble.o(.bss)
    adv_env                                  0x200047d0   Data          96  ns_ble.o(.bss)
    scan_env                                 0x20004830   Data          32  ns_ble.o(.bss)
    USART_rx_dma_buf                         0x20004850   Data         256  bsp_usart.o(.bss)
    usart_rx_fifo_buf                        0x20004950   Data        1000  bsp_usart.o(.bss)
    usart_tx_fifo_buf                        0x20004d38   Data        1000  bsp_usart.o(.bss)
    __initial_sp                             0x20005920   Data           0  startup_n32wb03x.o(STACK)



==============================================================================

Memory Map of the image

  Image Entry point : 0x010000c1

  Load Region LR_IROM1 (Base: 0x01000000, Size: 0x00006a6c, Max: 0x00040000, ABSOLUTE, COMPRESSED[0x000069c8])

    Execution Region ER_IROM1 (Base: 0x01000000, Size: 0x000068ec, Max: 0x00040000, ABSOLUTE)

    Base Addr    Size         Type   Attr      Idx    E Section Name        Object

    0x01000000   0x000000c0   Data   RO            3    RESET               startup_n32wb03x.o
    0x010000c0   0x00000000   Code   RO         4605  * .ARM.Collect$$$$00000000  mc_p.l(entry.o)
    0x010000c0   0x00000004   Code   RO         4910    .ARM.Collect$$$$00000001  mc_p.l(entry2.o)
    0x010000c4   0x00000004   Code   RO         4913    .ARM.Collect$$$$00000004  mc_p.l(entry5.o)
    0x010000c8   0x00000000   Code   RO         4915    .ARM.Collect$$$$00000008  mc_p.l(entry7b.o)
    0x010000c8   0x00000000   Code   RO         4917    .ARM.Collect$$$$0000000A  mc_p.l(entry8b.o)
    0x010000c8   0x00000008   Code   RO         4918    .ARM.Collect$$$$0000000B  mc_p.l(entry9a.o)
    0x010000d0   0x00000000   Code   RO         4920    .ARM.Collect$$$$0000000D  mc_p.l(entry10a.o)
    0x010000d0   0x00000000   Code   RO         4922    .ARM.Collect$$$$0000000F  mc_p.l(entry11a.o)
    0x010000d0   0x00000004   Code   RO         4911    .ARM.Collect$$$$00002712  mc_p.l(entry2.o)
    0x010000d4   0x0000000e   Code   RO           10    .emb_text           system_n32wb03x.o
    0x010000e2   0x00000002   PAD
    0x010000e4   0x0000001c   Code   RO            4    .text               startup_n32wb03x.o
    0x01000100   0x0000002c   Code   RO         4608    .text               mc_p.l(uidiv.o)
    0x0100012c   0x00000028   Code   RO         4610    .text               mc_p.l(idiv.o)
    0x01000154   0x00000060   Code   RO         4612    .text               mc_p.l(uldiv.o)
    0x010001b4   0x00000024   Code   RO         4614    .text               mc_p.l(rand.o)
    0x010001d8   0x00000024   Code   RO         4617    .text               mc_p.l(memcpya.o)
    0x010001fc   0x00000024   Code   RO         4619    .text               mc_p.l(memseta.o)
    0x01000220   0x0000001a   Code   RO         4621    .text               mc_p.l(memcmp.o)
    0x0100023a   0x0000007a   Code   RO         4888    .text               mf_p.l(fmul.o)
    0x010002b4   0x0000007c   Code   RO         4890    .text               mf_p.l(fdiv.o)
    0x01000330   0x0000000e   Code   RO         4898    .text               mf_p.l(ffltui.o)
    0x0100033e   0x0000001c   Code   RO         4900    .text               mf_p.l(ffltul.o)
    0x0100035a   0x00000030   Code   RO         4904    .text               mf_p.l(ffixul.o)
    0x0100038a   0x00000020   Code   RO         4924    .text               mc_p.l(llshl.o)
    0x010003aa   0x00000022   Code   RO         4926    .text               mc_p.l(llushr.o)
    0x010003cc   0x00000000   Code   RO         4930    .text               mc_p.l(iusefp.o)
    0x010003cc   0x00000082   Code   RO         4931    .text               mf_p.l(fepilogue.o)
    0x0100044e   0x00000002   PAD
    0x01000450   0x00000024   Code   RO         4943    .text               mc_p.l(init.o)
    0x01000474   0x00000056   Code   RO         4947    .text               mc_p.l(__dczerorl2.o)
    0x010004ca   0x00000002   PAD
    0x010004cc   0x0000000c   Ven    RO         4949    Veneer$$Code        anon$$obj.o
    0x010004d8   0x0000000c   Ven    RO         4950    Veneer$$Code        anon$$obj.o
    0x010004e4   0x0000000c   Ven    RO         4951    Veneer$$Code        anon$$obj.o
    0x010004f0   0x0000000c   Ven    RO         4952    Veneer$$Code        anon$$obj.o
    0x010004fc   0x0000000c   Ven    RO         4953    Veneer$$Code        anon$$obj.o
    0x01000508   0x0000000c   Ven    RO         4954    Veneer$$Code        anon$$obj.o
    0x01000514   0x0000000c   Ven    RO         4955    Veneer$$Code        anon$$obj.o
    0x01000520   0x0000000c   Ven    RO         4956    Veneer$$Code        anon$$obj.o
    0x0100052c   0x0000000c   Ven    RO         4957    Veneer$$Code        anon$$obj.o
    0x01000538   0x0000000c   Ven    RO         4958    Veneer$$Code        anon$$obj.o
    0x01000544   0x00000068   Code   RO         4503    i.DMA_Channel1_2_3_4_IRQHandler  bsp_usart.o
    0x010005ac   0x00000004   Code   RO          481    i.DMA_ClearFlag     n32wb03x_dma.o
    0x010005b0   0x00000010   Code   RO          483    i.DMA_ConfigInt     n32wb03x_dma.o
    0x010005c0   0x00000088   Code   RO         4504    i.DMA_Configuration  bsp_usart.o
    0x01000648   0x00000088   Code   RO          484    i.DMA_DeInit        n32wb03x_dma.o
    0x010006d0   0x00000018   Code   RO          485    i.DMA_EnableChannel  n32wb03x_dma.o
    0x010006e8   0x00000006   Code   RO          486    i.DMA_GetCurrDataCounter  n32wb03x_dma.o
    0x010006ee   0x0000000e   Code   RO          487    i.DMA_GetFlagStatus  n32wb03x_dma.o
    0x010006fc   0x00000040   Code   RO          489    i.DMA_Init          n32wb03x_dma.o
    0x0100073c   0x0000000e   Code   RO          490    i.DMA_RequestRemap  n32wb03x_dma.o
    0x0100074a   0x00000002   PAD
    0x0100074c   0x0000000c   Code   RO          563    i.EXTI_ClrITPendBit  n32wb03x_exti.o
    0x01000758   0x0000001c   Code   RO          566    i.EXTI_GetITStatus  n32wb03x_exti.o
    0x01000774   0x00000070   Code   RO          568    i.EXTI_InitPeripheral  n32wb03x_exti.o
    0x010007e4   0x000000b8   Code   RO          628    i.GPIO_InitPeripheral  n32wb03x_gpio.o
    0x0100089c   0x0000001c   Code   RO          629    i.GPIO_InitStruct   n32wb03x_gpio.o
    0x010008b8   0x0000000e   Code   RO          631    i.GPIO_ReadInputDataBit  n32wb03x_gpio.o
    0x010008c6   0x00000004   Code   RO          634    i.GPIO_ResetBits    n32wb03x_gpio.o
    0x010008ca   0x00000004   Code   RO          635    i.GPIO_SetBits      n32wb03x_gpio.o
    0x010008ce   0x00000004   Code   RO         1830    i.LPUART_ClrFlag    n32wb03x_lpuart.o
    0x010008d2   0x00000002   PAD
    0x010008d4   0x00000020   Code   RO         1836    i.LPUART_DeInit     n32wb03x_lpuart.o
    0x010008f4   0x0000000e   Code   RO         1841    i.LPUART_GetFlagStatus  n32wb03x_lpuart.o
    0x01000902   0x00000002   PAD
    0x01000904   0x000000d0   Code   RO         1843    i.LPUART_Init       n32wb03x_lpuart.o
    0x010009d4   0x00000004   Code   RO         1845    i.LPUART_SendData   n32wb03x_lpuart.o
    0x010009d8   0x00000008   Code   RO         4325    i.LedOff            bsp_gpio.o
    0x010009e0   0x00000008   Code   RO         4326    i.LedOn             bsp_gpio.o
    0x010009e8   0x00000078   Code   RO          153    i.NVIC_Init         misc.o
    0x01000a60   0x00000024   Code   RO         1945    i.Qflash_Erase_Sector  n32wb03x_qflash.o
    0x01000a84   0x00000038   Code   RO         1946    i.Qflash_Init       n32wb03x_qflash.o
    0x01000abc   0x00000024   Code   RO         1948    i.Qflash_Write      n32wb03x_qflash.o
    0x01000ae0   0x0000001c   Code   RO          748    i.RCC_ConfigLpuartClk  n32wb03x_rcc.o
    0x01000afc   0x00000018   Code   RO          756    i.RCC_EnableAHBPeriphClk  n32wb03x_rcc.o
    0x01000b14   0x00000018   Code   RO          760    i.RCC_EnableAPB2PeriphClk  n32wb03x_rcc.o
    0x01000b2c   0x00000018   Code   RO          763    i.RCC_EnableLpuartClk  n32wb03x_rcc.o
    0x01000b44   0x00000074   Code   RO          768    i.RCC_GetClocksFreqValue  n32wb03x_rcc.o
    0x01000bb8   0x00000014   Code   RO          771    i.RCC_GetLpuartClkSrc  n32wb03x_rcc.o
    0x01000bcc   0x00000010   Code   RO         4357    i.SysTick_Handler   bsp.o
    0x01000bdc   0x00000010   Code   RO           11    i.SystemCoreClockUpdate  system_n32wb03x.o
    0x01000bec   0x00000030   Code   RO           12    i.SystemGetMacAddr  system_n32wb03x.o
    0x01000c1c   0x00000164   Code   RO           14    i.SystemInit        system_n32wb03x.o
    0x01000d80   0x00000038   Code   RO           16    i.SystemTrimValueRead  system_n32wb03x.o
    0x01000db8   0x0000000c   Code   RO         4358    i.SystickGetime     bsp.o
    0x01000dc4   0x0000001c   Code   RO         4508    i.USART1_IRQHandler  bsp_usart.o
    0x01000de0   0x00000032   Code   RO         1514    i.USART_ConfigInt   n32wb03x_usart.o
    0x01000e12   0x00000002   PAD
    0x01000e14   0x0000001c   Code   RO         1519    i.USART_Enable      n32wb03x_usart.o
    0x01000e30   0x00000010   Code   RO         1520    i.USART_EnableDMA   n32wb03x_usart.o
    0x01000e40   0x0000000e   Code   RO         1526    i.USART_GetFlagStatus  n32wb03x_usart.o
    0x01000e4e   0x00000002   PAD
    0x01000e50   0x00000088   Code   RO         1528    i.USART_Init        n32wb03x_usart.o
    0x01000ed8   0x00000020   Code   RO         4832    i.__0printf$8       mc_p.l(printf8.o)
    0x01000ef8   0x00000428   Code   RO         4839    i._printf_core      mc_p.l(printf8.o)
    0x01001320   0x00000020   Code   RO         4840    i._printf_post_padding  mc_p.l(printf8.o)
    0x01001340   0x0000002c   Code   RO         4841    i._printf_pre_padding  mc_p.l(printf8.o)
    0x0100136c   0x00000074   Code   RO         4175    i.app_ble_adv_init  app_ble.o
    0x010013e0   0x00000002   Code   RO         4176    i.app_ble_adv_msg_handler  app_ble.o
    0x010013e2   0x00000002   PAD
    0x010013e4   0x00000094   Code   RO         4179    i.app_ble_gap_params_init  app_ble.o
    0x01001478   0x0000004c   Code   RO         4180    i.app_ble_init      app_ble.o
    0x010014c4   0x00000058   Code   RO         4181    i.app_ble_msg_handler  app_ble.o
    0x0100151c   0x00000050   Code   RO         4183    i.app_ble_sec_init  app_ble.o
    0x0100156c   0x00000010   Code   RO         3908    i.app_conn_params_update_evt_handler  ns_ble_task.o
    0x0100157c   0x000000cc   Code   RO         3514    i.app_create_advertising  ns_ble.o
    0x01001648   0x0000005c   Code   RO         4067    i.app_dis_add_dis   app_dis.o
    0x010016a4   0x00000104   Code   RO         3909    i.app_entry_point_handler  ns_ble_task.o
    0x010017a8   0x0000001c   Code   RO         3910    i.app_init_timeout_evt_handler  ns_ble_task.o
    0x010017c4   0x000000ac   Code   RO         3911    i.app_lsi_calib_evt_handler  ns_ble_task.o
    0x01001870   0x00000068   Code   RO         4122    i.app_rdtss_add_rdts  app_rdtss.o
    0x010018d8   0x00000004   Code   RO         3273    i.app_sec_msg_dflt_handler  ns_sec.o
    0x010018dc   0x00000074   Code   RO         3515    i.app_set_adv_data  ns_ble.o
    0x01001950   0x000000c0   Code   RO         3516    i.app_set_scan_rsp_data  ns_ble.o
    0x01001a10   0x00000070   Code   RO         3517    i.app_start_advertising  ns_ble.o
    0x01001a80   0x000000d4   Code   RO         4509    i.app_usart_configuration  bsp_usart.o
    0x01001b54   0x00000070   Code   RO         4510    i.app_usart_dma_enable  bsp_usart.o
    0x01001bc4   0x000000ac   Code   RO         4511    i.app_usart_rx_data_fifo_enter  bsp_usart.o
    0x01001c70   0x000000b4   Code   RO         4512    i.app_usart_tx_fifo_enter  bsp_usart.o
    0x01001d24   0x00000044   Code   RO         4513    i.app_usart_tx_process  bsp_usart.o
    0x01001d68   0x00000014   Code   RO         4184    i.app_user_msg_handler  app_ble.o
    0x01001d7c   0x000000c0   Code   RO         2006    i.attm_att_set_value  lib_att.o
    0x01001e3c   0x00000028   Code   RO         4275    i.borad_init        app.o
    0x01001e64   0x000000b4   Code   RO         4400    i.bsp_DigitronDisplay  bsp_smg.o
    0x01001f18   0x00000078   Code   RO         4401    i.bsp_DigitronDisplayTime  bsp_smg.o
    0x01001f90   0x00000026   Code   RO         4402    i.bsp_DigitronPowerBrightnessSet  bsp_smg.o
    0x01001fb6   0x00000002   PAD
    0x01001fb8   0x00000064   Code   RO         4359    i.bsp_init          bsp.o
    0x0100201c   0x0000002c   Code   RO         4480    i.bsp_key_init      bsp_key.o
    0x01002048   0x00000070   Code   RO         4481    i.bsp_key_scan      bsp_key.o
    0x010020b8   0x00000038   Code   RO         4360    i.bsp_run           bsp.o
    0x010020f0   0x0000002a   Code   RO         3047    i.check_client_char_cfg  rdts_common.o
    0x0100211a   0x0000002a   Code   RO         2685    i.diss_check_val_len  diss.o
    0x01002144   0x00000002   Code   RO         2686    i.diss_cleanup      diss.o
    0x01002146   0x00000002   Code   RO         2688    i.diss_create       diss.o
    0x01002148   0x0000003e   Code   RO         2689    i.diss_destroy      diss.o
    0x01002186   0x00000034   Code   RO         2690    i.diss_handle_to_value  diss.o
    0x010021ba   0x00000002   PAD
    0x010021bc   0x000000a0   Code   RO         2691    i.diss_init         diss.o
    0x0100225c   0x00000008   Code   RO         2692    i.diss_prf_itf_get  diss.o
    0x01002264   0x0000009c   Code   RO         2784    i.diss_set_value_req_handler  diss_task.o
    0x01002300   0x00000020   Code   RO         2785    i.diss_task_init    diss_task.o
    0x01002320   0x0000007c   Code   RO         2786    i.diss_value_cfm_handler  diss_task.o
    0x0100239c   0x000000c0   Code   RO         4069    i.diss_value_req_ind_handler  app_dis.o
    0x0100245c   0x0000003a   Code   RO         2693    i.diss_value_to_handle  diss.o
    0x01002496   0x00000002   PAD
    0x01002498   0x0000005c   Code   RO         4405    i.drv_soft_iic_init  bsp_smg.o
    0x010024f4   0x0000005c   Code   RO         4408    i.drv_soft_iic_send_byte  bsp_smg.o
    0x01002550   0x0000003c   Code   RO         4409    i.drv_soft_iic_start  bsp_smg.o
    0x0100258c   0x0000003c   Code   RO         4410    i.drv_soft_iic_stop  bsp_smg.o
    0x010025c8   0x00000058   Code   RO         4411    i.drv_soft_iic_wait_ack  bsp_smg.o
    0x01002620   0x00000040   Code   RO         3092    i.fputc             ns_log_lpuart.o
    0x01002660   0x000000f0   Code   RO         3274    i.gapc_bond_ind_handler  ns_sec.o
    0x01002750   0x000001f0   Code   RO         3275    i.gapc_bond_req_ind_handler  ns_sec.o
    0x01002940   0x00000028   Code   RO         3912    i.gapc_cmp_evt_handler  ns_ble_task.o
    0x01002968   0x00000064   Code   RO         3913    i.gapc_conn_rssi_ind_handler  ns_ble_task.o
    0x010029cc   0x00000178   Code   RO         3914    i.gapc_connection_req_ind_handler  ns_ble_task.o
    0x01002b44   0x0000008c   Code   RO         3915    i.gapc_disconnect_ind_handler  ns_ble_task.o
    0x01002bd0   0x00000028   Code   RO         3276    i.gapc_encrypt_ind_handler  ns_sec.o
    0x01002bf8   0x00000150   Code   RO         3277    i.gapc_encrypt_req_ind_handler  ns_sec.o
    0x01002d48   0x00000080   Code   RO         3916    i.gapc_get_dev_info_req_ind_handler  ns_ble_task.o
    0x01002dc8   0x00000030   Code   RO         3917    i.gapc_le_phy_ind_handler  ns_ble_task.o
    0x01002df8   0x0000001c   Code   RO         3918    i.gapc_le_pkt_size_ind_handler  ns_ble_task.o
    0x01002e14   0x00000064   Code   RO         3919    i.gapc_param_update_req_ind_handler  ns_ble_task.o
    0x01002e78   0x00000028   Code   RO         3920    i.gapc_param_updated_ind_handler  ns_ble_task.o
    0x01002ea0   0x00000040   Code   RO         3921    i.gapc_set_dev_info_req_ind_handler  ns_ble_task.o
    0x01002ee0   0x00000034   Code   RO         3922    i.gapm_activity_created_ind_handler  ns_ble_task.o
    0x01002f14   0x00000060   Code   RO         3923    i.gapm_activity_stopped_ind_handler  ns_ble_task.o
    0x01002f74   0x0000002c   Code   RO         3924    i.gapm_addr_solved_ind_handler  ns_ble_task.o
    0x01002fa0   0x000003e8   Code   RO         3925    i.gapm_cmp_evt_handler  ns_ble_task.o
    0x01003388   0x000000ac   Code   RO         3926    i.gapm_ext_adv_repoer_ind_handler  ns_ble_task.o
    0x01003434   0x00000036   Code   RO         3927    i.gapm_gen_rand_nb_ind_handler  ns_ble_task.o
    0x0100346a   0x0000000c   Code   RO         3928    i.gapm_profile_added_ind_handler  ns_ble_task.o
    0x01003476   0x00000002   PAD
    0x01003478   0x00000040   Code   RO         2925    i.gattc_att_info_req_ind_handler  rdtss_task.o
    0x010034b8   0x0000006c   Code   RO         2926    i.gattc_cmp_evt_handler  rdtss_task.o
    0x01003524   0x00000028   Code   RO         3929    i.gattc_cmp_evt_handler  ns_ble_task.o
    0x0100354c   0x0000004c   Code   RO         3930    i.gattc_mtu_changed_ind_handler  ns_ble_task.o
    0x01003598   0x000000c4   Code   RO         2787    i.gattc_read_req_ind_handler  diss_task.o
    0x0100365c   0x000000e0   Code   RO         2927    i.gattc_read_req_ind_handler  rdtss_task.o
    0x0100373c   0x00000110   Code   RO         2928    i.gattc_write_req_ind_handler  rdtss_task.o
    0x0100384c   0x0000006c   Code   RO         3048    i.get_cfg_handle    rdts_common.o
    0x010038b8   0x00000054   Code   RO         3049    i.get_value_handle  rdts_common.o
    0x0100390c   0x00000030   Code   RO         2378    i.llhwc_modem_setmode  rwip_driver.o
    0x0100393c   0x00000130   Code   RO         2379    i.llhwc_phy_prerx_flash  rwip_driver.o
    0x01003a6c   0x00000090   Code   RO         2380    i.llhwc_setmode_reg_config  rwip_driver.o
    0x01003afc   0x00000012   Code   RO         4307    i.main              main.o
    0x01003b0e   0x00000002   PAD
    0x01003b10   0x00000084   Code   RO         3518    i.ns_EXTI4_12_IRQHandler  ns_ble.o
    0x01003b94   0x00000140   Code   RO         3519    i.ns_HardFault_Handler  ns_ble.o
    0x01003cd4   0x00000020   Code   RO         3521    i.ns_ble_add_prf_func_register  ns_ble.o
    0x01003cf4   0x0000002c   Code   RO         3522    i.ns_ble_add_svc    ns_ble.o
    0x01003d20   0x000000dc   Code   RO         3524    i.ns_ble_adv_fsm_next  ns_ble.o
    0x01003dfc   0x00000048   Code   RO         3525    i.ns_ble_adv_init   ns_ble.o
    0x01003e44   0x00000050   Code   RO         3526    i.ns_ble_adv_start  ns_ble.o
    0x01003e94   0x0000004c   Code   RO         3527    i.ns_ble_adv_stop   ns_ble.o
    0x01003ee0   0x0000003c   Code   RO         3530    i.ns_ble_delete_init  ns_ble.o
    0x01003f1c   0x00000038   Code   RO         3531    i.ns_ble_delete_scan  ns_ble.o
    0x01003f54   0x0000002c   Code   RO         3532    i.ns_ble_disconnect  ns_ble.o
    0x01003f80   0x0000006c   Code   RO         3535    i.ns_ble_gap_init   ns_ble.o
    0x01003fec   0x00000024   Code   RO         3538    i.ns_ble_get_connection_num  ns_ble.o
    0x01004010   0x00000050   Code   RO         3541    i.ns_ble_list_set_ral  ns_ble.o
    0x01004060   0x00000084   Code   RO         3543    i.ns_ble_lsc_config  ns_ble.o
    0x010040e4   0x00000028   Code   RO         3547    i.ns_ble_prf_task_register  ns_ble.o
    0x0100410c   0x00000048   Code   RO         3552    i.ns_ble_scan_data_find  ns_ble.o
    0x01004154   0x00000288   Code   RO         3559    i.ns_ble_stack_init  ns_ble.o
    0x010043dc   0x0000010c   Code   RO         3560    i.ns_ble_start_init  ns_ble.o
    0x010044e8   0x000000c0   Code   RO         3561    i.ns_ble_start_scan  ns_ble.o
    0x010045a8   0x00000038   Code   RO         3562    i.ns_ble_stop_init  ns_ble.o
    0x010045e0   0x0000003c   Code   RO         3563    i.ns_ble_stop_scan  ns_ble.o
    0x0100461c   0x0000009c   Code   RO         3564    i.ns_ble_update_param  ns_ble.o
    0x010046b8   0x0000002c   Code   RO         3278    i.ns_bond_db_get_size  ns_sec.o
    0x010046e4   0x0000001c   Code   RO         3279    i.ns_bond_db_load   ns_sec.o
    0x01004700   0x00000030   Code   RO         3281    i.ns_bond_last_bonded_peer_id  ns_sec.o
    0x01004730   0x00000064   Code   RO         3282    i.ns_bond_last_bonded_ral_info  ns_sec.o
    0x01004794   0x00000060   Code   RO         3283    i.ns_bond_resolv_addr_start  ns_sec.o
    0x010047f4   0x0000007c   Code   RO         3284    i.ns_bond_search_addr_irk  ns_sec.o
    0x01004870   0x00000064   Code   RO         3094    i.ns_log_lpuart_init  ns_log_lpuart.o
    0x010048d4   0x00000108   Code   RO         3567    i.ns_peripheral_config  ns_ble.o
    0x010049dc   0x00000160   Code   RO         3286    i.ns_sec_bond_store_evt_handler  ns_sec.o
    0x01004b3c   0x00000010   Code   RO         3287    i.ns_sec_get_bond_status  ns_sec.o
    0x01004b4c   0x0000000c   Code   RO         3288    i.ns_sec_get_iocap  ns_sec.o
    0x01004b58   0x00000068   Code   RO         3289    i.ns_sec_init       ns_sec.o
    0x01004bc0   0x00000018   Code   RO         3135    i.ns_sleep_lock_acquire  ns_sleep.o
    0x01004bd8   0x00000014   Code   RO         3136    i.ns_sleep_lock_release  ns_sleep.o
    0x01004bec   0x000000c8   Code   RO         3211    i.ns_timer_api_process_handler  ns_timer.o
    0x01004cb4   0x00000088   Code   RO         2559    i.prf_add_profile   prf.o
    0x01004d3c   0x00000010   Code   RO         2562    i.prf_dst_task_get  prf.o
    0x01004d4c   0x00000030   Code   RO         2563    i.prf_env_get       prf.o
    0x01004d7c   0x00000038   Code   RO         2564    i.prf_get_id_from_task  prf.o
    0x01004db4   0x00000028   Code   RO         2565    i.prf_get_itf_func_register  prf.o
    0x01004ddc   0x00000038   Code   RO         2566    i.prf_get_task_from_id  prf.o
    0x01004e14   0x000000b4   Code   RO         2567    i.prf_init          prf.o
    0x01004ec8   0x00000030   Code   RO         2568    i.prf_itf_get       prf.o
    0x01004ef8   0x0000003a   Code   RO         2929    i.rdtss_att_get_value  rdtss_task.o
    0x01004f32   0x00000002   PAD
    0x01004f34   0x00000040   Code   RO         2930    i.rdtss_att_info_rsp_handler  rdtss_task.o
    0x01004f74   0x00000068   Code   RO         2931    i.rdtss_att_set_value  rdtss_task.o
    0x01004fdc   0x0000004c   Code   RO         2874    i.rdtss_cleanup     rdtss.o
    0x01005028   0x0000004c   Code   RO         2875    i.rdtss_create      rdtss.o
    0x01005074   0x00000042   Code   RO         2876    i.rdtss_destroy     rdtss.o
    0x010050b6   0x0000001c   Code   RO         3050    i.rdtss_get_att_handle  rdts_common.o
    0x010050d2   0x00000028   Code   RO         3051    i.rdtss_get_att_idx  rdts_common.o
    0x010050fa   0x00000098   Code   RO         2877    i.rdtss_init        rdtss.o
    0x01005192   0x00000002   PAD
    0x01005194   0x000000a4   Code   RO         2932    i.rdtss_init_ccc_values  rdtss_task.o
    0x01005238   0x00000008   Code   RO         2878    i.rdtss_prf_itf_get  rdtss.o
    0x01005240   0x00000048   Code   RO         4124    i.rdtss_send_notify  app_rdtss.o
    0x01005288   0x00000034   Code   RO         2933    i.rdtss_set_ccc_value  rdtss_task.o
    0x010052bc   0x00000020   Code   RO         2934    i.rdtss_task_init   rdtss_task.o
    0x010052dc   0x000000b0   Code   RO         2935    i.rdtss_val_ind_req_handler  rdtss_task.o
    0x0100538c   0x0000000a   Code   RO         4125    i.rdtss_val_ntf_cfm_handler  app_rdtss.o
    0x01005396   0x00000002   PAD
    0x01005398   0x000000c4   Code   RO         2936    i.rdtss_val_ntf_req_handler  rdtss_task.o
    0x0100545c   0x00000020   Code   RO         2937    i.rdtss_val_set_req_handler  rdtss_task.o
    0x0100547c   0x00000024   Code   RO         4126    i.rdtss_val_write_ind_handler  app_rdtss.o
    0x010054a0   0x0000003c   Code   RO         4127    i.rdtss_value_req_ind_handler  app_rdtss.o
    0x010054dc   0x00000080   Code   RO         2938    i.rdtss_value_req_rsp_handler  rdtss_task.o
    0x0100555c   0x00000118   Code   RO         2127    i.rwip_init         rwip.o
    0x01005674   0x000000ec   Code   RO         2387    i.rwip_slp_isr      rwip_driver.o
    0x01005760   0x00000002   Code   RO         3216    i.timer_canceled_handler  ns_timer.o
    0x01005762   0x00000002   Code   RO         3217    i.timer_modified_handler  ns_timer.o
    0x01005764   0x00000060   Code   RO         4514    i.usart_forward_to_ble_loop  bsp_usart.o
    0x010057c4   0x00000054   Code   RO         4515    i.usart_rx_check_in_irq  bsp_usart.o
    0x01005818   0x0000005c   Code   RO         4517    i.usart_tx_dma_send  bsp_usart.o
    0x01005874   0x00000140   Data   RO           19    .constdata          system_n32wb03x.o
    0x010059b4   0x0000000c   Data   RO          776    .constdata          n32wb03x_rcc.o
    0x010059c0   0x000007e4   Data   RO         1950    .constdata          n32wb03x_qflash.o
    0x010061a4   0x0000001e   Data   RO         2388    .constdata          rwip_driver.o
    0x010061c2   0x00000002   PAD
    0x010061c4   0x000000a8   Data   RO         2694    .constdata          diss.o
    0x0100626c   0x00000018   Data   RO         2788    .constdata          diss_task.o
    0x01006284   0x00000010   Data   RO         2879    .constdata          rdtss.o
    0x01006294   0x00000048   Data   RO         2939    .constdata          rdtss_task.o
    0x010062dc   0x00000028   Data   RO         3295    .constdata          ns_sec.o
    0x01006304   0x00000008   Data   RO         3296    .constdata          ns_sec.o
    0x0100630c   0x00000349   Data   RO         3569    .constdata          ns_ble.o
    0x01006655   0x00000001   PAD
    0x01006656   0x000000cd   Data   RO         3931    .constdata          ns_ble_task.o
    0x01006723   0x00000001   PAD
    0x01006724   0x000000c0   Data   RO         3932    .constdata          ns_ble_task.o
    0x010067e4   0x0000000c   Data   RO         3933    .constdata          ns_ble_task.o
    0x010067f0   0x00000008   Data   RO         4070    .constdata          app_dis.o
    0x010067f8   0x00000008   Data   RO         4071    .constdata          app_dis.o
    0x01006800   0x000000b2   Data   RO         4128    .constdata          app_rdtss.o
    0x010068b2   0x00000002   PAD
    0x010068b4   0x00000018   Data   RO         4129    .constdata          app_rdtss.o
    0x010068cc   0x00000020   Data   RO         4945    Region$$Table       anon$$obj.o


    Execution Region RW_IRAM1 (Base: 0x20004000, Size: 0x00001920, Max: 0x00008000, ABSOLUTE, COMPRESSED[0x000000dc])

    Base Addr    Size         Type   Attr      Idx    E Section Name        Object

    0x20004000   0x00000004   Data   RW           20    .data               system_n32wb03x.o
    0x20004004   0x0000000c   Data   RW         1951    .data               n32wb03x_qflash.o
    0x20004010   0x00000014   Data   RW         2389    .data               rwip_driver.o
    0x20004024   0x00000001   Data   RW         3095    .data               ns_log_lpuart.o
    0x20004025   0x00000003   PAD
    0x20004028   0x00000004   Data   RW         3137    .data               ns_sleep.o
    0x2000402c   0x00000014   PAD
    0x20004040   0x000000f4   Data   RW         3570    .data               ns_ble.o
    0x20004134   0x00000002   Data   RW         3934    .data               ns_ble_task.o
    0x20004136   0x00000001   Data   RW         3935    .data               ns_ble_task.o
    0x20004137   0x00000001   PAD
    0x20004138   0x00000008   Data   RW         4361    .data               bsp.o
    0x20004140   0x00000014   Data   RW         4412    .data               bsp_smg.o
    0x20004154   0x00000010   Data   RW         4482    .data               bsp_key.o
    0x20004164   0x00000018   Data   RW         4519    .data               bsp_usart.o
    0x2000417c   0x00000004   Data   RW         4615    .data               mc_p.l(rand.o)
    0x20004180   0x00000034   Zero   RW           18    .bss                system_n32wb03x.o
    0x200041b4   0x00000328   Zero   RW         1949    .bss                n32wb03x_qflash.o
    0x200044dc   0x0000011c   Zero   RW         2570    .bss                prf.o
    0x200045f8   0x00000050   Zero   RW         3218    .bss                ns_timer.o
    0x20004648   0x0000005c   Zero   RW         3294    .bss                ns_sec.o
    0x200046a4   0x000001ac   Zero   RW         3568    .bss                ns_ble.o
    0x20004850   0x000008d0   Zero   RW         4518    .bss                bsp_usart.o
    0x20005120   0x00000800   Zero   RW            1    STACK               startup_n32wb03x.o


==============================================================================

Image component sizes


      Code (inc. data)   RO Data    RW Data    ZI Data      Debug   Object Name

        40         20          0          0          0       1305   app.o
       530        116          0          0          0      11776   app_ble.o
       284        102         16          0          0       8348   app_dis.o
       282         44        202          0          0       4996   app_rdtss.o
       184         38          0          8          0       8346   bsp.o
        16          0          0          0          0       1233   bsp_gpio.o
       156         16          0         16          0       1242   bsp_key.o
       730         38          0         20          0       5521   bsp_smg.o
      1284        186          0         24       2256      14673   bsp_usart.o
       386         12        168          0          0      17214   diss.o
       508         20         24          0          0      18690   diss_task.o
       192         20          0          0          0      30706   lib_att.o
        18          0          0          0          0        407   main.o
       120         18          0          0          0       6916   misc.o
       278         40          0          0          0       5932   n32wb03x_dma.o
       152         14          0          0          0       2393   n32wb03x_exti.o
       234          6          0          0          0       3912   n32wb03x_gpio.o
       262         24          0          0          0       4720   n32wb03x_lpuart.o
       128         38       2020         12        808       4164   n32wb03x_qflash.o
       236         56         12          0          0       4470   n32wb03x_rcc.o
       244         22          0          0          0       5094   n32wb03x_usart.o
      3872        910        841        244        428      87284   ns_ble.o
      3086        446        409          3          0      28013   ns_ble_task.o
       164         18          0          1          0       2384   ns_log_lpuart.o
      2040        264         48          0         92     103442   ns_sec.o
        44          8          0          4          0       1416   ns_sleep.o
       204         34          0          0         80       6069   ns_timer.o
       580         40          0          0        284       8662   prf.o
       302         16          0          0          0       6327   rdts_common.o
       378         16         16          0          0       6216   rdtss.o
      1674         72         72          0          0      30737   rdtss_task.o
       280         82          0          0          0      82170   rwip.o
       732        240         30         20          0      64256   rwip_driver.o
        28          8        192          0       2048        688   startup_n32wb03x.o
       490         58        320          4         52     130583   system_n32wb03x.o

    ----------------------------------------------------------------------
     20288       3082       4408        380       6048     720305   Object Totals
       120         40         32          0          0          0   (incl. Generated)
        30          0          6         24          0          0   (incl. Padding)

    ----------------------------------------------------------------------

      Code (inc. data)   RO Data    RW Data    ZI Data      Debug   Library Member Name

        86          0          0          0          0          0   __dczerorl2.o
         0          0          0          0          0          0   entry.o
         0          0          0          0          0          0   entry10a.o
         0          0          0          0          0          0   entry11a.o
         8          4          0          0          0          0   entry2.o
         4          0          0          0          0          0   entry5.o
         0          0          0          0          0          0   entry7b.o
         0          0          0          0          0          0   entry8b.o
         8          4          0          0          0          0   entry9a.o
        40          0          0          0          0         72   idiv.o
        36          8          0          0          0         68   init.o
         0          0          0          0          0          0   iusefp.o
        32          0          0          0          0         68   llshl.o
        34          0          0          0          0         68   llushr.o
        26          0          0          0          0         72   memcmp.o
        36          0          0          0          0         60   memcpya.o
        36          0          0          0          0        100   memseta.o
      1172         52          0          0          0        324   printf8.o
        36         12          0          4          0        120   rand.o
        44          0          0          0          0         72   uidiv.o
        96          0          0          0          0         84   uldiv.o
       124          0          0          0          0         72   fdiv.o
       130          0          0          0          0        144   fepilogue.o
        48          0          0          0          0         68   ffixul.o
        14          0          0          0          0         68   ffltui.o
        28          0          0          0          0         68   ffltul.o
       122          0          0          0          0         72   fmul.o

    ----------------------------------------------------------------------
      2164         80          0          4          0       1600   Library Totals
         4          0          0          0          0          0   (incl. Padding)

    ----------------------------------------------------------------------

      Code (inc. data)   RO Data    RW Data    ZI Data      Debug   Library Name

      1694         80          0          4          0       1108   mc_p.l
       466          0          0          0          0        492   mf_p.l

    ----------------------------------------------------------------------
      2164         80          0          4          0       1600   Library Totals

    ----------------------------------------------------------------------

==============================================================================


      Code (inc. data)   RO Data    RW Data    ZI Data      Debug   

     22452       3162       4408        384       6048     712105   Grand Totals
     22452       3162       4408        220       6048     712105   ELF Image Totals (compressed)
     22452       3162       4408        220          0          0   ROM Totals

==============================================================================

    Total RO  Size (Code + RO Data)                26860 (  26.23kB)
    Total RW  Size (RW Data + ZI Data)              6432 (   6.28kB)
    Total ROM Size (Code + RO Data + RW Data)      27080 (  26.45kB)

==============================================================================

