Component: ARM Compiler 5.06 update 6 (build 750) Tool: armlink [4d35ed]

==============================================================================

Section Cross References

    startup_n32wb03x.o(RESET) refers to startup_n32wb03x.o(STACK) for __initial_sp
    startup_n32wb03x.o(RESET) refers to startup_n32wb03x.o(.text) for Reset_Handler
    startup_n32wb03x.o(RESET) refers to bsp.o(i.SysTick_Handler) for SysTick_Handler
    startup_n32wb03x.o(RESET) refers to app_usart.o(i.DMA_Channel1_2_3_4_IRQHandler) for DMA_Channel1_2_3_4_IRQHandler
    startup_n32wb03x.o(RESET) refers to app_usart.o(i.USART1_IRQHandler) for USART1_IRQHandler
    startup_n32wb03x.o(.text) refers to system_n32wb03x.o(i.SystemInit) for SystemInit
    startup_n32wb03x.o(.text) refers to entry.o(.ARM.Collect$$$$00000000) for __main
    system_n32wb03x.o(i.SystemCoreClockUpdate) refers to system_n32wb03x.o(.data) for .data
    system_n32wb03x.o(i.SystemGetMacAddr) refers to system_n32wb03x.o(i.SystemTrimValueRead) for SystemTrimValueRead
    system_n32wb03x.o(i.SystemGetMacAddr) refers to system_n32wb03x.o(.bss) for .bss
    system_n32wb03x.o(i.SystemGetUUID) refers to system_n32wb03x.o(i.SystemTrimValueRead) for SystemTrimValueRead
    system_n32wb03x.o(i.SystemGetUUID) refers to system_n32wb03x.o(.bss) for .bss
    system_n32wb03x.o(i.SystemInit) refers to system_n32wb03x.o(i.SystemTrimValueRead) for SystemTrimValueRead
    system_n32wb03x.o(i.SystemInit) refers to system_n32wb03x.o(.emb_text) for system_delay_cycles
    system_n32wb03x.o(i.SystemInit) refers to system_n32wb03x.o(.bss) for .bss
    system_n32wb03x.o(i.SystemTrimValueGet) refers to system_n32wb03x.o(i.SystemTrimValueRead) for SystemTrimValueRead
    system_n32wb03x.o(i.SystemTrimValueGet) refers to system_n32wb03x.o(.bss) for .bss
    system_n32wb03x.o(i.SystemTrimValueRead) refers to memcpya.o(.text) for __aeabi_memcpy
    system_n32wb03x.o(i.SystemTrimValueRead) refers to system_n32wb03x.o(.constdata) for .constdata
    system_n32wb03x.o(i.system_delay_n_10us) refers to system_n32wb03x.o(.emb_text) for system_delay_cycles
    n32wb03x_adc.o(i.ADC16Bit_ConverValueToVoltage) refers to system_n32wb03x.o(i.SystemTrimValueGet) for SystemTrimValueGet
    n32wb03x_adc.o(i.ADC16Bit_ConverValueToVoltage) refers to idiv.o(.text) for __aeabi_idivmod
    n32wb03x_adc.o(i.ADC_ConverValueToTemperature) refers to system_n32wb03x.o(i.SystemTrimValueGet) for SystemTrimValueGet
    n32wb03x_adc.o(i.ADC_ConverValueToTemperature) refers to ffltui.o(.text) for __aeabi_ui2f
    n32wb03x_adc.o(i.ADC_ConverValueToTemperature) refers to fadd.o(.text) for __aeabi_frsub
    n32wb03x_adc.o(i.ADC_ConverValueToTemperature) refers to f2d.o(.text) for __aeabi_f2d
    n32wb03x_adc.o(i.ADC_ConverValueToTemperature) refers to ddiv.o(.text) for __aeabi_ddiv
    n32wb03x_adc.o(i.ADC_ConverValueToTemperature) refers to dadd.o(.text) for __aeabi_dadd
    n32wb03x_adc.o(i.ADC_ConverValueToTemperature) refers to d2f.o(.text) for __aeabi_d2f
    n32wb03x_adc.o(i.ADC_ConverValueToVoltage) refers to system_n32wb03x.o(i.SystemTrimValueGet) for SystemTrimValueGet
    n32wb03x_adc.o(i.ADC_ConverValueToVoltage) refers to idiv.o(.text) for __aeabi_idivmod
    n32wb03x_adc.o(i.ADC_DeInit) refers to n32wb03x_rcc.o(i.RCC_EnableAHBPeriphReset) for RCC_EnableAHBPeriphReset
    n32wb03x_adc.o(i.ADC_DeInit) refers to n32wb03x_rcc.o(i.RCC_EnableAHBPeriphClk) for RCC_EnableAHBPeriphClk
    n32wb03x_gpio.o(i.GPIO_AFIOInitDefault) refers to n32wb03x_rcc.o(i.RCC_EnableAPB2PeriphReset) for RCC_EnableAPB2PeriphReset
    n32wb03x_gpio.o(i.GPIO_DeInit) refers to n32wb03x_rcc.o(i.RCC_EnableAPB2PeriphReset) for RCC_EnableAPB2PeriphReset
    n32wb03x_rcc.o(i.RCC_GetClocksFreqValue) refers to n32wb03x_rcc.o(.constdata) for .constdata
    n32wb03x_rcc.o(i.RCC_WaitHseStable) refers to n32wb03x_rcc.o(i.RCC_GetFlagStatus) for RCC_GetFlagStatus
    n32wb03x_rcc.o(i.RCC_WaitHsiStable) refers to n32wb03x_rcc.o(i.RCC_GetFlagStatus) for RCC_GetFlagStatus
    n32wb03x_tim.o(i.TIM_ConfigExtTrigAsClk) refers to n32wb03x_tim.o(i.ConfigTI1) for ConfigTI1
    n32wb03x_tim.o(i.TIM_ConfigExtTrigAsClk) refers to n32wb03x_tim.o(i.ConfigTI2) for ConfigTI2
    n32wb03x_tim.o(i.TIM_ConfigPwmIc) refers to n32wb03x_tim.o(i.ConfigTI2) for ConfigTI2
    n32wb03x_tim.o(i.TIM_ConfigPwmIc) refers to n32wb03x_tim.o(i.ConfigTI1) for ConfigTI1
    n32wb03x_tim.o(i.TIM_DeInit) refers to n32wb03x_rcc.o(i.RCC_EnableAPB2PeriphReset) for RCC_EnableAPB2PeriphReset
    n32wb03x_tim.o(i.TIM_DeInit) refers to n32wb03x_rcc.o(i.RCC_EnableAPB1PeriphReset) for RCC_EnableAPB1PeriphReset
    n32wb03x_tim.o(i.TIM_ICInit) refers to n32wb03x_tim.o(i.ConfigTI1) for ConfigTI1
    n32wb03x_tim.o(i.TIM_ICInit) refers to n32wb03x_tim.o(i.ConfigTI2) for ConfigTI2
    n32wb03x_usart.o(i.USART_DeInit) refers to n32wb03x_rcc.o(i.RCC_EnableAPB2PeriphReset) for RCC_EnableAPB2PeriphReset
[...]
    gapm_get_max_mtu                         0x0000dd1d   Thumb Code     0  symbol_g15.obj ABSOLUTE
    gapm_get_operation                       0x0000dd29   Thumb Code     0  symbol_g15.obj ABSOLUTE
    gapm_get_ral_addr_cmd_handler            0x0000dd41   Thumb Code     0  symbol_g15.obj ABSOLUTE
    gapm_get_requester                       0x0000dd99   Thumb Code     0  symbol_g15.obj ABSOLUTE
    gapm_get_task_from_id                    0x0000ddb5   Thumb Code     0  symbol_g15.obj ABSOLUTE
    gapm_init                                0x0000de5d   Thumb Code     0  symbol_g15.obj ABSOLUTE
    gapm_is_legacy_pairing_supp              0x0000defd   Thumb Code     0  symbol_g15.obj ABSOLUTE
    gapm_is_pref_con_param_pres              0x0000df0d   Thumb Code     0  symbol_g15.obj ABSOLUTE
    gapm_is_sec_con_pairing_supp             0x0000df1d   Thumb Code     0  symbol_g15.obj ABSOLUTE
    gapm_le_test_mode_ctrl_cmd_handler       0x0000df2d   Thumb Code     0  symbol_g15.obj ABSOLUTE
    gapm_lepsm_register_cmd_handler          0x0000e01d   Thumb Code     0  symbol_g15.obj ABSOLUTE
    gapm_lepsm_unregister_cmd_handler        0x0000e045   Thumb Code     0  symbol_g15.obj ABSOLUTE
    gapm_list_set_cmd_handler                0x0000e06d   Thumb Code     0  symbol_g15.obj ABSOLUTE
    gapm_process_op                          0x0000e271   Thumb Code     0  symbol_g15.obj ABSOLUTE
    gapm_profile_task_add_cmd_handler        0x0000e355   Thumb Code     0  symbol_g15.obj ABSOLUTE
    gapm_reset_cmd_handler                   0x0000e3d9   Thumb Code     0  symbol_g15.obj ABSOLUTE
    gapm_resolv_addr_cmd_handler             0x0000e44d   Thumb Code     0  symbol_g15.obj ABSOLUTE
    gapm_send_complete_evt                   0x0000e49d   Thumb Code     0  symbol_g15.obj ABSOLUTE
    gapm_send_error_evt                      0x0000e4e5   Thumb Code     0  symbol_g15.obj ABSOLUTE
    gapm_set_adv_data_cmd_handler            0x0000e509   Thumb Code     0  symbol_g15.obj ABSOLUTE
    gapm_set_channel_map_cmd_handler         0x0000e669   Thumb Code     0  symbol_g15.obj ABSOLUTE
    gapm_set_dev_config_cmd_handler          0x0000e6c9   Thumb Code     0  symbol_g15.obj ABSOLUTE
    gapm_set_irk_cmd_handler                 0x0000e839   Thumb Code     0  symbol_g15.obj ABSOLUTE
    gapm_use_enc_block_cmd_handler           0x0000ea51   Thumb Code     0  symbol_g15.obj ABSOLUTE
    gattc_cleanup                            0x0000ebcd   Thumb Code     0  symbol_g15.obj ABSOLUTE
    gattc_con_enable                         0x0000ed79   Thumb Code     0  symbol_g15.obj ABSOLUTE
    gattc_con_info_send                      0x0000ee29   Thumb Code     0  symbol_g15.obj ABSOLUTE
    gattc_create                             0x0000ee9d   Thumb Code     0  symbol_g15.obj ABSOLUTE
    gattc_db_updated                         0x0000ef1d   Thumb Code     0  symbol_g15.obj ABSOLUTE
    gattc_get_l2c_code                       0x0000eff5   Thumb Code     0  symbol_g15.obj ABSOLUTE
    gattc_get_mtu                            0x0000f005   Thumb Code     0  symbol_g15.obj ABSOLUTE
    gattc_get_operation                      0x0000f015   Thumb Code     0  symbol_g15.obj ABSOLUTE
    gattc_get_operation_ptr                  0x0000f031   Thumb Code     0  symbol_g15.obj ABSOLUTE
    gattc_init                               0x0000f041   Thumb Code     0  symbol_g15.obj ABSOLUTE
    gattc_is_db_out_of_sync                  0x0000f099   Thumb Code     0  symbol_g15.obj ABSOLUTE
    gattc_process_op                         0x0000f251   Thumb Code     0  symbol_g15.obj ABSOLUTE
    gattc_send_complete_evt                  0x0000f565   Thumb Code     0  symbol_g15.obj ABSOLUTE
    gattc_send_error_evt                     0x0000f5c5   Thumb Code     0  symbol_g15.obj ABSOLUTE
    gattc_set_mtu                            0x0000f649   Thumb Code     0  symbol_g15.obj ABSOLUTE
    gattc_set_operation_ptr                  0x0000f6b1   Thumb Code     0  symbol_g15.obj ABSOLUTE
    gattc_svc_att_info_req_ind_handler       0x0000f6c1   Thumb Code     0  symbol_g15.obj ABSOLUTE
    gattc_svc_chg_ind_send                   0x0000f70d   Thumb Code     0  symbol_g15.obj ABSOLUTE
    gattc_svc_read_req_ind_handler           0x0000f761   Thumb Code     0  symbol_g15.obj ABSOLUTE
    gattc_svc_write_req_ind_handler          0x0000f7fd   Thumb Code     0  symbol_g15.obj ABSOLUTE
    gattc_update_state                       0x0000f931   Thumb Code     0  symbol_g15.obj ABSOLUTE
    gattm_att_hdl_to_idx                     0x0000fb05   Thumb Code     0  symbol_g15.obj ABSOLUTE
    gattm_att_idx_to_hdl                     0x0000fb25   Thumb Code     0  symbol_g15.obj ABSOLUTE
    gattm_cleanup                            0x0000fb6d   Thumb Code     0  symbol_g15.obj ABSOLUTE
    gattm_create                             0x0000fb77   Thumb Code     0  symbol_g15.obj ABSOLUTE
    gattm_db_updated                         0x0000fb81   Thumb Code     0  symbol_g15.obj ABSOLUTE
    gattm_init                               0x0000fbc9   Thumb Code     0  symbol_g15.obj ABSOLUTE
    h4tl_init                                0x0000fee1   Thumb Code     0  symbol_g15.obj ABSOLUTE
    h4tl_read_start_next                     0x0000ff89   Thumb Code     0  symbol_g15.obj ABSOLUTE
    h4tl_write                               0x00010249   Thumb Code     0  symbol_g15.obj ABSOLUTE
    handle_all_data                          0x000102b5   Thumb Code     0  symbol_g15.obj ABSOLUTE
    hci_acl_data_handler                     0x000103d9   Thumb Code     0  symbol_g15.obj ABSOLUTE
    hci_acl_tx_data_alloc                    0x00010545   Thumb Code     0  symbol_g15.obj ABSOLUTE
    hci_acl_tx_data_received                 0x000105ad   Thumb Code     0  symbol_g15.obj ABSOLUTE
    hci_acl_tx_trigger                       0x00010605   Thumb Code     0  symbol_g15.obj ABSOLUTE
    hci_basic_cmd_cmp_evt_cfg_handler        0x00010665   Thumb Code     0  symbol_g15.obj ABSOLUTE
    hci_basic_cmd_cmp_evt_rl_cfg_handler     0x000106f1   Thumb Code     0  symbol_g15.obj ABSOLUTE
    hci_basic_cmd_send_2_controller          0x0001073d   Thumb Code     0  symbol_g15.obj ABSOLUTE
    hci_ble_conhdl_register                  0x00010755   Thumb Code     0  symbol_g15.obj ABSOLUTE
    hci_ble_conhdl_unregister                0x00010765   Thumb Code     0  symbol_g15.obj ABSOLUTE
    hci_cmd_get_max_param_size               0x00010775   Thumb Code     0  symbol_g15.obj ABSOLUTE
    hci_cmd_received                         0x00010789   Thumb Code     0  symbol_g15.obj ABSOLUTE
    hci_command_handler                      0x00010acd   Thumb Code     0  symbol_g15.obj ABSOLUTE
    hci_disconnect_cmd_handler               0x00010b59   Thumb Code     0  symbol_g15.obj ABSOLUTE
    hci_enc_chg_evt_handler                  0x00010bf1   Thumb Code     0  symbol_g15.obj ABSOLUTE
    hci_enc_key_refr_evt_handler             0x00010c13   Thumb Code     0  symbol_g15.obj ABSOLUTE
    hci_evt_mask_set                         0x00010c35   Thumb Code     0  symbol_g15.obj ABSOLUTE
    hci_fc_acl_buf_size_set                  0x00010c8d   Thumb Code     0  symbol_g15.obj ABSOLUTE
    hci_fc_acl_en                            0x00010ca1   Thumb Code     0  symbol_g15.obj ABSOLUTE
    hci_fc_acl_packet_sent                   0x00010cd5   Thumb Code     0  symbol_g15.obj ABSOLUTE
    hci_fc_check_host_available_nb_acl_packets 0x00010ce9   Thumb Code     0  symbol_g15.obj ABSOLUTE
    hci_fc_host_nb_acl_pkts_complete         0x00010d0d   Thumb Code     0  symbol_g15.obj ABSOLUTE
    hci_fc_init                              0x00010d25   Thumb Code     0  symbol_g15.obj ABSOLUTE
    hci_init                                 0x00010e25   Thumb Code     0  symbol_g15.obj ABSOLUTE
    hci_le_add_dev_to_per_adv_list_cmd_handler 0x00010e71   Thumb Code     0  symbol_g15.obj ABSOLUTE
    hci_le_adv_set_term_evt_handler          0x000111fd   Thumb Code     0  symbol_g15.obj ABSOLUTE
    hci_le_ch_sel_algo_evt_handler           0x00011281   Thumb Code     0  symbol_g15.obj ABSOLUTE
    hci_le_clear_adv_sets_cmd_handler        0x000112a5   Thumb Code     0  symbol_g15.obj ABSOLUTE
    hci_le_clear_per_adv_list_cmd_handler    0x00011319   Thumb Code     0  symbol_g15.obj ABSOLUTE
    hci_le_cmd_cmp_evt_addr_handler          0x00011445   Thumb Code     0  symbol_g15.obj ABSOLUTE
    hci_le_cmd_cmp_evt_adv_handler           0x00011465   Thumb Code     0  symbol_g15.obj ABSOLUTE
    hci_le_cmd_cmp_evt_list_handler          0x00011679   Thumb Code     0  symbol_g15.obj ABSOLUTE
    hci_le_con_cte_req_en_cmd_handler        0x000117c9   Thumb Code     0  symbol_g15.obj ABSOLUTE
    hci_le_con_cte_rsp_en_cmd_handler        0x00011909   Thumb Code     0  symbol_g15.obj ABSOLUTE
    hci_le_con_upd_cmd_handler               0x00011b09   Thumb Code     0  symbol_g15.obj ABSOLUTE
    hci_le_create_con_cancel_cmd_handler     0x00011e41   Thumb Code     0  symbol_g15.obj ABSOLUTE
    hci_le_create_con_cmd_handler            0x00011ea1   Thumb Code     0  symbol_g15.obj ABSOLUTE
    hci_le_enh_con_cmp_evt_handler           0x00012275   Thumb Code     0  symbol_g15.obj ABSOLUTE
    hci_le_ext_create_con_cmd_handler        0x0001246d   Thumb Code     0  symbol_g15.obj ABSOLUTE
    hci_le_ltk_req_neg_reply_cmd_handler     0x000129bd   Thumb Code     0  symbol_g15.obj ABSOLUTE
    hci_le_ltk_req_reply_cmd_handler         0x00012a59   Thumb Code     0  symbol_g15.obj ABSOLUTE
    hci_le_ltk_request_evt_handler           0x00012acd   Thumb Code     0  symbol_g15.obj ABSOLUTE
    hci_le_per_adv_create_sync_cancel_cmd_handler 0x00012bf1   Thumb Code     0  symbol_g15.obj ABSOLUTE
    hci_le_per_adv_create_sync_cmd_handler   0x00012cc5   Thumb Code     0  symbol_g15.obj ABSOLUTE
    hci_le_per_adv_set_info_transf_cmd_handler 0x00012d89   Thumb Code     0  symbol_g15.obj ABSOLUTE
    hci_le_per_adv_sync_transf_cmd_handler   0x00012e31   Thumb Code     0  symbol_g15.obj ABSOLUTE
    hci_le_per_adv_term_sync_cmd_handler     0x00012ec1   Thumb Code     0  symbol_g15.obj ABSOLUTE
    hci_le_rd_adv_ch_tx_pw_cmd_handler       0x00012fc1   Thumb Code     0  symbol_g15.obj ABSOLUTE
    hci_le_rd_adv_chnl_tx_pw_cmd_cmp_evt_handler 0x0001300d   Thumb Code     0  symbol_g15.obj ABSOLUTE
    hci_le_rd_chnl_map_cmd_handler           0x000130b5   Thumb Code     0  symbol_g15.obj ABSOLUTE
    hci_le_rd_max_adv_data_len_cmd_handler   0x000131dd   Thumb Code     0  symbol_g15.obj ABSOLUTE
    hci_le_rd_max_data_len_cmd_cmp_evt_handler 0x00013219   Thumb Code     0  symbol_g15.obj ABSOLUTE
    hci_le_rd_nb_supp_adv_sets_cmd_cmp_evt_handler 0x0001328d   Thumb Code     0  symbol_g15.obj ABSOLUTE
    hci_le_rd_nb_supp_adv_sets_cmd_handler   0x000132c9   Thumb Code     0  symbol_g15.obj ABSOLUTE
    hci_le_rd_per_adv_list_size_cmd_handler  0x00013371   Thumb Code     0  symbol_g15.obj ABSOLUTE
    hci_le_rd_phy_cmd_handler                0x00013401   Thumb Code     0  symbol_g15.obj ABSOLUTE
    hci_le_rd_ral_addr_cmd_cmp_evt_handler   0x00013459   Thumb Code     0  symbol_g15.obj ABSOLUTE
    hci_le_rd_ral_size_cmd_cmp_evt_handler   0x000134c5   Thumb Code     0  symbol_g15.obj ABSOLUTE
    hci_le_rd_rem_feats_cmd_handler          0x00013521   Thumb Code     0  symbol_g15.obj ABSOLUTE
    hci_le_rd_rf_path_comp_cmd_cmp_evt_handler 0x00013675   Thumb Code     0  symbol_g15.obj ABSOLUTE
    hci_le_rd_suggted_dft_data_len_cmd_cmp_evt_handler 0x00013715   Thumb Code     0  symbol_g15.obj ABSOLUTE
    hci_le_rd_tx_pwr_cmd_cmp_evt_handler     0x000137b5   Thumb Code     0  symbol_g15.obj ABSOLUTE
    hci_le_rd_wlst_size_cmd_cmp_evt_handler  0x0001386d   Thumb Code     0  symbol_g15.obj ABSOLUTE
    hci_le_read_max_adv_data_len_cmd_cmp_evt_handler 0x000138c9   Thumb Code     0  symbol_g15.obj ABSOLUTE
    hci_le_rem_con_param_req_neg_reply_cmd_handler 0x00013961   Thumb Code     0  symbol_g15.obj ABSOLUTE
    hci_le_rem_con_param_req_reply_cmd_handler 0x000139c5   Thumb Code     0  symbol_g15.obj ABSOLUTE
    hci_le_rmv_adv_set_cmd_handler           0x00013a59   Thumb Code     0  symbol_g15.obj ABSOLUTE
    hci_le_rmv_dev_from_per_adv_list_cmd_handler 0x00013ac1   Thumb Code     0  symbol_g15.obj ABSOLUTE
    hci_le_rx_test_v1_cmd_handler            0x00013c2d   Thumb Code     0  symbol_g15.obj ABSOLUTE
    hci_le_rx_test_v2_cmd_handler            0x00013c6f   Thumb Code     0  symbol_g15.obj ABSOLUTE
    hci_le_rx_test_v3_cmd_handler            0x00013cc1   Thumb Code     0  symbol_g15.obj ABSOLUTE
    hci_le_scan_req_rcvd_evt_handler         0x00013d65   Thumb Code     0  symbol_g15.obj ABSOLUTE
    hci_le_set_adv_data_cmd_handler          0x00013df5   Thumb Code     0  symbol_g15.obj ABSOLUTE
    hci_le_set_adv_en_cmd_handler            0x00013ead   Thumb Code     0  symbol_g15.obj ABSOLUTE
    hci_le_set_adv_param_cmd_handler         0x000140f9   Thumb Code     0  symbol_g15.obj ABSOLUTE
    hci_le_set_adv_set_rand_addr_cmd_handler 0x00014269   Thumb Code     0  symbol_g15.obj ABSOLUTE
    hci_le_set_con_cte_rx_param_cmd_handler  0x000142d5   Thumb Code     0  symbol_g15.obj ABSOLUTE
    hci_le_set_con_cte_tx_param_cmd_handler  0x000143f1   Thumb Code     0  symbol_g15.obj ABSOLUTE
    hci_le_set_conless_cte_tx_en_cmd_handler 0x000144e5   Thumb Code     0  symbol_g15.obj ABSOLUTE
    hci_le_set_conless_cte_tx_param_cmd_handler 0x000145b9   Thumb Code     0  symbol_g15.obj ABSOLUTE
    hci_le_set_conless_iq_sampl_en_cmd_handler 0x0001466d   Thumb Code     0  symbol_g15.obj ABSOLUTE
    hci_le_set_data_len_cmd_handler          0x00014779   Thumb Code     0  symbol_g15.obj ABSOLUTE
    hci_le_set_ext_adv_data_cmd_handler      0x00014969   Thumb Code     0  symbol_g15.obj ABSOLUTE
    hci_le_set_ext_adv_en_cmd_handler        0x00014af5   Thumb Code     0  symbol_g15.obj ABSOLUTE
    hci_le_set_ext_adv_param_cmd_handler     0x000150e5   Thumb Code     0  symbol_g15.obj ABSOLUTE
    hci_le_set_ext_scan_en_cmd_handler       0x000152d1   Thumb Code     0  symbol_g15.obj ABSOLUTE
    hci_le_set_ext_scan_param_cmd_handler    0x0001551d   Thumb Code     0  symbol_g15.obj ABSOLUTE
    hci_le_set_ext_scan_rsp_data_cmd_handler 0x00015725   Thumb Code     0  symbol_g15.obj ABSOLUTE
    hci_le_set_per_adv_data_cmd_handler      0x000158cd   Thumb Code     0  symbol_g15.obj ABSOLUTE
    hci_le_set_per_adv_en_cmd_handler        0x000159f9   Thumb Code     0  symbol_g15.obj ABSOLUTE
    hci_le_set_per_adv_param_cmd_handler     0x00015c25   Thumb Code     0  symbol_g15.obj ABSOLUTE
    hci_le_set_per_adv_rec_en_cmd_handler    0x00015d05   Thumb Code     0  symbol_g15.obj ABSOLUTE
    hci_le_set_per_adv_sync_transf_param_cmd_handler 0x00015d5d   Thumb Code     0  symbol_g15.obj ABSOLUTE
    hci_le_set_phy_cmd_handler               0x00015dd5   Thumb Code     0  symbol_g15.obj ABSOLUTE
    hci_le_set_scan_en_cmd_handler           0x00016039   Thumb Code     0  symbol_g15.obj ABSOLUTE
    hci_le_set_scan_param_cmd_handler        0x000161f1   Thumb Code     0  symbol_g15.obj ABSOLUTE
    hci_le_set_scan_rsp_data_cmd_handler     0x00016311   Thumb Code     0  symbol_g15.obj ABSOLUTE
    hci_le_start_enc_cmd_handler             0x000163c9   Thumb Code     0  symbol_g15.obj ABSOLUTE
    hci_le_test_end_cmd_handler              0x0001649d   Thumb Code     0  symbol_g15.obj ABSOLUTE
    hci_le_tx_test_v1_cmd_handler            0x000164c9   Thumb Code     0  symbol_g15.obj ABSOLUTE
    hci_le_tx_test_v2_cmd_handler            0x00016519   Thumb Code     0  symbol_g15.obj ABSOLUTE
    hci_le_tx_test_v3_cmd_handler            0x00016575   Thumb Code     0  symbol_g15.obj ABSOLUTE
    hci_look_for_cmd_desc                    0x000166a9   Thumb Code     0  symbol_g15.obj ABSOLUTE
    hci_look_for_evt_desc                    0x00016705   Thumb Code     0  symbol_g15.obj ABSOLUTE
    hci_look_for_le_evt_desc                 0x0001672d   Thumb Code     0  symbol_g15.obj ABSOLUTE
    hci_past_cmd_cmp_evt_handler             0x000167ef   Thumb Code     0  symbol_g15.obj ABSOLUTE
    hci_rd_auth_payl_to_cmd_handler          0x0001687d   Thumb Code     0  symbol_g15.obj ABSOLUTE
    hci_rd_local_ver_info_cmd_cmp_evt_handler 0x000169d9   Thumb Code     0  symbol_g15.obj ABSOLUTE
    hci_rd_rem_ver_info_cmd_handler          0x00016a79   Thumb Code     0  symbol_g15.obj ABSOLUTE
    hci_rd_rssi_cmd_handler                  0x00016be1   Thumb Code     0  symbol_g15.obj ABSOLUTE
    hci_rd_tx_pwr_lvl_cmd_handler            0x00016c55   Thumb Code     0  symbol_g15.obj ABSOLUTE
    hci_send_2_controller                    0x00016cf9   Thumb Code     0  symbol_g15.obj ABSOLUTE
    hci_send_2_host                          0x00016d79   Thumb Code     0  symbol_g15.obj ABSOLUTE
    hci_test_end_cmd_cmp_evt_handler         0x00016f25   Thumb Code     0  symbol_g15.obj ABSOLUTE
    hci_tl_init                              0x00016f75   Thumb Code     0  symbol_g15.obj ABSOLUTE
    hci_tl_send                              0x00016fcd   Thumb Code     0  symbol_g15.obj ABSOLUTE
    hci_vs_set_max_rx_size_and_time_cmd_handler 0x000173d9   Thumb Code     0  symbol_g15.obj ABSOLUTE
    hci_vs_set_pref_slave_evt_dur_cmd_handler 0x000174fd   Thumb Code     0  symbol_g15.obj ABSOLUTE
    hci_vs_set_pref_slave_latency_cmd_handler 0x00017591   Thumb Code     0  symbol_g15.obj ABSOLUTE
    hci_wr_auth_payl_to_cmd_handler          0x00017611   Thumb Code     0  symbol_g15.obj ABSOLUTE
    initdata_config                          0x00017671   Thumb Code     0  symbol_g15.obj ABSOLUTE
    interface_check                          0x0001772d   Thumb Code     0  symbol_g15.obj ABSOLUTE
    interface_reinit                         0x000177c5   Thumb Code     0  symbol_g15.obj ABSOLUTE
    ke_event_callback_set                    0x00017805   Thumb Code     0  symbol_g15.obj ABSOLUTE
    ke_event_clear                           0x0001781d   Thumb Code     0  symbol_g15.obj ABSOLUTE
    ke_event_get_all                         0x00017845   Thumb Code     0  symbol_g15.obj ABSOLUTE
    ke_event_init                            0x00017851   Thumb Code     0  symbol_g15.obj ABSOLUTE
    ke_event_schedule                        0x00017871   Thumb Code     0  symbol_g15.obj ABSOLUTE
    ke_event_set                             0x000178ad   Thumb Code     0  symbol_g15.obj ABSOLUTE
    ke_flush                                 0x000178d5   Thumb Code     0  symbol_g15.obj ABSOLUTE
    ke_free                                  0x00017919   Thumb Code     0  symbol_g15.obj ABSOLUTE
    ke_init                                  0x000179e5   Thumb Code     0  symbol_g15.obj ABSOLUTE
    ke_is_free                               0x00017a15   Thumb Code     0  symbol_g15.obj ABSOLUTE
    ke_malloc                                0x00017a2d   Thumb Code     0  symbol_g15.obj ABSOLUTE
    ke_mem_init                              0x00017afd   Thumb Code     0  symbol_g15.obj ABSOLUTE
    ke_msg_alloc                             0x00017b39   Thumb Code     0  symbol_g15.obj ABSOLUTE
    ke_msg_discard                           0x00017b6b   Thumb Code     0  symbol_g15.obj ABSOLUTE
    ke_msg_forward                           0x00017b71   Thumb Code     0  symbol_g15.obj ABSOLUTE
    ke_msg_free                              0x00017b9d   Thumb Code     0  symbol_g15.obj ABSOLUTE
    ke_msg_in_queue                          0x00017ba5   Thumb Code     0  symbol_g15.obj ABSOLUTE
    ke_msg_send                              0x00017bb1   Thumb Code     0  symbol_g15.obj ABSOLUTE
    ke_msg_send_basic                        0x00017bd9   Thumb Code     0  symbol_g15.obj ABSOLUTE
    ke_msg_src_id_get                        0x00017c25   Thumb Code     0  symbol_g15.obj ABSOLUTE
    ke_queue_extract                         0x00017c2b   Thumb Code     0  symbol_g15.obj ABSOLUTE
    ke_queue_insert                          0x00017c6d   Thumb Code     0  symbol_g15.obj ABSOLUTE
    ke_sleep_check                           0x00017ca1   Thumb Code     0  symbol_g15.obj ABSOLUTE
    ke_state_get                             0x00017cb5   Thumb Code     0  symbol_g15.obj ABSOLUTE
    ke_state_set                             0x00017cd9   Thumb Code     0  symbol_g15.obj ABSOLUTE
    ke_task_check                            0x00017d41   Thumb Code     0  symbol_g15.obj ABSOLUTE
    ke_task_create                           0x00017d61   Thumb Code     0  symbol_g15.obj ABSOLUTE
    ke_task_delete                           0x00017d95   Thumb Code     0  symbol_g15.obj ABSOLUTE
    ke_task_init                             0x00017dc1   Thumb Code     0  symbol_g15.obj ABSOLUTE
    ke_task_msg_flush                        0x00017ddd   Thumb Code     0  symbol_g15.obj ABSOLUTE
    ke_timer_active                          0x00017f51   Thumb Code     0  symbol_g15.obj ABSOLUTE
    ke_timer_clear                           0x00017f7d   Thumb Code     0  symbol_g15.obj ABSOLUTE
    ke_timer_init                            0x00017ff5   Thumb Code     0  symbol_g15.obj ABSOLUTE
    ke_timer_set                             0x000180bd   Thumb Code     0  symbol_g15.obj ABSOLUTE
    l2cc_cleanup                             0x000182b5   Thumb Code     0  symbol_g15.obj ABSOLUTE
    l2cc_cmp_evt_handler                     0x0001844f   Thumb Code     0  symbol_g15.obj ABSOLUTE
    l2cc_create                              0x0001847d   Thumb Code     0  symbol_g15.obj ABSOLUTE
    l2cc_data_send                           0x000184c5   Thumb Code     0  symbol_g15.obj ABSOLUTE
    l2cc_init                                0x000186a9   Thumb Code     0  symbol_g15.obj ABSOLUTE
    l2cc_pdu_alloc                           0x00018741   Thumb Code     0  symbol_g15.obj ABSOLUTE
    l2cc_pdu_header_check                    0x0001876d   Thumb Code     0  symbol_g15.obj ABSOLUTE
    l2cc_pdu_pack                            0x000188c5   Thumb Code     0  symbol_g15.obj ABSOLUTE
    l2cc_pdu_rx_init                         0x00018c41   Thumb Code     0  symbol_g15.obj ABSOLUTE
    l2cc_pdu_send                            0x00018cbd   Thumb Code     0  symbol_g15.obj ABSOLUTE
    l2cc_pdu_unpack                          0x00018d25   Thumb Code     0  symbol_g15.obj ABSOLUTE
    l2cc_send_cmp_evt                        0x00018f55   Thumb Code     0  symbol_g15.obj ABSOLUTE
    l2cc_sig_pdu_recv_handler                0x00018f81   Thumb Code     0  symbol_g15.obj ABSOLUTE
    l2cc_sig_send_cmd_reject                 0x00018fc9   Thumb Code     0  symbol_g15.obj ABSOLUTE
    l2cm_cleanup                             0x00019021   Thumb Code     0  symbol_g15.obj ABSOLUTE
    l2cm_create                              0x0001903d   Thumb Code     0  symbol_g15.obj ABSOLUTE
    l2cm_get_nb_buffer_available             0x00019045   Thumb Code     0  symbol_g15.obj ABSOLUTE
    l2cm_init                                0x00019051   Thumb Code     0  symbol_g15.obj ABSOLUTE
    l2cm_set_link_layer_buff_size            0x000190d9   Thumb Code     0  symbol_g15.obj ABSOLUTE
    l2cm_tx_status                           0x000190e9   Thumb Code     0  symbol_g15.obj ABSOLUTE
    ll_channel_map_ind_handler               0x00019119   Thumb Code     0  symbol_g15.obj ABSOLUTE
    ll_clk_acc_req_handler                   0x000191b5   Thumb Code     0  symbol_g15.obj ABSOLUTE
    ll_clk_acc_rsp_handler                   0x00019209   Thumb Code     0  symbol_g15.obj ABSOLUTE
    ll_connection_param_req_handler          0x00019245   Thumb Code     0  symbol_g15.obj ABSOLUTE
    ll_connection_param_rsp_handler          0x0001931d   Thumb Code     0  symbol_g15.obj ABSOLUTE
    ll_connection_update_ind_handler         0x000193b5   Thumb Code     0  symbol_g15.obj ABSOLUTE
    ll_cte_req_handler                       0x000194d1   Thumb Code     0  symbol_g15.obj ABSOLUTE
    ll_cte_rsp_handler                       0x00019545   Thumb Code     0  symbol_g15.obj ABSOLUTE
    ll_enc_req_handler                       0x00019565   Thumb Code     0  symbol_g15.obj ABSOLUTE
    ll_enc_rsp_handler                       0x0001962d   Thumb Code     0  symbol_g15.obj ABSOLUTE
    ll_feature_req_handler                   0x000196a5   Thumb Code     0  symbol_g15.obj ABSOLUTE
    ll_feature_rsp_handler                   0x0001972d   Thumb Code     0  symbol_g15.obj ABSOLUTE
    ll_length_req_handler                    0x00019781   Thumb Code     0  symbol_g15.obj ABSOLUTE
    ll_length_rsp_handler                    0x000198d5   Thumb Code     0  symbol_g15.obj ABSOLUTE
    ll_min_used_channels_ind_handler         0x00019951   Thumb Code     0  symbol_g15.obj ABSOLUTE
    ll_pause_enc_req_handler                 0x000199d1   Thumb Code     0  symbol_g15.obj ABSOLUTE
    ll_pause_enc_rsp_handler                 0x00019a3d   Thumb Code     0  symbol_g15.obj ABSOLUTE
    ll_per_sync_ind_handler                  0x00019a95   Thumb Code     0  symbol_g15.obj ABSOLUTE
    ll_phy_req_handler                       0x00019bf5   Thumb Code     0  symbol_g15.obj ABSOLUTE
    ll_phy_rsp_handler                       0x00019ca5   Thumb Code     0  symbol_g15.obj ABSOLUTE
    ll_phy_update_ind_handler                0x00019d21   Thumb Code     0  symbol_g15.obj ABSOLUTE
    ll_ping_req_handler                      0x00019db5   Thumb Code     0  symbol_g15.obj ABSOLUTE
    ll_ping_rsp_handler                      0x00019dc9   Thumb Code     0  symbol_g15.obj ABSOLUTE
    ll_slave_feature_req_handler             0x00019e25   Thumb Code     0  symbol_g15.obj ABSOLUTE
    ll_start_enc_req_handler                 0x00019ead   Thumb Code     0  symbol_g15.obj ABSOLUTE
    ll_start_enc_rsp_handler                 0x00019efd   Thumb Code     0  symbol_g15.obj ABSOLUTE
    ll_terminate_ind_handler                 0x00019f4d   Thumb Code     0  symbol_g15.obj ABSOLUTE
    ll_version_ind_handler                   0x00019fb1   Thumb Code     0  symbol_g15.obj ABSOLUTE
    llc_auth_payl_nearly_to_handler          0x0001a051   Thumb Code     0  symbol_g15.obj ABSOLUTE
    llc_auth_payl_real_to_handler            0x0001a0b1   Thumb Code     0  symbol_g15.obj ABSOLUTE
    llc_cleanup                              0x0001a141   Thumb Code     0  symbol_g15.obj ABSOLUTE
    llc_clk_acc_modify                       0x0001a1a5   Thumb Code     0  symbol_g15.obj ABSOLUTE
    llc_cmd_cmp_send                         0x0001a275   Thumb Code     0  symbol_g15.obj ABSOLUTE
    llc_cmd_stat_send                        0x0001a295   Thumb Code     0  symbol_g15.obj ABSOLUTE
    llc_con_move_cbk                         0x0001a2b1   Thumb Code     0  symbol_g15.obj ABSOLUTE
    llc_cte_req_dis                          0x0001a45d   Thumb Code     0  symbol_g15.obj ABSOLUTE
    llc_cte_req_to_handler                   0x0001a47d   Thumb Code     0  symbol_g15.obj ABSOLUTE
    llc_cte_rsp_dis                          0x0001a50d   Thumb Code     0  symbol_g15.obj ABSOLUTE
    llc_disconnect                           0x0001a521   Thumb Code     0  symbol_g15.obj ABSOLUTE
    llc_encrypt_ind_handler                  0x0001a729   Thumb Code     0  symbol_g15.obj ABSOLUTE
    llc_init                                 0x0001a9c1   Thumb Code     0  symbol_g15.obj ABSOLUTE
    llc_init_term_proc                       0x0001aa65   Thumb Code     0  symbol_g15.obj ABSOLUTE
    llc_le_ping_restart                      0x0001ab19   Thumb Code     0  symbol_g15.obj ABSOLUTE
    llc_le_ping_set                          0x0001ab55   Thumb Code     0  symbol_g15.obj ABSOLUTE
    llc_ll_reject_ind_pdu_send               0x0001abe1   Thumb Code     0  symbol_g15.obj ABSOLUTE
    llc_llcp_send                            0x0001ac6d   Thumb Code     0  symbol_g15.obj ABSOLUTE
    llc_llcp_state_set                       0x0001ace9   Thumb Code     0  symbol_g15.obj ABSOLUTE
    llc_llcp_tx_check                        0x0001ada5   Thumb Code     0  symbol_g15.obj ABSOLUTE
    llc_op_ch_map_upd_ind_handler            0x0001bd71   Thumb Code     0  symbol_g15.obj ABSOLUTE
    llc_op_clk_acc_ind_handler               0x0001bdd5   Thumb Code     0  symbol_g15.obj ABSOLUTE
    llc_op_con_upd_ind_handler               0x0001be2d   Thumb Code     0  symbol_g15.obj ABSOLUTE
    llc_op_cte_ind_handler                   0x0001bebd   Thumb Code     0  symbol_g15.obj ABSOLUTE
    llc_op_disconnect_ind_handler            0x0001bf15   Thumb Code     0  symbol_g15.obj ABSOLUTE
    llc_op_dl_upd_ind_handler                0x0001bf81   Thumb Code     0  symbol_g15.obj ABSOLUTE
    llc_op_encrypt_ind_handler               0x0001c015   Thumb Code     0  symbol_g15.obj ABSOLUTE
    llc_op_feats_exch_ind_handler            0x0001c07d   Thumb Code     0  symbol_g15.obj ABSOLUTE
    llc_op_le_ping_ind_handler               0x0001c115   Thumb Code     0  symbol_g15.obj ABSOLUTE
    llc_op_past_ind_handler                  0x0001c171   Thumb Code     0  symbol_g15.obj ABSOLUTE
    llc_op_phy_upd_ind_handler               0x0001c401   Thumb Code     0  symbol_g15.obj ABSOLUTE
    llc_op_ver_exch_ind_handler              0x0001c4a5   Thumb Code     0  symbol_g15.obj ABSOLUTE
    llc_proc_collision_check                 0x0001c91d   Thumb Code     0  symbol_g15.obj ABSOLUTE
    llc_proc_err_ind                         0x0001c955   Thumb Code     0  symbol_g15.obj ABSOLUTE
    llc_proc_get                             0x0001c985   Thumb Code     0  symbol_g15.obj ABSOLUTE
    llc_proc_id_get                          0x0001c99d   Thumb Code     0  symbol_g15.obj ABSOLUTE
    llc_proc_reg                             0x0001c9b9   Thumb Code     0  symbol_g15.obj ABSOLUTE
    llc_proc_state_get                       0x0001c9ed   Thumb Code     0  symbol_g15.obj ABSOLUTE
    llc_proc_state_set                       0x0001c9f1   Thumb Code     0  symbol_g15.obj ABSOLUTE
    llc_proc_timer_pause_set                 0x0001c9f5   Thumb Code     0  symbol_g15.obj ABSOLUTE
    llc_proc_timer_set                       0x0001ca4d   Thumb Code     0  symbol_g15.obj ABSOLUTE
    llc_proc_unreg                           0x0001caa5   Thumb Code     0  symbol_g15.obj ABSOLUTE
    llc_start                                0x0001d309   Thumb Code     0  symbol_g15.obj ABSOLUTE
    llc_stop                                 0x0001d4fd   Thumb Code     0  symbol_g15.obj ABSOLUTE
    llc_stopped_ind_handler                  0x0001d531   Thumb Code     0  symbol_g15.obj ABSOLUTE
    lld_aa_gen                               0x0001d649   Thumb Code     0  symbol_g15.obj ABSOLUTE
    lld_acl_rx_ind_handler                   0x0001d6c9   Thumb Code     0  symbol_g15.obj ABSOLUTE
    lld_acl_tx_cfm_handler                   0x0001d755   Thumb Code     0  symbol_g15.obj ABSOLUTE
    lld_adv_adv_data_update                  0x0001d855   Thumb Code     0  symbol_g15.obj ABSOLUTE
    lld_adv_duration_update                  0x0001da55   Thumb Code     0  symbol_g15.obj ABSOLUTE
    lld_adv_end_ind_handler                  0x0001db35   Thumb Code     0  symbol_g15.obj ABSOLUTE
    lld_adv_evt_start_cbk                    0x0001dfd9   Thumb Code     0  symbol_g15.obj ABSOLUTE
    lld_adv_init                             0x0001efc9   Thumb Code     0  symbol_g15.obj ABSOLUTE
    lld_adv_rand_addr_update                 0x0001f33d   Thumb Code     0  symbol_g15.obj ABSOLUTE
    lld_adv_rep_ind_handler                  0x0001f391   Thumb Code     0  symbol_g15.obj ABSOLUTE
    lld_adv_restart                          0x0001f891   Thumb Code     0  symbol_g15.obj ABSOLUTE
    lld_adv_scan_rsp_data_update             0x0001fa11   Thumb Code     0  symbol_g15.obj ABSOLUTE
    lld_adv_start                            0x0001fa49   Thumb Code     0  symbol_g15.obj ABSOLUTE
    lld_adv_stop                             0x00020101   Thumb Code     0  symbol_g15.obj ABSOLUTE
    lld_adv_sync_info_update                 0x00020309   Thumb Code     0  symbol_g15.obj ABSOLUTE
    lld_calc_aux_rx                          0x00020339   Thumb Code     0  symbol_g15.obj ABSOLUTE
    lld_ch_assess_data_get                   0x00020465   Thumb Code     0  symbol_g15.obj ABSOLUTE
    lld_ch_idx_get                           0x0002046d   Thumb Code     0  symbol_g15.obj ABSOLUTE
    lld_ch_map_set                           0x00020491   Thumb Code     0  symbol_g15.obj ABSOLUTE
    lld_ch_map_upd_cfm_handler               0x000204dd   Thumb Code     0  symbol_g15.obj ABSOLUTE
    lld_channel_assess                       0x00020515   Thumb Code     0  symbol_g15.obj ABSOLUTE
    lld_con_activity_offset_compute          0x0002054d   Thumb Code     0  symbol_g15.obj ABSOLUTE
    lld_con_ch_map_update                    0x000205c5   Thumb Code     0  symbol_g15.obj ABSOLUTE
    lld_con_cte_rx_dis                       0x000206ed   Thumb Code     0  symbol_g15.obj ABSOLUTE
    lld_con_cte_rx_en                        0x00020721   Thumb Code     0  symbol_g15.obj ABSOLUTE
    lld_con_cte_rx_ind_handler               0x000207e9   Thumb Code     0  symbol_g15.obj ABSOLUTE
    lld_con_cte_tx_ant_switch_config         0x00020945   Thumb Code     0  symbol_g15.obj ABSOLUTE
    lld_con_cte_tx_param_set                 0x000209e1   Thumb Code     0  symbol_g15.obj ABSOLUTE
    lld_con_current_tx_power_get             0x000209f9   Thumb Code     0  symbol_g15.obj ABSOLUTE
    lld_con_data_flow_set                    0x00020a39   Thumb Code     0  symbol_g15.obj ABSOLUTE
    lld_con_data_len_update                  0x00020aed   Thumb Code     0  symbol_g15.obj ABSOLUTE
    lld_con_data_tx                          0x00020b2d   Thumb Code     0  symbol_g15.obj ABSOLUTE
    lld_con_enc_key_load                     0x00020bdd   Thumb Code     0  symbol_g15.obj ABSOLUTE
    lld_con_estab_ind_handler                0x00020c51   Thumb Code     0  symbol_g15.obj ABSOLUTE
    lld_con_event_counter_get                0x00020c79   Thumb Code     0  symbol_g15.obj ABSOLUTE
    lld_con_init                             0x000211d9   Thumb Code     0  symbol_g15.obj ABSOLUTE
    lld_con_llcp_tx                          0x00021219   Thumb Code     0  symbol_g15.obj ABSOLUTE
    lld_con_offset_get                       0x00021325   Thumb Code     0  symbol_g15.obj ABSOLUTE
    lld_con_offset_upd_ind_handler           0x00021359   Thumb Code     0  symbol_g15.obj ABSOLUTE
    lld_con_param_upd_cfm_handler            0x00021395   Thumb Code     0  symbol_g15.obj ABSOLUTE
    lld_con_param_update                     0x00021405   Thumb Code     0  symbol_g15.obj ABSOLUTE
    lld_con_peer_sca_set                     0x00021479   Thumb Code     0  symbol_g15.obj ABSOLUTE
    lld_con_phys_update                      0x000214a1   Thumb Code     0  symbol_g15.obj ABSOLUTE
    lld_con_pref_slave_evt_dur_set           0x00021501   Thumb Code     0  symbol_g15.obj ABSOLUTE
    lld_con_pref_slave_latency_set           0x0002153d   Thumb Code     0  symbol_g15.obj ABSOLUTE
    lld_con_rssi_get                         0x00021565   Thumb Code     0  symbol_g15.obj ABSOLUTE
    lld_con_rx_enc                           0x00021a4d   Thumb Code     0  symbol_g15.obj ABSOLUTE
    lld_con_start                            0x00021dd5   Thumb Code     0  symbol_g15.obj ABSOLUTE
    lld_con_stop                             0x0002216d   Thumb Code     0  symbol_g15.obj ABSOLUTE
    lld_con_sync_info_get                    0x000221c1   Thumb Code     0  symbol_g15.obj ABSOLUTE
    lld_con_time_get                         0x00022215   Thumb Code     0  symbol_g15.obj ABSOLUTE
    lld_con_tx_enc                           0x0002224d   Thumb Code     0  symbol_g15.obj ABSOLUTE
    lld_con_tx_len_update_for_intv           0x000222ed   Thumb Code     0  symbol_g15.obj ABSOLUTE
    lld_con_tx_len_update_for_rate           0x00022329   Thumb Code     0  symbol_g15.obj ABSOLUTE
    lld_conless_cte_rx_ind_handler           0x000225e1   Thumb Code     0  symbol_g15.obj ABSOLUTE
    lld_disc_ind_handler                     0x000229dd   Thumb Code     0  symbol_g15.obj ABSOLUTE
    lld_init                                 0x00022a21   Thumb Code     0  symbol_g15.obj ABSOLUTE
    lld_init_connect_req_pack                0x00022b01   Thumb Code     0  symbol_g15.obj ABSOLUTE
    lld_init_end_ind_handler                 0x00022c19   Thumb Code     0  symbol_g15.obj ABSOLUTE
    lld_init_init                            0x00023205   Thumb Code     0  symbol_g15.obj ABSOLUTE
    lld_init_start                           0x00023921   Thumb Code     0  symbol_g15.obj ABSOLUTE
    lld_init_stop                            0x00023f95   Thumb Code     0  symbol_g15.obj ABSOLUTE
    lld_llcp_rx_ind_handler                  0x00024045   Thumb Code     0  symbol_g15.obj ABSOLUTE
    lld_llcp_tx_cfm_handler                  0x0002419d   Thumb Code     0  symbol_g15.obj ABSOLUTE
    lld_local_sca_get                        0x000241e1   Thumb Code     0  symbol_g15.obj ABSOLUTE
    lld_per_adv_ch_map_update                0x000242ad   Thumb Code     0  symbol_g15.obj ABSOLUTE
    lld_per_adv_cte_start                    0x00024569   Thumb Code     0  symbol_g15.obj ABSOLUTE
    lld_per_adv_cte_stop                     0x000245b5   Thumb Code     0  symbol_g15.obj ABSOLUTE
    lld_per_adv_data_update                  0x00024601   Thumb Code     0  symbol_g15.obj ABSOLUTE
    lld_per_adv_end_ind_handler              0x00024679   Thumb Code     0  symbol_g15.obj ABSOLUTE
    lld_per_adv_info_get                     0x00024e89   Thumb Code     0  symbol_g15.obj ABSOLUTE
    lld_per_adv_init                         0x00024f19   Thumb Code     0  symbol_g15.obj ABSOLUTE
    lld_per_adv_init_info_get                0x00024f51   Thumb Code     0  symbol_g15.obj ABSOLUTE
    lld_per_adv_list_add                     0x00024fa5   Thumb Code     0  symbol_g15.obj ABSOLUTE
    lld_per_adv_list_rem                     0x00025041   Thumb Code     0  symbol_g15.obj ABSOLUTE
    lld_per_adv_rep_ind_handler              0x000250b9   Thumb Code     0  symbol_g15.obj ABSOLUTE
    lld_per_adv_rx_end_ind_handler           0x00025429   Thumb Code     0  symbol_g15.obj ABSOLUTE
    lld_per_adv_start                        0x00025655   Thumb Code     0  symbol_g15.obj ABSOLUTE
    lld_per_adv_stop                         0x000258a5   Thumb Code     0  symbol_g15.obj ABSOLUTE
    lld_per_adv_sync_info_get                0x00025935   Thumb Code     0  symbol_g15.obj ABSOLUTE
    lld_phy_upd_cfm_handler                  0x00025989   Thumb Code     0  symbol_g15.obj ABSOLUTE
    lld_ral_search                           0x000259c1   Thumb Code     0  symbol_g15.obj ABSOLUTE
    lld_read_clock                           0x00025a1d   Thumb Code     0  symbol_g15.obj ABSOLUTE
    lld_res_list_add                         0x00025a2d   Thumb Code     0  symbol_g15.obj ABSOLUTE
    lld_res_list_clear                       0x00025ae1   Thumb Code     0  symbol_g15.obj ABSOLUTE
    lld_res_list_local_rpa_get               0x00025b01   Thumb Code     0  symbol_g15.obj ABSOLUTE
    lld_res_list_peer_rpa_get                0x00025b35   Thumb Code     0  symbol_g15.obj ABSOLUTE
    lld_res_list_peer_update                 0x00025b6d   Thumb Code     0  symbol_g15.obj ABSOLUTE
    lld_res_list_priv_mode_update            0x00025b89   Thumb Code     0  symbol_g15.obj ABSOLUTE
    lld_res_list_rem                         0x00025bad   Thumb Code     0  symbol_g15.obj ABSOLUTE
    lld_rpa_renew                            0x00025bc5   Thumb Code     0  symbol_g15.obj ABSOLUTE
    lld_rxdesc_check                         0x00025d1d   Thumb Code     0  symbol_g15.obj ABSOLUTE
    lld_rxdesc_free                          0x00025d49   Thumb Code     0  symbol_g15.obj ABSOLUTE
    lld_scan_create_sync                     0x00026071   Thumb Code     0  symbol_g15.obj ABSOLUTE
    lld_scan_create_sync_cancel              0x000260b9   Thumb Code     0  symbol_g15.obj ABSOLUTE
    lld_scan_end_ind_handler                 0x000261e9   Thumb Code     0  symbol_g15.obj ABSOLUTE
    lld_scan_init                            0x000266c5   Thumb Code     0  symbol_g15.obj ABSOLUTE
    lld_scan_params_update                   0x00026715   Thumb Code     0  symbol_g15.obj ABSOLUTE
    lld_scan_req_ind_handler                 0x000272c1   Thumb Code     0  symbol_g15.obj ABSOLUTE
    lld_scan_restart                         0x0002730d   Thumb Code     0  symbol_g15.obj ABSOLUTE
    lld_scan_start                           0x00027371   Thumb Code     0  symbol_g15.obj ABSOLUTE
    lld_scan_stop                            0x00027831   Thumb Code     0  symbol_g15.obj ABSOLUTE
    lld_sync_ch_map_update                   0x000279c5   Thumb Code     0  symbol_g15.obj ABSOLUTE
    lld_sync_cte_start                       0x00027a39   Thumb Code     0  symbol_g15.obj ABSOLUTE
    lld_sync_cte_stop                        0x00027a81   Thumb Code     0  symbol_g15.obj ABSOLUTE
    lld_sync_info_get                        0x00027ca5   Thumb Code     0  symbol_g15.obj ABSOLUTE
    lld_sync_init                            0x00027d31   Thumb Code     0  symbol_g15.obj ABSOLUTE
    lld_sync_start                           0x00028545   Thumb Code     0  symbol_g15.obj ABSOLUTE
    lld_sync_start_req_handler               0x00028701   Thumb Code     0  symbol_g15.obj ABSOLUTE
    lld_sync_stop                            0x000287e5   Thumb Code     0  symbol_g15.obj ABSOLUTE
    lld_test_end_ind_handler                 0x00028859   Thumb Code     0  symbol_g15.obj ABSOLUTE
    lld_test_init                            0x00028af9   Thumb Code     0  symbol_g15.obj ABSOLUTE
    lld_test_start                           0x00028b25   Thumb Code     0  symbol_g15.obj ABSOLUTE
    lld_test_stop                            0x00028fa1   Thumb Code     0  symbol_g15.obj ABSOLUTE
    lld_white_list_add                       0x00029059   Thumb Code     0  symbol_g15.obj ABSOLUTE
    lld_white_list_rem                       0x000290e1   Thumb Code     0  symbol_g15.obj ABSOLUTE
    llhwc_phy_initialization                 0x00029145   Thumb Code     0  symbol_g15.obj ABSOLUTE
    llhwc_phy_prerx                          0x00029315   Thumb Code     0  symbol_g15.obj ABSOLUTE
    llm_activity_free_get                    0x00029401   Thumb Code     0  symbol_g15.obj ABSOLUTE
    llm_adv_act_id_get                       0x00029459   Thumb Code     0  symbol_g15.obj ABSOLUTE
    llm_adv_hdl_to_id                        0x000294b5   Thumb Code     0  symbol_g15.obj ABSOLUTE
    llm_adv_set_id_get                       0x00029599   Thumb Code     0  symbol_g15.obj ABSOLUTE
    llm_ch_map_update                        0x00029705   Thumb Code     0  symbol_g15.obj ABSOLUTE
    llm_ch_map_update_ind_handler            0x00029845   Thumb Code     0  symbol_g15.obj ABSOLUTE
    llm_clk_acc_set                          0x000298b1   Thumb Code     0  symbol_g15.obj ABSOLUTE
    llm_cmd_cmp_send                         0x000298e1   Thumb Code     0  symbol_g15.obj ABSOLUTE
    llm_cmd_stat_send                        0x000298fd   Thumb Code     0  symbol_g15.obj ABSOLUTE
    llm_dev_list_empty_entry                 0x00029919   Thumb Code     0  symbol_g15.obj ABSOLUTE
    llm_dev_list_search                      0x0002993d   Thumb Code     0  symbol_g15.obj ABSOLUTE
    llm_hci_command_handler                  0x000299e9   Thumb Code     0  symbol_g15.obj ABSOLUTE
    llm_init                                 0x00029a1d   Thumb Code     0  symbol_g15.obj ABSOLUTE
    llm_is_dev_connected                     0x00029b91   Thumb Code     0  symbol_g15.obj ABSOLUTE
    llm_is_dev_synced                        0x00029be5   Thumb Code     0  symbol_g15.obj ABSOLUTE
    llm_le_evt_mask_check                    0x00029cd5   Thumb Code     0  symbol_g15.obj ABSOLUTE
    llm_le_features_get                      0x00029cf9   Thumb Code     0  symbol_g15.obj ABSOLUTE
    llm_link_disc                            0x00029d01   Thumb Code     0  symbol_g15.obj ABSOLUTE
    llm_master_ch_map_get                    0x00029ddd   Thumb Code     0  symbol_g15.obj ABSOLUTE
    llm_per_adv_sync                         0x00029e21   Thumb Code     0  symbol_g15.obj ABSOLUTE
    llm_plan_elt_get                         0x00029efd   Thumb Code     0  symbol_g15.obj ABSOLUTE
    llm_ral_get                              0x00029f4d   Thumb Code     0  symbol_g15.obj ABSOLUTE
    llm_ral_is_empty                         0x00029f55   Thumb Code     0  symbol_g15.obj ABSOLUTE
    llm_ral_search                           0x00029f7d   Thumb Code     0  symbol_g15.obj ABSOLUTE
    llm_rx_path_comp_get                     0x00029fd5   Thumb Code     0  symbol_g15.obj ABSOLUTE
    llm_scan_period_to_handler               0x00029fe1   Thumb Code     0  symbol_g15.obj ABSOLUTE
    llm_scan_sync_info_get                   0x0002a0e5   Thumb Code     0  symbol_g15.obj ABSOLUTE
    llm_tx_path_comp_get                     0x0002a155   Thumb Code     0  symbol_g15.obj ABSOLUTE
    lpuart_init                              0x0002a161   Thumb Code     0  symbol_g15.obj ABSOLUTE
    lpuart_send_array                        0x0002a215   Thumb Code     0  symbol_g15.obj ABSOLUTE
    notEqual256                              0x0002a3a9   Thumb Code     0  symbol_g15.obj ABSOLUTE
    phy_upd_proc_start                       0x0002a731   Thumb Code     0  symbol_g15.obj ABSOLUTE
    platform_reset                           0x0002a785   Thumb Code     0  symbol_g15.obj ABSOLUTE
    pmu_hck_config                           0x0002a7bd   Thumb Code     0  symbol_g15.obj ABSOLUTE
    recv_more_data                           0x0002aa05   Thumb Code     0  symbol_g15.obj ABSOLUTE
    reinit_params                            0x0002aa81   Thumb Code     0  symbol_g15.obj ABSOLUTE
    rf_init                                  0x0002aae1   Thumb Code     0  symbol_g15.obj ABSOLUTE
    rwble_hl_init                            0x0002ac85   Thumb Code     0  symbol_g15.obj ABSOLUTE
    rwble_init                               0x0002aca1   Thumb Code     0  symbol_g15.obj ABSOLUTE
    rwble_int_init                           0x0002acdd   Thumb Code     0  symbol_g15.obj ABSOLUTE
    rwble_isr                                0x0002ae31   Thumb Code     0  symbol_g15.obj ABSOLUTE
    rwip_active_check                        0x0002ae4d   Thumb Code     0  symbol_g15.obj ABSOLUTE
    rwip_aes_encrypt                         0x0002ae61   Thumb Code     0  symbol_g15.obj ABSOLUTE
    rwip_clockn_isr                          0x0002af21   Thumb Code     0  symbol_g15.obj ABSOLUTE
    rwip_crypt_isr                           0x0002afe5   Thumb Code     0  symbol_g15.obj ABSOLUTE
    rwip_driver_init                         0x0002b025   Thumb Code     0  symbol_g15.obj ABSOLUTE
    rwip_eif_get                             0x0002b16d   Thumb Code     0  symbol_g15.obj ABSOLUTE
    rwip_fifo_isr                            0x0002b17d   Thumb Code     0  symbol_g15.obj ABSOLUTE
    rwip_finetgt_isr                         0x0002b195   Thumb Code     0  symbol_g15.obj ABSOLUTE
    rwip_prevent_sleep_clear                 0x0002b2b5   Thumb Code     0  symbol_g15.obj ABSOLUTE
    rwip_prevent_sleep_set                   0x0002b2d1   Thumb Code     0  symbol_g15.obj ABSOLUTE
    rwip_schedule                            0x0002b3a1   Thumb Code     0  symbol_g15.obj ABSOLUTE
    rwip_sw_int_req                          0x0002b61d   Thumb Code     0  symbol_g15.obj ABSOLUTE
    rwip_sw_isr                              0x0002b63d   Thumb Code     0  symbol_g15.obj ABSOLUTE
    rwip_time_get                            0x0002b65d   Thumb Code     0  symbol_g15.obj ABSOLUTE
    rwip_timer_1ms_set                       0x0002b69d   Thumb Code     0  symbol_g15.obj ABSOLUTE
    rwip_timer_hs_set                        0x0002b6f1   Thumb Code     0  symbol_g15.obj ABSOLUTE
    rwip_timer_hus_set                       0x0002b721   Thumb Code     0  symbol_g15.obj ABSOLUTE
    rwip_timestamptgt1_isr                   0x0002b761   Thumb Code     0  symbol_g15.obj ABSOLUTE
    rwip_timestamptgt2_isr                   0x0002b78d   Thumb Code     0  symbol_g15.obj ABSOLUTE
    sch_alarm_init                           0x0002b7d5   Thumb Code     0  symbol_g15.obj ABSOLUTE
    sch_alarm_set                            0x0002b859   Thumb Code     0  symbol_g15.obj ABSOLUTE
    sch_alarm_timer_isr                      0x0002b8f1   Thumb Code     0  symbol_g15.obj ABSOLUTE
    sch_arb_elt_cancel                       0x0002ba25   Thumb Code     0  symbol_g15.obj ABSOLUTE
    sch_arb_event_start_isr                  0x0002bb29   Thumb Code     0  symbol_g15.obj ABSOLUTE
    sch_arb_init                             0x0002bbed   Thumb Code     0  symbol_g15.obj ABSOLUTE
    sch_arb_insert                           0x0002bc19   Thumb Code     0  symbol_g15.obj ABSOLUTE
    sch_arb_remove                           0x0002bec5   Thumb Code     0  symbol_g15.obj ABSOLUTE
    sch_arb_sw_isr                           0x0002bf29   Thumb Code     0  symbol_g15.obj ABSOLUTE
    sch_plan_chk                             0x0002bf5d   Thumb Code     0  symbol_g15.obj ABSOLUTE
    sch_plan_init                            0x0002bf6d   Thumb Code     0  symbol_g15.obj ABSOLUTE
    sch_plan_rem                             0x0002c231   Thumb Code     0  symbol_g15.obj ABSOLUTE
    sch_plan_req                             0x0002c241   Thumb Code     0  symbol_g15.obj ABSOLUTE
    sch_plan_set                             0x0002c30d   Thumb Code     0  symbol_g15.obj ABSOLUTE
    sch_prog_end_isr                         0x0002c381   Thumb Code     0  symbol_g15.obj ABSOLUTE
    sch_prog_fifo_isr                        0x0002c3ed   Thumb Code     0  symbol_g15.obj ABSOLUTE
    sch_prog_init                            0x0002c4d9   Thumb Code     0  symbol_g15.obj ABSOLUTE
    sch_prog_push                            0x0002c519   Thumb Code     0  symbol_g15.obj ABSOLUTE
    sch_prog_skip_isr                        0x0002c651   Thumb Code     0  symbol_g15.obj ABSOLUTE
    sch_slice_bg_add                         0x0002c6c5   Thumb Code     0  symbol_g15.obj ABSOLUTE
    sch_slice_bg_remove                      0x0002c6dd   Thumb Code     0  symbol_g15.obj ABSOLUTE
    sch_slice_compute                        0x0002c6f5   Thumb Code     0  symbol_g15.obj ABSOLUTE
    sch_slice_fg_add                         0x0002c7a1   Thumb Code     0  symbol_g15.obj ABSOLUTE
    sch_slice_fg_remove                      0x0002c7c1   Thumb Code     0  symbol_g15.obj ABSOLUTE
    sch_slice_init                           0x0002c7f1   Thumb Code     0  symbol_g15.obj ABSOLUTE
    sch_slice_per_add                        0x0002c835   Thumb Code     0  symbol_g15.obj ABSOLUTE
    sch_slice_per_remove                     0x0002c85d   Thumb Code     0  symbol_g15.obj ABSOLUTE
    sleep_condition_check                    0x0002c885   Thumb Code     0  symbol_g15.obj ABSOLUTE
    soft_flow_ctrl_init                      0x0002c91d   Thumb Code     0  symbol_g15.obj ABSOLUTE
    soft_flow_ctrl_tx_process                0x0002c969   Thumb Code     0  symbol_g15.obj ABSOLUTE
    specialModP256                           0x0002c9dd   Thumb Code     0  symbol_g15.obj ABSOLUTE
    spis_init                                0x0002cad5   Thumb Code     0  symbol_g15.obj ABSOLUTE
    stage_idle_irq_handler                   0x0002cb39   Thumb Code     0  symbol_g15.obj ABSOLUTE
    stage_idle_reset                         0x0002cbb5   Thumb Code     0  symbol_g15.obj ABSOLUTE
    stage_rx_irq_handler                     0x0002cc25   Thumb Code     0  symbol_g15.obj ABSOLUTE
    stage_tx_irq_handler                     0x0002cc41   Thumb Code     0  symbol_g15.obj ABSOLUTE
    stage_tx_len_irq_handler                 0x0002cd21   Thumb Code     0  symbol_g15.obj ABSOLUTE
    user_exe_operation                       0x0002cd89   Thumb Code     0  symbol_g15.obj ABSOLUTE
    user_prf_itf_get                         0x0002d011   Thumb Code     0  symbol_g15.obj ABSOLUTE
    utils_data_ready_off                     0x0002d045   Thumb Code     0  symbol_g15.obj ABSOLUTE
    utils_data_ready_on                      0x0002d055   Thumb Code     0  symbol_g15.obj ABSOLUTE
    utils_flow_off                           0x0002d085   Thumb Code     0  symbol_g15.obj ABSOLUTE
    utils_flow_on                            0x0002d0b1   Thumb Code     0  symbol_g15.obj ABSOLUTE
    utils_get_tx_len                         0x0002d0d9   Thumb Code     0  symbol_g15.obj ABSOLUTE
    utils_hci_cmd_check                      0x0002d121   Thumb Code     0  symbol_g15.obj ABSOLUTE
    utils_hci_cmd_reset                      0x0002d1b9   Thumb Code     0  symbol_g15.obj ABSOLUTE
    utils_io_init                            0x0002d22d   Thumb Code     0  symbol_g15.obj ABSOLUTE
    utils_io_sleep                           0x0002d289   Thumb Code     0  symbol_g15.obj ABSOLUTE
    utils_read                               0x0002d33d   Thumb Code     0  symbol_g15.obj ABSOLUTE
    utils_read_wakeup_stat                   0x0002d4c9   Thumb Code     0  symbol_g15.obj ABSOLUTE
    utils_wakeup_int_enable                  0x0002d4d9   Thumb Code     0  symbol_g15.obj ABSOLUTE
    utils_write                              0x0002d521   Thumb Code     0  symbol_g15.obj ABSOLUTE
    wakeup_irq_handler                       0x0002d691   Thumb Code     0  symbol_g15.obj ABSOLUTE
    one_bits                                 0x0002d740   Data           0  symbol_g15.obj ABSOLUTE
    co_sca2ppm                               0x0002d750   Data           0  symbol_g15.obj ABSOLUTE
    co_null_bdaddr                           0x0002d760   Data           0  symbol_g15.obj ABSOLUTE
    co_null_key                              0x0002d766   Data           0  symbol_g15.obj ABSOLUTE
    co_rate_to_phy                           0x0002d776   Data           0  symbol_g15.obj ABSOLUTE
    co_phy_to_rate                           0x0002d77b   Data           0  symbol_g15.obj ABSOLUTE
    co_phy_mask_to_value                     0x0002d77f   Data           0  symbol_g15.obj ABSOLUTE
    co_phy_value_to_mask                     0x0002d784   Data           0  symbol_g15.obj ABSOLUTE
    co_rate_to_phy_mask                      0x0002d788   Data           0  symbol_g15.obj ABSOLUTE
    co_phy_mask_to_rate                      0x0002d78c   Data           0  symbol_g15.obj ABSOLUTE
    rwip_priority                            0x0002d791   Data           0  symbol_g15.obj ABSOLUTE
    aes_cmac_zero                            0x0002d7a7   Data           0  symbol_g15.obj ABSOLUTE
    BasePoint_x_256                          0x0002d7b8   Data           0  symbol_g15.obj ABSOLUTE
    BasePoint_y_256                          0x0002d7d8   Data           0  symbol_g15.obj ABSOLUTE
    maxSecretKey_256                         0x0002d7f8   Data           0  symbol_g15.obj ABSOLUTE
    DebugE256PublicKey_x                     0x0002d818   Data           0  symbol_g15.obj ABSOLUTE
    DebugE256PublicKey_y                     0x0002d838   Data           0  symbol_g15.obj ABSOLUTE
    DebugE256SecretKey                       0x0002d858   Data           0  symbol_g15.obj ABSOLUTE
    coef_B                                   0x0002d878   Data           0  symbol_g15.obj ABSOLUTE
    bigHexP256                               0x0002d8a4   Data           0  symbol_g15.obj ABSOLUTE
    veryBigHexP256                           0x0002d8d0   Data           0  symbol_g15.obj ABSOLUTE
    ecc_Jacobian_InfinityPoint256            0x0002d920   Data           0  symbol_g15.obj ABSOLUTE
    ECC_4Win_Look_up_table                   0x0002d9a4   Data           0  symbol_g15.obj ABSOLUTE
    TASK_DESC_LLC                            0x0002e4bc   Data           0  symbol_g15.obj ABSOLUTE
    LLM_AA_CT2                               0x0002e4c8   Data           0  symbol_g15.obj ABSOLUTE
    LLM_AA_CT1                               0x0002e4ca   Data           0  symbol_g15.obj ABSOLUTE
    connect_req_dur_tab                      0x0002e4d0   Data           0  symbol_g15.obj ABSOLUTE
    byte_tx_time                             0x0002e4d8   Data           0  symbol_g15.obj ABSOLUTE
    fixed_tx_time                            0x0002e4e0   Data           0  symbol_g15.obj ABSOLUTE
    lld_init_max_aux_dur_tab                 0x0002e4e8   Data           0  symbol_g15.obj ABSOLUTE
    lld_scan_map_legacy_pdu_to_evt_type      0x0002e4f0   Data           0  symbol_g15.obj ABSOLUTE
    lld_scan_max_aux_dur_tab                 0x0002e4f8   Data           0  symbol_g15.obj ABSOLUTE
    lld_sync_max_aux_dur_tab                 0x0002e500   Data           0  symbol_g15.obj ABSOLUTE
    hci_cmd_desc_tab_lk_ctrl                 0x0002e8e4   Data           0  symbol_g15.obj ABSOLUTE
    hci_cmd_desc_tab_ctrl_bb                 0x0002e8fc   Data           0  symbol_g15.obj ABSOLUTE
    hci_cmd_desc_tab_info_par                0x0002e968   Data           0  symbol_g15.obj ABSOLUTE
    hci_cmd_desc_tab_stat_par                0x0002e998   Data           0  symbol_g15.obj ABSOLUTE
    hci_cmd_desc_tab_le                      0x0002e9a4   Data           0  symbol_g15.obj ABSOLUTE
    hci_cmd_desc_tab_vs                      0x0002ee0c   Data           0  symbol_g15.obj ABSOLUTE
    hci_cmd_desc_root_tab                    0x0002ee48   Data           0  symbol_g15.obj ABSOLUTE
    hci_evt_desc_tab                         0x0002ee78   Data           0  symbol_g15.obj ABSOLUTE
    hci_evt_le_desc_tab                      0x0002eec0   Data           0  symbol_g15.obj ABSOLUTE
    utils_api                                0x0002ef90   Data           0  symbol_g15.obj ABSOLUTE
    ambiq_speed_att_db_128                   0x0002f148   Data           0  symbol_g15.obj ABSOLUTE
    attc_handlers                            0x0002f3f8   Data           0  symbol_g15.obj ABSOLUTE
    atts_handlers                            0x0002f434   Data           0  symbol_g15.obj ABSOLUTE
    TASK_DESC_GATTC                          0x0002f514   Data           0  symbol_g15.obj ABSOLUTE
    TASK_DESC_GATTM                          0x0002f530   Data           0  symbol_g15.obj ABSOLUTE
    gapc_sig_handlers                        0x0002f62c   Data           0  symbol_g15.obj ABSOLUTE
    TASK_DESC_GAPC                           0x0002f7bc   Data           0  symbol_g15.obj ABSOLUTE
    TASK_DESC_GAPM                           0x0002fa08   Data           0  symbol_g15.obj ABSOLUTE
    l2cc_sig_handlers                        0x0002fb28   Data           0  symbol_g15.obj ABSOLUTE
    TASK_DESC_L2CC                           0x0002fb88   Data           0  symbol_g15.obj ABSOLUTE
    TASK_DESC_AHI                            0x0002fb9c   Data           0  symbol_g15.obj ABSOLUTE
    __Vectors                                0x01000000   Data           4  startup_n32wb03x.o(RESET)
    __Vectors_End                            0x010000c0   Data           0  startup_n32wb03x.o(RESET)
    __main                                   0x010000c1   Thumb Code     0  entry.o(.ARM.Collect$$$$00000000)
    _main_stk                                0x010000c1   Thumb Code     0  entry2.o(.ARM.Collect$$$$00000001)
    _main_scatterload                        0x010000c5   Thumb Code     0  entry5.o(.ARM.Collect$$$$00000004)
    __main_after_scatterload                 0x010000c9   Thumb Code     0  entry5.o(.ARM.Collect$$$$00000004)
    _main_clock                              0x010000c9   Thumb Code     0  entry7b.o(.ARM.Collect$$$$00000008)
    _main_cpp_init                           0x010000c9   Thumb Code     0  entry8b.o(.ARM.Collect$$$$0000000A)
    _main_init                               0x010000c9   Thumb Code     0  entry9a.o(.ARM.Collect$$$$0000000B)
    __rt_final_cpp                           0x010000d1   Thumb Code     0  entry10a.o(.ARM.Collect$$$$0000000D)
    __rt_final_exit                          0x010000d1   Thumb Code     0  entry11a.o(.ARM.Collect$$$$0000000F)
    __asm___17_system_n32wb03x_c_f233b82c____REV16 0x010000d5   Thumb Code     4  system_n32wb03x.o(.emb_text)
    __asm___17_system_n32wb03x_c_f233b82c____REVSH 0x010000d9   Thumb Code     4  system_n32wb03x.o(.emb_text)
    system_delay_cycles                      0x010000dd   Thumb Code     6  system_n32wb03x.o(.emb_text)
    Reset_Handler                            0x010000e5   Thumb Code     8  startup_n32wb03x.o(.text)
    NMI_Handler                              0x010000ed   Thumb Code     2  startup_n32wb03x.o(.text)
    HardFault_Handler                        0x010000ef   Thumb Code     2  startup_n32wb03x.o(.text)
    SVC_Handler                              0x010000f1   Thumb Code     2  startup_n32wb03x.o(.text)
    PendSV_Handler                           0x010000f3   Thumb Code     2  startup_n32wb03x.o(.text)
    ADC_IRQHandler                           0x010000f7   Thumb Code     0  startup_n32wb03x.o(.text)
    BLE_CRYPT_IRQHandler                     0x010000f7   Thumb Code     0  startup_n32wb03x.o(.text)
    BLE_ERROR_IRQHandler                     0x010000f7   Thumb Code     0  startup_n32wb03x.o(.text)
    BLE_FIFO_IRQHandler                      0x010000f7   Thumb Code     0  startup_n32wb03x.o(.text)
    BLE_FINETGT_IRQHandler                   0x010000f7   Thumb Code     0  startup_n32wb03x.o(.text)
    BLE_HSLOT_IRQHandler                     0x010000f7   Thumb Code     0  startup_n32wb03x.o(.text)
    BLE_SLP_IRQHandler                       0x010000f7   Thumb Code     0  startup_n32wb03x.o(.text)
    BLE_SW_IRQHandler                        0x010000f7   Thumb Code     0  startup_n32wb03x.o(.text)
    BLE_TIMESTAMP_TGT1_IRQHandler            0x010000f7   Thumb Code     0  startup_n32wb03x.o(.text)
    BLE_TIMESTAMP_TGT2_IRQHandler            0x010000f7   Thumb Code     0  startup_n32wb03x.o(.text)
    DMA_Channel5_IRQHandler                  0x010000f7   Thumb Code     0  startup_n32wb03x.o(.text)
    EXTI0_1_IRQHandler                       0x010000f7   Thumb Code     0  startup_n32wb03x.o(.text)
    EXTI2_3_IRQHandler                       0x010000f7   Thumb Code     0  startup_n32wb03x.o(.text)
    EXTI4_12_IRQHandler                      0x010000f7   Thumb Code     0  startup_n32wb03x.o(.text)
    FLASH_IRQHandler                         0x010000f7   Thumb Code     0  startup_n32wb03x.o(.text)
    I2C1_IRQHandler                          0x010000f7   Thumb Code     0  startup_n32wb03x.o(.text)
    IRC_IRQHandler                           0x010000f7   Thumb Code     0  startup_n32wb03x.o(.text)
    KEYSCAN_IRQHandler                       0x010000f7   Thumb Code     0  startup_n32wb03x.o(.text)
    LPUART1_IRQHandler                       0x010000f7   Thumb Code     0  startup_n32wb03x.o(.text)
    RCC_IRQHandler                           0x010000f7   Thumb Code     0  startup_n32wb03x.o(.text)
    RESERVED_IRQHandler                      0x010000f7   Thumb Code     0  startup_n32wb03x.o(.text)
    RTC_IRQHandler                           0x010000f7   Thumb Code     0  startup_n32wb03x.o(.text)
    SPI1_IRQHandler                          0x010000f7   Thumb Code     0  startup_n32wb03x.o(.text)
    SPI2_IRQHandler                          0x010000f7   Thumb Code     0  startup_n32wb03x.o(.text)
    TIM1_BRK_UP_TRG_COM_IRQHandler           0x010000f7   Thumb Code     0  startup_n32wb03x.o(.text)
    TIM1_CC_IRQHandler                       0x010000f7   Thumb Code     0  startup_n32wb03x.o(.text)
    TIM3_IRQHandler                          0x010000f7   Thumb Code     0  startup_n32wb03x.o(.text)
    TIM6_IRQHandler                          0x010000f7   Thumb Code     0  startup_n32wb03x.o(.text)
    USART2_IRQHandler                        0x010000f7   Thumb Code     0  startup_n32wb03x.o(.text)
    WWDG_IRQHandler                          0x010000f7   Thumb Code     0  startup_n32wb03x.o(.text)
    __aeabi_uidiv                            0x01000101   Thumb Code     0  uidiv.o(.text)
    __aeabi_uidivmod                         0x01000101   Thumb Code    44  uidiv.o(.text)
    __aeabi_idiv                             0x0100012d   Thumb Code     0  idiv.o(.text)
    __aeabi_idivmod                          0x0100012d   Thumb Code    40  idiv.o(.text)
    __aeabi_uldivmod                         0x01000155   Thumb Code    96  uldiv.o(.text)
    __aeabi_memcpy                           0x010001b5   Thumb Code    36  memcpya.o(.text)
    __aeabi_memcpy4                          0x010001b5   Thumb Code     0  memcpya.o(.text)
    __aeabi_memcpy8                          0x010001b5   Thumb Code     0  memcpya.o(.text)
    __aeabi_llsl                             0x010001d9   Thumb Code    32  llshl.o(.text)
    _ll_shift_l                              0x010001d9   Thumb Code     0  llshl.o(.text)
    __aeabi_llsr                             0x010001f9   Thumb Code    34  llushr.o(.text)
    _ll_ushift_r                             0x010001f9   Thumb Code     0  llushr.o(.text)
    __scatterload                            0x0100021d   Thumb Code    28  init.o(.text)
    __scatterload_rt2                        0x0100021d   Thumb Code     0  init.o(.text)
    DMA_Channel1_2_3_4_IRQHandler            0x01000241   Thumb Code    90  app_usart.o(i.DMA_Channel1_2_3_4_IRQHandler)
    DMA_ClearFlag                            0x010002a9   Thumb Code     4  n32wb03x_dma.o(i.DMA_ClearFlag)
    DMA_GetCurrDataCounter                   0x010002ad   Thumb Code     6  n32wb03x_dma.o(i.DMA_GetCurrDataCounter)
    DMA_GetFlagStatus                        0x010002b3   Thumb Code    14  n32wb03x_dma.o(i.DMA_GetFlagStatus)
    GPIO_InitPeripheral                      0x010002c1   Thumb Code   184  n32wb03x_gpio.o(i.GPIO_InitPeripheral)
    GPIO_InitStruct                          0x01000379   Thumb Code    22  n32wb03x_gpio.o(i.GPIO_InitStruct)
    GPIO_ReadInputDataBit                    0x01000395   Thumb Code    14  n32wb03x_gpio.o(i.GPIO_ReadInputDataBit)
    GPIO_ResetBits                           0x010003a3   Thumb Code     4  n32wb03x_gpio.o(i.GPIO_ResetBits)
    GPIO_SetBits                             0x010003a7   Thumb Code     4  n32wb03x_gpio.o(i.GPIO_SetBits)
    LPUART_ClrFlag                           0x010003ab   Thumb Code     4  n32wb03x_lpuart.o(i.LPUART_ClrFlag)
    LPUART_GetFlagStatus                     0x010003af   Thumb Code    14  n32wb03x_lpuart.o(i.LPUART_GetFlagStatus)
    LPUART_SendData                          0x010003bd   Thumb Code     4  n32wb03x_lpuart.o(i.LPUART_SendData)
    RCC_EnableAPB2PeriphClk                  0x010003c1   Thumb Code    18  n32wb03x_rcc.o(i.RCC_EnableAPB2PeriphClk)
    SysTick_Handler                          0x010003d9   Thumb Code    10  bsp.o(i.SysTick_Handler)
    SystemCoreClockUpdate                    0x010003e9   Thumb Code     8  system_n32wb03x.o(i.SystemCoreClockUpdate)
    SystemInit                               0x010003f9   Thumb Code   320  system_n32wb03x.o(i.SystemInit)
    SystemTrimValueRead                      0x0100055d   Thumb Code    50  system_n32wb03x.o(i.SystemTrimValueRead)
    SystickGetime                            0x01000595   Thumb Code     6  bsp.o(i.SystickGetime)
    USART1_IRQHandler                        0x010005a1   Thumb Code    24  app_usart.o(i.USART1_IRQHandler)
    USART_GetFlagStatus                      0x010005bd   Thumb Code    14  n32wb03x_usart.o(i.USART_GetFlagStatus)
    __0printf$8                              0x010005cd   Thumb Code    24  printf8.o(i.__0printf$8)
    __1printf$8                              0x010005cd   Thumb Code     0  printf8.o(i.__0printf$8)
    __2printf                                0x010005cd   Thumb Code     0  printf8.o(i.__0printf$8)
    app_usart_rx_data_fifo_enter             0x01000a61   Thumb Code   144  app_usart.o(i.app_usart_rx_data_fifo_enter)
    bsp_DigitronDisplay                      0x01000b0d   Thumb Code   166  bsp_smg.o(i.bsp_DigitronDisplay)
    bsp_DigitronDisplayTime                  0x01000bc1   Thumb Code   120  bsp_smg.o(i.bsp_DigitronDisplayTime)
    bsp_DigitronPowerBrightnessSet           0x01000c39   Thumb Code    38  bsp_smg.o(i.bsp_DigitronPowerBrightnessSet)
    bsp_init                                 0x01000c61   Thumb Code    78  bsp.o(i.bsp_init)
    bsp_key_init                             0x01000cc5   Thumb Code    38  bsp_key.o(i.bsp_key_init)
    bsp_key_scan                             0x01000cf1   Thumb Code   102  bsp_key.o(i.bsp_key_scan)
    bsp_run                                  0x01000d61   Thumb Code    52  bsp.o(i.bsp_run)
    drv_soft_iic_init                        0x01000d99   Thumb Code    86  bsp_smg.o(i.drv_soft_iic_init)
    drv_soft_iic_send_byte                   0x01000df5   Thumb Code    88  bsp_smg.o(i.drv_soft_iic_send_byte)
    drv_soft_iic_start                       0x01000e51   Thumb Code    56  bsp_smg.o(i.drv_soft_iic_start)
    drv_soft_iic_stop                        0x01000e8d   Thumb Code    56  bsp_smg.o(i.drv_soft_iic_stop)
    drv_soft_iic_wait_ack                    0x01000ec9   Thumb Code    82  bsp_smg.o(i.drv_soft_iic_wait_ack)
    fputc                                    0x01000f21   Thumb Code    54  ns_log_lpuart.o(i.fputc)
    main                                     0x01000f61   Thumb Code    10  main.o(i.main)
    usart_rx_check_in_irq                    0x01000f6d   Thumb Code    70  app_usart.o(i.usart_rx_check_in_irq)
    TRIM_READ_CMD_CODE                       0x01000fc0   Data         320  system_n32wb03x.o(.constdata)
    Region$$Table$$Base                      0x01001100   Number         0  anon$$obj.o(Region$$Table)
    Region$$Table$$Limit                     0x01001120   Number         0  anon$$obj.o(Region$$Table)
    rwip_rst_state                           0x20000000   Data           0  symbol_g15.obj ABSOLUTE
    ecc_env                                  0x20000004   Data           0  symbol_g15.obj ABSOLUTE
    aa_gen                                   0x20000010   Data           0  symbol_g15.obj ABSOLUTE
    lld_exp_sync_pos_tab                     0x20000018   Data           0  symbol_g15.obj ABSOLUTE
    sch_slice_params                         0x2000004c   Data           0  symbol_g15.obj ABSOLUTE
    hci_ext_host                             0x20000054   Data           0  symbol_g15.obj ABSOLUTE
    g_modem_flag                             0x20000060   Data           0  symbol_g15.obj ABSOLUTE
    g_clock_src                              0x20000061   Data           0  symbol_g15.obj ABSOLUTE
    g_hci_transport_onff                     0x20000062   Data           0  symbol_g15.obj ABSOLUTE
    g_delay_div_param                        0x20000063   Data           0  symbol_g15.obj ABSOLUTE
    g_delay_us_div_param                     0x20000064   Data           0  symbol_g15.obj ABSOLUTE
    g_loop_test                              0x20000065   Data           0  symbol_g15.obj ABSOLUTE
    g_ota_test                               0x20000066   Data           0  symbol_g15.obj ABSOLUTE
    g_ota_test_mtu_247_dle                   0x20000067   Data           0  symbol_g15.obj ABSOLUTE
    g_cal_hsi_cnt_value                      0x20000068   Data           0  symbol_g15.obj ABSOLUTE
    g_system_hsi_clk                         0x2000006c   Data           0  symbol_g15.obj ABSOLUTE
    g_user_set_stack_start                   0x20000070   Data           0  symbol_g15.obj ABSOLUTE
    g_rwip_patch_addr                        0x20000074   Data           0  symbol_g15.obj ABSOLUTE
    g_phy_2mbps_support                      0x20000078   Data           0  symbol_g15.obj ABSOLUTE
    g_auto_start_data_length_req             0x20000079   Data           0  symbol_g15.obj ABSOLUTE
    g_sleep_sleep_enable                     0x2000007a   Data           0  symbol_g15.obj ABSOLUTE
    g_status_io_stat                         0x2000007b   Data           0  symbol_g15.obj ABSOLUTE
    g_timeoutcnt                             0x2000007c   Data           0  symbol_g15.obj ABSOLUTE
    g_sleep_status_flag                      0x20000080   Data           0  symbol_g15.obj ABSOLUTE
    g_lsi_count_n_syscle                     0x20000084   Data           0  symbol_g15.obj ABSOLUTE
    g_lsi_accuracy                           0x20000088   Data           0  symbol_g15.obj ABSOLUTE
    g_lsi_1_syscle_cal_value                 0x2000008c   Data           0  symbol_g15.obj ABSOLUTE
    g_lsi_1_syscle_cnt_value                 0x20000090   Data           0  symbol_g15.obj ABSOLUTE
    g_recalib_hsi_flag                       0x20000094   Data           0  symbol_g15.obj ABSOLUTE
    g_hsi_accuracy                           0x20000098   Data           0  symbol_g15.obj ABSOLUTE
    g_hci_transport_type                     0x2000009c   Data           0  symbol_g15.obj ABSOLUTE
    g_hci_transport_process                  0x2000009d   Data           0  symbol_g15.obj ABSOLUTE
    acl_flow_ctrl_num                        0x2000009e   Data           0  symbol_g15.obj ABSOLUTE
    acl_flow_ctrl                            0x2000009f   Data           0  symbol_g15.obj ABSOLUTE
    g_acl_tx_sch_interval                    0x200000a0   Data           0  symbol_g15.obj ABSOLUTE
    dma_recv_data_time_window_size           0x200000a4   Data           0  symbol_g15.obj ABSOLUTE
    g_length_2_data_intv                     0x200000a8   Data           0  symbol_g15.obj ABSOLUTE
    g_soft_flow_tx_dummy                     0x200000ac   Data           0  symbol_g15.obj ABSOLUTE
    g_soft_flow_rx_len                       0x200000b0   Data           0  symbol_g15.obj ABSOLUTE
    g_hci_ch_type                            0x200000b2   Data           0  symbol_g15.obj ABSOLUTE
    g_uart_bps                               0x200000b4   Data           0  symbol_g15.obj ABSOLUTE
    g_uart_irq_wakeup_time                   0x200000b8   Data           0  symbol_g15.obj ABSOLUTE
    g_spi_data_ready_2_irq_rise              0x200000bc   Data           0  symbol_g15.obj ABSOLUTE
    g_lpclk_drift                            0x200000c0   Data           0  symbol_g15.obj ABSOLUTE
    g_rc32k_trim                             0x200000c4   Data           0  symbol_g15.obj ABSOLUTE
    g_sch_prog_fifo_iar_branch               0x200000c6   Data           0  symbol_g15.obj ABSOLUTE
    g_sch_arb_insert_branch                  0x200000c7   Data           0  symbol_g15.obj ABSOLUTE
    g_le_coded_phy_500                       0x200000c8   Data           0  symbol_g15.obj ABSOLUTE
    g_app_init_branch                        0x200000c9   Data           0  symbol_g15.obj ABSOLUTE
    g_adv_intv                               0x200000ca   Data           0  symbol_g15.obj ABSOLUTE
    g_twrm                                   0x200000d2   Data           0  symbol_g15.obj ABSOLUTE
    g_twosc                                  0x200000d4   Data           0  symbol_g15.obj ABSOLUTE
    g_twext                                  0x200000d6   Data           0  symbol_g15.obj ABSOLUTE
    rwip_prog_delay                          0x200000d8   Data           0  symbol_g15.obj ABSOLUTE
    g_ramcode_work_flag                      0x200000d9   Data           0  symbol_g15.obj ABSOLUTE
    prf_add_profile_ptr                      0x200000dc   Data           0  symbol_g15.obj ABSOLUTE
    prf_get_task_from_id_ptr                 0x200000e0   Data           0  symbol_g15.obj ABSOLUTE
    prf_get_id_from_task_ptr                 0x200000e4   Data           0  symbol_g15.obj ABSOLUTE
    g_co_default_bdaddr                      0x200000fc   Data           0  symbol_g15.obj ABSOLUTE
    BLE_NORMAL_WIN_SIZE                      0x20000102   Data           0  symbol_g15.obj ABSOLUTE
    BLE_RX_DESC_NB                           0x20000103   Data           0  symbol_g15.obj ABSOLUTE
    RWIP_MINIMUM_SLEEP_TIME                  0x20000104   Data           0  symbol_g15.obj ABSOLUTE
    SCH_SCAN_EVT_DUR_DFT                     0x20000106   Data           0  symbol_g15.obj ABSOLUTE
    llm_local_le_feats                       0x20000108   Data           0  symbol_g15.obj ABSOLUTE
    g_attr_table                             0x20000110   Data           0  symbol_g15.obj ABSOLUTE
    ATTR_TABLE_LENGTH                        0x20000114   Data           0  symbol_g15.obj ABSOLUTE
    g_rwip_heap_env                          0x20000118   Data           0  symbol_g15.obj ABSOLUTE
    g_rwip_heap_env_size                     0x2000011c   Data           0  symbol_g15.obj ABSOLUTE
    g_rwip_heap_db                           0x20000120   Data           0  symbol_g15.obj ABSOLUTE
    g_rwip_heap_db_size                      0x20000124   Data           0  symbol_g15.obj ABSOLUTE
    g_rwip_heap_non_ret                      0x20000128   Data           0  symbol_g15.obj ABSOLUTE
    g_rwip_heap_non_ret_size                 0x2000012c   Data           0  symbol_g15.obj ABSOLUTE
    g_rwip_heap_msg                          0x20000130   Data           0  symbol_g15.obj ABSOLUTE
    g_rwip_heap_msg_size                     0x20000134   Data           0  symbol_g15.obj ABSOLUTE
    utils_recv_buf_ptr                       0x20000138   Data           0  symbol_g15.obj ABSOLUTE
    utils_max_buf_len                        0x2000013c   Data           0  symbol_g15.obj ABSOLUTE
    g_soft_flow_tx_buf                       0x20000140   Data           0  symbol_g15.obj ABSOLUTE
    g_soft_flow_tx_len                       0x20000144   Data           0  symbol_g15.obj ABSOLUTE
    g_app_tx_buf_ptr                         0x20000148   Data           0  symbol_g15.obj ABSOLUTE
    g_app_tx_buf_len                         0x2000014c   Data           0  symbol_g15.obj ABSOLUTE
    g_app_bone_table_ptr                     0x20000150   Data           0  symbol_g15.obj ABSOLUTE
    g_app_bone_table_size                    0x20000154   Data           0  symbol_g15.obj ABSOLUTE
    g_soft_flow_tx_callback                  0x2000015c   Data           0  symbol_g15.obj ABSOLUTE
    utils_recv_len                           0x20000160   Data           0  symbol_g15.obj ABSOLUTE
    g_recv_len                               0x20000162   Data           0  symbol_g15.obj ABSOLUTE
    s_dma_spis_set_rx_len                    0x2000018c   Data           0  symbol_g15.obj ABSOLUTE
    s_dma_spis_set_tx_len                    0x2000018e   Data           0  symbol_g15.obj ABSOLUTE
    s_dma_lpuart_set_len                     0x20000190   Data           0  symbol_g15.obj ABSOLUTE
    TASK_DESC_APP_SEC                        0x20000194   Data           0  symbol_g15.obj ABSOLUTE
    g_version                                0x200001a1   Data           0  symbol_g15.obj ABSOLUTE
    ota_test_mode                            0x200001a8   Data           0  symbol_g15.obj ABSOLUTE
    ota_send_num_idx                         0x200001ac   Data           0  symbol_g15.obj ABSOLUTE
    gattc_state                              0x200001b0   Data           0  symbol_g15.obj ABSOLUTE
    gattm_state                              0x200001b4   Data           0  symbol_g15.obj ABSOLUTE
    gapc_state                               0x200001b5   Data           0  symbol_g15.obj ABSOLUTE
    gapm_state                               0x200001b9   Data           0  symbol_g15.obj ABSOLUTE
    l2cc_state                               0x200001ba   Data           0  symbol_g15.obj ABSOLUTE
    ahi_state                                0x200001be   Data           0  symbol_g15.obj ABSOLUTE
    __stdout                                 0x200001c4   Data           0  symbol_g15.obj ABSOLUTE
    ke_env                                   0x200001c8   Data           0  symbol_g15.obj ABSOLUTE
    rwip_rf                                  0x20000274   Data           0  symbol_g15.obj ABSOLUTE
    rwip_env                                 0x200002a8   Data           0  symbol_g15.obj ABSOLUTE
    aes_env                                  0x200002c8   Data           0  symbol_g15.obj ABSOLUTE
    llc_env                                  0x200002fc   Data           0  symbol_g15.obj ABSOLUTE
    lld_env                                  0x2000030c   Data           0  symbol_g15.obj ABSOLUTE
    lld_sync_env                             0x20000430   Data           0  symbol_g15.obj ABSOLUTE
    llm_env                                  0x20000440   Data           0  symbol_g15.obj ABSOLUTE
    hci_env                                  0x20000978   Data           0  symbol_g15.obj ABSOLUTE
    hci_tl_acl_env                           0x200009b4   Data           0  symbol_g15.obj ABSOLUTE
    utils_env                                0x20000a3c   Data           0  symbol_g15.obj ABSOLUTE
    user_prf_env                             0x20000b30   Data           0  symbol_g15.obj ABSOLUTE
    gattc_env                                0x20000b58   Data           0  symbol_g15.obj ABSOLUTE
    gattm_env                                0x20000b68   Data           0  symbol_g15.obj ABSOLUTE
    gapc_env                                 0x20000ba0   Data           0  symbol_g15.obj ABSOLUTE
    gapm_env                                 0x20000bb0   Data           0  symbol_g15.obj ABSOLUTE
    l2cc_env                                 0x20000c00   Data           0  symbol_g15.obj ABSOLUTE
    l2cm_env                                 0x20000c10   Data           0  symbol_g15.obj ABSOLUTE
    ahi_env                                  0x20000ce4   Data           0  symbol_g15.obj ABSOLUTE
    SystemCoreClock                          0x20004000   Data           4  system_n32wb03x.o(.data)
    usart_sending                            0x20004008   Data           1  app_usart.o(.data)
    ble_sending                              0x20004009   Data           1  app_usart.o(.data)
    rx_old_pos                               0x2000400a   Data           2  app_usart.o(.data)
    ble_att_mtu                              0x2000400c   Data           2  app_usart.o(.data)
    usart_rx_fifo_in                         0x20004010   Data           4  app_usart.o(.data)
    usart_rx_fifo_out                        0x20004014   Data           4  app_usart.o(.data)
    usart_tx_fifo_in                         0x20004018   Data           4  app_usart.o(.data)
    usart_tx_fifo_out                        0x2000401c   Data           4  app_usart.o(.data)
    Tick_num                                 0x20004020   Data           4  bsp.o(.data)
    trim_stored                              0x2000404c   Data          52  system_n32wb03x.o(.bss)
    USART_rx_dma_buf                         0x20004080   Data         256  app_usart.o(.bss)
    usart_rx_fifo_buf                        0x20004180   Data        1000  app_usart.o(.bss)
    usart_tx_fifo_buf                        0x20004568   Data        1000  app_usart.o(.bss)
    __initial_sp                             0x20005150   Data           0  startup_n32wb03x.o(STACK)



==============================================================================

Memory Map of the image

  Image Entry point : 0x010000c1

  Load Region LR_IROM1 (Base: 0x01000000, Size: 0x0000116c, Max: 0x00040000, ABSOLUTE)

    Execution Region ER_IROM1 (Base: 0x01000000, Size: 0x00001120, Max: 0x00040000, ABSOLUTE)

    Base Addr    Size         Type   Attr      Idx    E Section Name        Object

    0x01000000   0x000000c0   Data   RO            3    RESET               startup_n32wb03x.o
    0x010000c0   0x00000000   Code   RO         4586  * .ARM.Collect$$$$00000000  mc_p.l(entry.o)
    0x010000c0   0x00000004   Code   RO         4891    .ARM.Collect$$$$00000001  mc_p.l(entry2.o)
    0x010000c4   0x00000004   Code   RO         4894    .ARM.Collect$$$$00000004  mc_p.l(entry5.o)
    0x010000c8   0x00000000   Code   RO         4896    .ARM.Collect$$$$00000008  mc_p.l(entry7b.o)
    0x010000c8   0x00000000   Code   RO         4898    .ARM.Collect$$$$0000000A  mc_p.l(entry8b.o)
    0x010000c8   0x00000008   Code   RO         4899    .ARM.Collect$$$$0000000B  mc_p.l(entry9a.o)
    0x010000d0   0x00000000   Code   RO         4901    .ARM.Collect$$$$0000000D  mc_p.l(entry10a.o)
    0x010000d0   0x00000000   Code   RO         4903    .ARM.Collect$$$$0000000F  mc_p.l(entry11a.o)
    0x010000d0   0x00000004   Code   RO         4892    .ARM.Collect$$$$00002712  mc_p.l(entry2.o)
    0x010000d4   0x0000000e   Code   RO           10    .emb_text           system_n32wb03x.o
    0x010000e2   0x00000002   PAD
    0x010000e4   0x0000001c   Code   RO            4    .text               startup_n32wb03x.o
    0x01000100   0x0000002c   Code   RO         4589    .text               mc_p.l(uidiv.o)
    0x0100012c   0x00000028   Code   RO         4591    .text               mc_p.l(idiv.o)
    0x01000154   0x00000060   Code   RO         4593    .text               mc_p.l(uldiv.o)
    0x010001b4   0x00000024   Code   RO         4598    .text               mc_p.l(memcpya.o)
    0x010001d8   0x00000020   Code   RO         4905    .text               mc_p.l(llshl.o)
    0x010001f8   0x00000022   Code   RO         4907    .text               mc_p.l(llushr.o)
    0x0100021a   0x00000002   PAD
    0x0100021c   0x00000024   Code   RO         4924    .text               mc_p.l(init.o)
    0x01000240   0x00000068   Code   RO         4275    i.DMA_Channel1_2_3_4_IRQHandler  app_usart.o
    0x010002a8   0x00000004   Code   RO          481    i.DMA_ClearFlag     n32wb03x_dma.o
    0x010002ac   0x00000006   Code   RO          486    i.DMA_GetCurrDataCounter  n32wb03x_dma.o
    0x010002b2   0x0000000e   Code   RO          487    i.DMA_GetFlagStatus  n32wb03x_dma.o
    0x010002c0   0x000000b8   Code   RO          628    i.GPIO_InitPeripheral  n32wb03x_gpio.o
    0x01000378   0x0000001c   Code   RO          629    i.GPIO_InitStruct   n32wb03x_gpio.o
    0x01000394   0x0000000e   Code   RO          631    i.GPIO_ReadInputDataBit  n32wb03x_gpio.o
    0x010003a2   0x00000004   Code   RO          634    i.GPIO_ResetBits    n32wb03x_gpio.o
    0x010003a6   0x00000004   Code   RO          635    i.GPIO_SetBits      n32wb03x_gpio.o
    0x010003aa   0x00000004   Code   RO         1830    i.LPUART_ClrFlag    n32wb03x_lpuart.o
    0x010003ae   0x0000000e   Code   RO         1841    i.LPUART_GetFlagStatus  n32wb03x_lpuart.o
    0x010003bc   0x00000004   Code   RO         1845    i.LPUART_SendData   n32wb03x_lpuart.o
    0x010003c0   0x00000018   Code   RO          760    i.RCC_EnableAPB2PeriphClk  n32wb03x_rcc.o
    0x010003d8   0x00000010   Code   RO         4435    i.SysTick_Handler   bsp.o
    0x010003e8   0x00000010   Code   RO           11    i.SystemCoreClockUpdate  system_n32wb03x.o
    0x010003f8   0x00000164   Code   RO           14    i.SystemInit        system_n32wb03x.o
    0x0100055c   0x00000038   Code   RO           16    i.SystemTrimValueRead  system_n32wb03x.o
    0x01000594   0x0000000c   Code   RO         4436    i.SystickGetime     bsp.o
    0x010005a0   0x0000001c   Code   RO         4280    i.USART1_IRQHandler  app_usart.o
    0x010005bc   0x0000000e   Code   RO         1526    i.USART_GetFlagStatus  n32wb03x_usart.o
    0x010005ca   0x00000002   PAD
    0x010005cc   0x00000020   Code   RO         4813    i.__0printf$8       mc_p.l(printf8.o)
    0x010005ec   0x00000428   Code   RO         4820    i._printf_core      mc_p.l(printf8.o)
    0x01000a14   0x00000020   Code   RO         4821    i._printf_post_padding  mc_p.l(printf8.o)
    0x01000a34   0x0000002c   Code   RO         4822    i._printf_pre_padding  mc_p.l(printf8.o)
    0x01000a60   0x000000ac   Code   RO         4283    i.app_usart_rx_data_fifo_enter  app_usart.o
    0x01000b0c   0x000000b4   Code   RO         4484    i.bsp_DigitronDisplay  bsp_smg.o
    0x01000bc0   0x00000078   Code   RO         4485    i.bsp_DigitronDisplayTime  bsp_smg.o
    0x01000c38   0x00000026   Code   RO         4486    i.bsp_DigitronPowerBrightnessSet  bsp_smg.o
    0x01000c5e   0x00000002   PAD
    0x01000c60   0x00000064   Code   RO         4437    i.bsp_init          bsp.o
    0x01000cc4   0x0000002c   Code   RO         4564    i.bsp_key_init      bsp_key.o
    0x01000cf0   0x00000070   Code   RO         4565    i.bsp_key_scan      bsp_key.o
    0x01000d60   0x00000038   Code   RO         4438    i.bsp_run           bsp.o
    0x01000d98   0x0000005c   Code   RO         4489    i.drv_soft_iic_init  bsp_smg.o
    0x01000df4   0x0000005c   Code   RO         4492    i.drv_soft_iic_send_byte  bsp_smg.o
    0x01000e50   0x0000003c   Code   RO         4493    i.drv_soft_iic_start  bsp_smg.o
    0x01000e8c   0x0000003c   Code   RO         4494    i.drv_soft_iic_stop  bsp_smg.o
    0x01000ec8   0x00000058   Code   RO         4495    i.drv_soft_iic_wait_ack  bsp_smg.o
    0x01000f20   0x00000040   Code   RO         3092    i.fputc             ns_log_lpuart.o
    0x01000f60   0x0000000a   Code   RO         4378    i.main              main.o
    0x01000f6a   0x00000002   PAD
    0x01000f6c   0x00000054   Code   RO         4287    i.usart_rx_check_in_irq  app_usart.o
    0x01000fc0   0x00000140   Data   RO           19    .constdata          system_n32wb03x.o
    0x01001100   0x00000020   Data   RO         4926    Region$$Table       anon$$obj.o


    Execution Region RW_IRAM1 (Base: 0x20004000, Size: 0x00001150, Max: 0x00008000, ABSOLUTE)

    Base Addr    Size         Type   Attr      Idx    E Section Name        Object

    0x20004000   0x00000004   Data   RW           20    .data               system_n32wb03x.o
    0x20004004   0x00000001   Data   RW         3095    .data               ns_log_lpuart.o
    0x20004005   0x00000003   PAD
    0x20004008   0x00000018   Data   RW         4291    .data               app_usart.o
    0x20004020   0x00000008   Data   RW         4439    .data               bsp.o
    0x20004028   0x00000014   Data   RW         4496    .data               bsp_smg.o
    0x2000403c   0x00000010   Data   RW         4566    .data               bsp_key.o
    0x2000404c   0x00000034   Zero   RW           18    .bss                system_n32wb03x.o
    0x20004080   0x000008d0   Zero   RW         4290    .bss                app_usart.o
    0x20004950   0x00000800   Zero   RW            1    STACK               startup_n32wb03x.o


==============================================================================

Image component sizes


      Code (inc. data)   RO Data    RW Data    ZI Data      Debug   Object Name

       388         60          0         24       2256       4391   app_usart.o
       184         38          0          8          0       9206   bsp.o
       156         16          0         16          0       1242   bsp_key.o
       730         38          0         20          0       5521   bsp_smg.o
         0          0          0          0          0       1260   lib_att.o
        10          0          0          0          0        399   main.o
        24          0          0          0          0       2785   n32wb03x_dma.o
       234          6          0          0          0       3912   n32wb03x_gpio.o
        22          0          0          0          0       2810   n32wb03x_lpuart.o
        24          6          0          0          0        606   n32wb03x_rcc.o
        14          0          0          0          0       2078   n32wb03x_usart.o
        64         10          0          1          0        692   ns_log_lpuart.o
        28          8        192          0       2048        688   startup_n32wb03x.o
       442         50        320          4         52     119636   system_n32wb03x.o

    ----------------------------------------------------------------------
      2328        232        544         76       4356     155226   Object Totals
         0          0         32          0          0          0   (incl. Generated)
         8          0          0          3          0          0   (incl. Padding)

    ----------------------------------------------------------------------

      Code (inc. data)   RO Data    RW Data    ZI Data      Debug   Library Member Name

         0          0          0          0          0          0   entry.o
         0          0          0          0          0          0   entry10a.o
         0          0          0          0          0          0   entry11a.o
         8          4          0          0          0          0   entry2.o
         4          0          0          0          0          0   entry5.o
         0          0          0          0          0          0   entry7b.o
         0          0          0          0          0          0   entry8b.o
         8          4          0          0          0          0   entry9a.o
        40          0          0          0          0         72   idiv.o
        36          8          0          0          0         68   init.o
        32          0          0          0          0         68   llshl.o
        34          0          0          0          0         68   llushr.o
        36          0          0          0          0         60   memcpya.o
      1172         52          0          0          0        324   printf8.o
        44          0          0          0          0         72   uidiv.o
        96          0          0          0          0         84   uldiv.o

    ----------------------------------------------------------------------
      1512         68          0          0          0        816   Library Totals
         2          0          0          0          0          0   (incl. Padding)

    ----------------------------------------------------------------------

      Code (inc. data)   RO Data    RW Data    ZI Data      Debug   Library Name

      1510         68          0          0          0        816   mc_p.l

    ----------------------------------------------------------------------
      1512         68          0          0          0        816   Library Totals

    ----------------------------------------------------------------------

==============================================================================


      Code (inc. data)   RO Data    RW Data    ZI Data      Debug   

      3840        300        544         76       4356     154134   Grand Totals
      3840        300        544         76       4356     154134   ELF Image Totals
      3840        300        544         76          0          0   ROM Totals

==============================================================================

    Total RO  Size (Code + RO Data)                 4384 (   4.28kB)
    Total RW  Size (RW Data + ZI Data)              4432 (   4.33kB)
    Total ROM Size (Code + RO Data + RW Data)       4460 (   4.36kB)

==============================================================================

