<html>
<body>
<pre>
<h1>µVision Build Log</h1>
<h2>Tool Versions:</h2>
IDE-Version: ¦ÌVision V5.14.2
Copyright (C) 2015 ARM Ltd and ARM Germany GmbH. All rights reserved.
License Information: Cortex-M0, aa, LIC=9WSKC-7KB34-12JLE-59LA7-M33TN-YZMAP
 
Tool Versions:
Toolchain:       MDK-ARM Standard  Version: 5.26.2.0
Toolchain Path:  D:\software\major\keil526\ARM\ARMCC\Bin
C Compiler:      Armcc.exe V5.06 update 6 (build 750)
Assembler:       Armasm.exe V5.06 update 6 (build 750)
Linker/Locator:  ArmLink.exe V5.06 update 6 (build 750)
Library Manager: ArmAr.exe V5.06 update 6 (build 750)
Hex Converter:   FromElf.exe V5.06 update 6 (build 750)
CPU DLL:         SARMCM3.DLL V5.26.2.0
Dialog DLL:      DARMCM1.DLL V1.19.1.0
Target DLL:      STLink\ST-LINKIII-KEIL_SWO.dll V3.0.5.0
Dialog DLL:      TARMCM1.DLL V1.14.0.0
 
<h2>Project:</h2>
E:\MCU\my_blue_control_rtdss\applications\MDK-ARM\rdtss.uvprojx
Project File Date:  04/03/2025

<h2>Output:</h2>
*** Using Compiler 'V5.06 update 6 (build 750)', folder: 'D:\software\major\keil526\ARM\ARMCC\Bin'
Rebuild target 'N32WB03x'
assembling startup_n32wb03x.s...
compiling system_n32wb03x.c...
compiling misc.c...
compiling n32wb03x_adc.c...
compiling n32wb03x_crc.c...
compiling n32wb03x_dma.c...
compiling n32wb03x_exti.c...
compiling n32wb03x_gpio.c...
compiling n32wb03x_rcc.c...
compiling n32wb03x_tim.c...
compiling n32wb03x_usart.c...
compiling n32wb03x_spi.c...
compiling n32wb03x_lpuart.c...
compiling n32wb03x_qflash.c...
compiling lib_att.c...
compiling rwip.c...
compiling rwip_driver.c...
compiling prf.c...
compiling prf_utils.c...
compiling diss.c...
compiling diss_task.c...
compiling bass.c...
compiling bass_task.c...
compiling rdtss.c...
compiling rdtss_task.c...
compiling rdts_common.c...
compiling ns_log_lpuart.c...
compiling ns_sleep.c...
compiling ns_error.c...
compiling ns_timer.c...
compiling ns_sec.c...
compiling ns_ble.c...
compiling ns_ble_task.c...
compiling app_batt.c...
compiling app_dis.c...
compiling app_ns_ius.c...
compiling app_rdtss.c...
compiling app_ble.c...
compiling app_usart.c...
compiling main.c...
compiling bsp_gpio.c...
compiling bsp.c...
..\bsp\src\bsp.c(1): warning:  #1-D: last line of file ends without a newline
  #include "bsp.h"
..\bsp\inc\bsp.h(15): warning:  #1-D: last line of file ends without a newline
  #endif
..\bsp\inc\bsp.h(15): warning:  #1-D: last line of file ends without a newline
  #endif
..\bsp\src\bsp.c: 3 warnings, 0 errors
compiling bsp_smg.c...
..\bsp\inc\bsp.h(15): warning:  #1-D: last line of file ends without a newline
  #endif
..\bsp\src\bsp_smg.c(42): warning:  #223-D: function "delay_n_10us" declared implicitly
      delay_n_10us(1);
..\bsp\src\bsp_smg.c(54): warning:  #223-D: function "delay_n_10us" declared implicitly
      delay_n_10us(1);
..\bsp\src\bsp_smg.c(70): warning:  #223-D: function "delay_n_10us" declared implicitly
      delay_n_10us(1);
..\bsp\src\bsp_smg.c(91): warning:  #223-D: function "delay_n_10us" declared implicitly
      delay_n_10us(1);
..\bsp\src\bsp_smg.c(101): warning:  #223-D: function "delay_n_10us" declared implicitly
      delay_n_10us(1);
..\bsp\src\bsp_smg.c(123): warning:  #223-D: function "delay_n_10us" declared implicitly
          delay_n_10us(1);
..\bsp\src\bsp_smg.c(139): warning:  #223-D: function "delay_n_10us" declared implicitly
          delay_n_10us(1);
..\bsp\src\bsp_smg.c: 8 warnings, 0 errors
linking...
Program Size: Code=21528 RO-data=4408 RW-data=340 ZI-data=6052  
After Build - User command #1: fromelf --bin --output=.\bin\rdts.bin .\Objects\rdts.axf
".\Objects\rdts.axf" - 0 Error(s), 11 Warning(s).

<h2>Collection of Component include folders:</h2>
  E:\MCU\my_blue_control_rtdss\applications\MDK-ARM\RTE
  D:\software\major\keil526\ARM\PACK\Nationstech\N32WB03X_DFP\1.1.0\firmware\CMSIS\device

<h2>Collection of Component Files used:</h2>
</pre>
</body>
</html>
