<html>
<body>
<pre>
<h1>µVision Build Log</h1>
<h2>Tool Versions:</h2>
IDE-Version: ¦ÌVision V5.14.2
Copyright (C) 2015 ARM Ltd and ARM Germany GmbH. All rights reserved.
License Information: a Jabin, aa, LIC=9WSKC-7KB34-12JLE-59LA7-M33TN-YZMAP
 
Tool Versions:
Toolchain:       MDK-ARM Standard  Version: 5.26.2.0
Toolchain Path:  D:\software\major\keil526\ARM\ARMCC\Bin
C Compiler:      Armcc.exe V5.06 update 6 (build 750)
Assembler:       Armasm.exe V5.06 update 6 (build 750)
Linker/Locator:  ArmLink.exe V5.06 update 6 (build 750)
Library Manager: ArmAr.exe V5.06 update 6 (build 750)
Hex Converter:   FromElf.exe V5.06 update 6 (build 750)
CPU DLL:         SARMCM3.DLL V5.26.2.0
Dialog DLL:      DARMCM1.DLL V1.19.1.0
Target DLL:      STLink\ST-LINKIII-KEIL_SWO.dll V3.0.5.0
Dialog DLL:      TARMCM1.DLL V1.14.0.0
 
<h2>Project:</h2>
E:\MCU\my_blue_control_rtdss\applications\MDK-ARM\rdtss.uvprojx
Project File Date:  04/05/2025

<h2>Output:</h2>
*** Using Compiler 'V5.06 update 6 (build 750)', folder: 'D:\software\major\keil526\ARM\ARMCC\Bin'
Build target 'N32WB03x'
compiling bsp_key.c...
..\bsp\inc\bsp_key.h(22): warning:  #1-D: last line of file ends without a newline
  #endif // !__BSP_KEY_H__
..\bsp\src\bsp_key.c(100): warning:  #1-D: last line of file ends without a newline
  }
..\bsp\src\bsp_key.c: 2 warnings, 0 errors
linking...
Program Size: Code=22624 RO-data=4408 RW-data=388 ZI-data=6052  
After Build - User command #1: fromelf --bin --output=.\bin\rdts.bin .\Objects\rdts.axf
".\Objects\rdts.axf" - 0 Error(s), 2 Warning(s).

<h2>Collection of Component include folders:</h2>
  E:\MCU\my_blue_control_rtdss\applications\MDK-ARM\RTE
  D:\software\major\keil526\ARM\PACK\Nationstech\N32WB03X_DFP\1.1.0\firmware\CMSIS\device

<h2>Collection of Component Files used:</h2>
</pre>
</body>
</html>
